14:05:48 **** Incremental Build of configuration Debug for project blink ****
make -j8 all 
make: Nothing to be done for 'all'.
14:05:52 **** Incremental Build of configuration Debug for project blink ****
make -j8 all 
make: Nothing to be done for 'all'.
14:06:27 **** Incremental Build of configuration Debug for project blink ****
make -j8 all 
make: Nothing to be done for 'all'.
14:08:23 **** Incremental Build of configuration Debug for project blink ****
make -j8 all 
Building file: ../src/HX711.c
Invoking: MCU GCC Compiler
C:\Users\pawar\Documents\School\ECE477\microcontroller\blink\Debug
arm-none-eabi-gcc -mcpu=cortex-m3 -mthumb -mfloat-abi=soft -DSTM32 -DSTM32L1 -DSTM32L152RCTx -DSTM32L152C_DISCO -DDEBUG -DSTM32L1XX_MDP -DUSE_STDPERIPH_DRIVER -I"C:/Users/pawar/Documents/School/ECE477/microcontroller/blink/Utilities" -I"C:/Users/pawar/Documents/School/ECE477/microcontroller/blink/StdPeriph_Driver/inc" -I"C:/Users/pawar/Documents/School/ECE477/microcontroller/blink/inc" -I"C:/Users/pawar/Documents/School/ECE477/microcontroller/blink/CMSIS/device" -I"C:/Users/pawar/Documents/School/ECE477/microcontroller/blink/CMSIS/core" -O0 -g3 -Wall -fmessage-length=0 -ffunction-sections -c -MMD -MP -MF"src/HX711.d" -MT"src/HX711.o" -o "src/HX711.o" "../src/HX711.c"
Finished building: ../src/HX711.c
 
Building target: blink.elf
Invoking: MCU GCC Linker
arm-none-eabi-gcc -mcpu=cortex-m3 -mthumb -mfloat-abi=soft -T"C:/Users/pawar/Documents/School/ECE477/microcontroller/blink/LinkerScript.ld" -Wl,-Map=output.map -Wl,--gc-sections -o "blink.elf" @"objects.list"   -lm
Finished building target: blink.elf
 
make --no-print-directory post-build
Generating binary and Printing size information:
arm-none-eabi-objcopy -O binary "blink.elf" "blink.bin"
arm-none-eabi-size "blink.elf"
   text	   data	    bss	    dec	    hex	filename
   8984	   2152	    596	  11732	   2dd4	blink.elf
 
14:11:45 **** Incremental Build of configuration Debug for project blink ****
make -j8 all 
Building file: ../src/HX711.c
Building file: ../src/main.c
Invoking: MCU GCC Compiler
Invoking: MCU GCC Compiler
C:\Users\pawar\Documents\School\ECE477\microcontroller\blink\Debug
arm-none-eabi-gcc -mcpu=cortex-m3 -mthumb -mfloat-abi=soft -DSTM32 -DSTM32L1 -DSTM32L152RCTx -DSTM32L152C_DISCO -DDEBUG -DSTM32L1XX_MDP -DUSE_STDPERIPH_DRIVER -I"C:/Users/pawar/Documents/School/ECE477/microcontroller/blink/Utilities" -I"C:/Users/pawar/Documents/School/ECE477/microcontroller/blink/StdPeriph_Driver/inc" -I"C:/Users/pawar/Documents/School/ECE477/microcontroller/blink/inc" -I"C:/Users/pawar/Documents/School/ECE477/microcontroller/blink/CMSIS/device" -I"C:/Users/pawar/Documents/School/ECE477/microcontroller/blink/CMSIS/core" -O0 -g3 -Wall -fmessage-length=0 -ffunction-sections -c -MMD -MP -MF"src/HX711.d" -MT"src/HX711.o" -o "src/HX711.o" "../src/HX711.c"
C:\Users\pawar\Documents\School\ECE477\microcontroller\blink\Debug
arm-none-eabi-gcc -mcpu=cortex-m3 -mthumb -mfloat-abi=soft -DSTM32 -DSTM32L1 -DSTM32L152RCTx -DSTM32L152C_DISCO -DDEBUG -DSTM32L1XX_MDP -DUSE_STDPERIPH_DRIVER -I"C:/Users/pawar/Documents/School/ECE477/microcontroller/blink/Utilities" -I"C:/Users/pawar/Documents/School/ECE477/microcontroller/blink/StdPeriph_Driver/inc" -I"C:/Users/pawar/Documents/School/ECE477/microcontroller/blink/inc" -I"C:/Users/pawar/Documents/School/ECE477/microcontroller/blink/CMSIS/device" -I"C:/Users/pawar/Documents/School/ECE477/microcontroller/blink/CMSIS/core" -O0 -g3 -Wall -fmessage-length=0 -ffunction-sections -c -MMD -MP -MF"src/main.d" -MT"src/main.o" -o "src/main.o" "../src/main.c"
../src/main.c: In function 'main':
../src/main.c:79:2: error: expected ';' before '}' token
  }
  ^
../src/main.c:64:6: warning: unused variable 'flag' [-Wunused-variable]
  int flag = 1;
      ^~~~
../src/main.c:62:16: warning: variable 'weight' set but not used [-Wunused-but-set-variable]
  unsigned long weight;
                ^~~~~~
src/subdir.mk:30: recipe for target 'src/main.o' failed
make: *** [src/main.o] Error 1
make: *** Waiting for unfinished jobs....
Finished building: ../src/HX711.c
 
14:12:03 **** Incremental Build of configuration Debug for project blink ****
make -j8 all 
Building file: ../src/main.c
Invoking: MCU GCC Compiler
C:\Users\pawar\Documents\School\ECE477\microcontroller\blink\Debug
arm-none-eabi-gcc -mcpu=cortex-m3 -mthumb -mfloat-abi=soft -DSTM32 -DSTM32L1 -DSTM32L152RCTx -DSTM32L152C_DISCO -DDEBUG -DSTM32L1XX_MDP -DUSE_STDPERIPH_DRIVER -I"C:/Users/pawar/Documents/School/ECE477/microcontroller/blink/Utilities" -I"C:/Users/pawar/Documents/School/ECE477/microcontroller/blink/StdPeriph_Driver/inc" -I"C:/Users/pawar/Documents/School/ECE477/microcontroller/blink/inc" -I"C:/Users/pawar/Documents/School/ECE477/microcontroller/blink/CMSIS/device" -I"C:/Users/pawar/Documents/School/ECE477/microcontroller/blink/CMSIS/core" -O0 -g3 -Wall -fmessage-length=0 -ffunction-sections -c -MMD -MP -MF"src/main.d" -MT"src/main.o" -o "src/main.o" "../src/main.c"
../src/main.c: In function 'main':
../src/main.c:64:6: warning: unused variable 'flag' [-Wunused-variable]
  int flag = 1;
      ^~~~
../src/main.c:62:16: warning: variable 'weight' set but not used [-Wunused-but-set-variable]
  unsigned long weight;
                ^~~~~~
Finished building: ../src/main.c
 
Building target: blink.elf
Invoking: MCU GCC Linker
arm-none-eabi-gcc -mcpu=cortex-m3 -mthumb -mfloat-abi=soft -T"C:/Users/pawar/Documents/School/ECE477/microcontroller/blink/LinkerScript.ld" -Wl,-Map=output.map -Wl,--gc-sections -o "blink.elf" @"objects.list"   -lm
Finished building target: blink.elf
 
make --no-print-directory post-build
Generating binary and Printing size information:
arm-none-eabi-objcopy -O binary "blink.elf" "blink.bin"
arm-none-eabi-size "blink.elf"
   text	   data	    bss	    dec	    hex	filename
   8956	   2152	    596	  11704	   2db8	blink.elf
 
16:25:45 **** Incremental Build of configuration Debug for project blink ****
make -j8 all 
Building file: ../src/main.c
Invoking: MCU GCC Compiler
C:\Users\pawar\Documents\School\ECE477\microcontroller\blink\Debug
arm-none-eabi-gcc -mcpu=cortex-m3 -mthumb -mfloat-abi=soft -DSTM32 -DSTM32L1 -DSTM32L152RCTx -DSTM32L152C_DISCO -DDEBUG -DSTM32L1XX_MDP -DUSE_STDPERIPH_DRIVER -I"C:/Users/pawar/Documents/School/ECE477/microcontroller/blink/Utilities" -I"C:/Users/pawar/Documents/School/ECE477/microcontroller/blink/StdPeriph_Driver/inc" -I"C:/Users/pawar/Documents/School/ECE477/microcontroller/blink/inc" -I"C:/Users/pawar/Documents/School/ECE477/microcontroller/blink/CMSIS/device" -I"C:/Users/pawar/Documents/School/ECE477/microcontroller/blink/CMSIS/core" -O0 -g3 -Wall -fmessage-length=0 -ffunction-sections -c -MMD -MP -MF"src/main.d" -MT"src/main.o" -o "src/main.o" "../src/main.c"
../src/main.c: In function 'main':
../src/main.c:64:6: warning: unused variable 'flag' [-Wunused-variable]
  int flag = 1;
      ^~~~
../src/main.c:63:16: warning: variable 'count_t' set but not used [-Wunused-but-set-variable]
  unsigned long count_t;
                ^~~~~~~
../src/main.c:62:16: warning: unused variable 'weight' [-Wunused-variable]
  unsigned long weight;
                ^~~~~~
Finished building: ../src/main.c
 
Building target: blink.elf
Invoking: MCU GCC Linker
arm-none-eabi-gcc -mcpu=cortex-m3 -mthumb -mfloat-abi=soft -T"C:/Users/pawar/Documents/School/ECE477/microcontroller/blink/LinkerScript.ld" -Wl,-Map=output.map -Wl,--gc-sections -o "blink.elf" @"objects.list"   -lm
Finished building target: blink.elf
 
make --no-print-directory post-build
Generating binary and Printing size information:
arm-none-eabi-objcopy -O binary "blink.elf" "blink.bin"
arm-none-eabi-size "blink.elf"
   text	   data	    bss	    dec	    hex	filename
   6848	   2152	    596	   9596	   257c	blink.elf
 
16:26:02 **** Incremental Build of configuration Debug for project blink ****
make -j8 all 
make: Nothing to be done for 'all'.
16:26:31 **** Incremental Build of configuration Debug for project blink ****
make -j8 all 
make: Nothing to be done for 'all'.
16:31:22 **** Incremental Build of configuration Debug for project blink ****
make -j8 all 
make: Nothing to be done for 'all'.
16:32:28 **** Incremental Build of configuration Debug for project blink ****
make -j8 all 
Building file: ../src/HX711.c
Invoking: MCU GCC Compiler
C:\Users\pawar\Documents\School\ECE477\microcontroller\blink\Debug
arm-none-eabi-gcc -mcpu=cortex-m3 -mthumb -mfloat-abi=soft -DSTM32 -DSTM32L1 -DSTM32L152RCTx -DSTM32L152C_DISCO -DDEBUG -DSTM32L1XX_MDP -DUSE_STDPERIPH_DRIVER -I"C:/Users/pawar/Documents/School/ECE477/microcontroller/blink/Utilities" -I"C:/Users/pawar/Documents/School/ECE477/microcontroller/blink/StdPeriph_Driver/inc" -I"C:/Users/pawar/Documents/School/ECE477/microcontroller/blink/inc" -I"C:/Users/pawar/Documents/School/ECE477/microcontroller/blink/CMSIS/device" -I"C:/Users/pawar/Documents/School/ECE477/microcontroller/blink/CMSIS/core" -O0 -g3 -Wall -fmessage-length=0 -ffunction-sections -c -MMD -MP -MF"src/HX711.d" -MT"src/HX711.o" -o "src/HX711.o" "../src/HX711.c"
Finished building: ../src/HX711.c
 
Building target: blink.elf
Invoking: MCU GCC Linker
arm-none-eabi-gcc -mcpu=cortex-m3 -mthumb -mfloat-abi=soft -T"C:/Users/pawar/Documents/School/ECE477/microcontroller/blink/LinkerScript.ld" -Wl,-Map=output.map -Wl,--gc-sections -o "blink.elf" @"objects.list"   -lm
Finished building target: blink.elf
 
make --no-print-directory post-build
Generating binary and Printing size information:
arm-none-eabi-objcopy -O binary "blink.elf" "blink.bin"
arm-none-eabi-size "blink.elf"
   text	   data	    bss	    dec	    hex	filename
   6856	   2152	    596	   9604	   2584	blink.elf
 
16:40:18 **** Incremental Build of configuration Debug for project blink ****
make -j8 all 
make: Nothing to be done for 'all'.
16:57:16 **** Incremental Build of configuration Debug for project blink ****
make -j8 all 
Building file: ../src/HX711.c
Building file: ../src/main.c
Invoking: MCU GCC Compiler
Invoking: MCU GCC Compiler
C:\Users\pawar\Documents\School\ECE477\microcontroller\blink\Debug
arm-none-eabi-gcc -mcpu=cortex-m3 -mthumb -mfloat-abi=soft -DSTM32 -DSTM32L1 -DSTM32L152RCTx -DSTM32L152C_DISCO -DDEBUG -DSTM32L1XX_MDP -DUSE_STDPERIPH_DRIVER -I"C:/Users/pawar/Documents/School/ECE477/microcontroller/blink/Utilities" -I"C:/Users/pawar/Documents/School/ECE477/microcontroller/blink/StdPeriph_Driver/inc" -I"C:/Users/pawar/Documents/School/ECE477/microcontroller/blink/inc" -I"C:/Users/pawar/Documents/School/ECE477/microcontroller/blink/CMSIS/device" -I"C:/Users/pawar/Documents/School/ECE477/microcontroller/blink/CMSIS/core" -O0 -g3 -Wall -fmessage-length=0 -ffunction-sections -c -MMD -MP -MF"src/HX711.d" -MT"src/HX711.o" -o "src/HX711.o" "../src/HX711.c"
C:\Users\pawar\Documents\School\ECE477\microcontroller\blink\Debug
arm-none-eabi-gcc -mcpu=cortex-m3 -mthumb -mfloat-abi=soft -DSTM32 -DSTM32L1 -DSTM32L152RCTx -DSTM32L152C_DISCO -DDEBUG -DSTM32L1XX_MDP -DUSE_STDPERIPH_DRIVER -I"C:/Users/pawar/Documents/School/ECE477/microcontroller/blink/Utilities" -I"C:/Users/pawar/Documents/School/ECE477/microcontroller/blink/StdPeriph_Driver/inc" -I"C:/Users/pawar/Documents/School/ECE477/microcontroller/blink/inc" -I"C:/Users/pawar/Documents/School/ECE477/microcontroller/blink/CMSIS/device" -I"C:/Users/pawar/Documents/School/ECE477/microcontroller/blink/CMSIS/core" -O0 -g3 -Wall -fmessage-length=0 -ffunction-sections -c -MMD -MP -MF"src/main.d" -MT"src/main.o" -o "src/main.o" "../src/main.c"
../src/main.c: In function 'main':
../src/main.c:65:6: warning: unused variable 'flag' [-Wunused-variable]
  int flag = 1;
      ^~~~
../src/main.c:64:16: warning: variable 'count_t' set but not used [-Wunused-but-set-variable]
  unsigned long count_t;
                ^~~~~~~
../src/main.c:63:16: warning: unused variable 'weight' [-Wunused-variable]
  unsigned long weight;
                ^~~~~~
Finished building: ../src/main.c
Finished building: ../src/HX711.c
 
 
Building target: blink.elf
Invoking: MCU GCC Linker
arm-none-eabi-gcc -mcpu=cortex-m3 -mthumb -mfloat-abi=soft -T"C:/Users/pawar/Documents/School/ECE477/microcontroller/blink/LinkerScript.ld" -Wl,-Map=output.map -Wl,--gc-sections -o "blink.elf" @"objects.list"   -lm
Finished building target: blink.elf
 
make --no-print-directory post-build
Generating binary and Printing size information:
arm-none-eabi-objcopy -O binary "blink.elf" "blink.bin"
arm-none-eabi-size "blink.elf"
   text	   data	    bss	    dec	    hex	filename
   6876	   2152	    596	   9624	   2598	blink.elf
 
16:59:29 **** Incremental Build of configuration Debug for project blink ****
make -j8 all 
Building file: ../src/HX711.c
Invoking: MCU GCC Compiler
C:\Users\pawar\Documents\School\ECE477\microcontroller\blink\Debug
arm-none-eabi-gcc -mcpu=cortex-m3 -mthumb -mfloat-abi=soft -DSTM32 -DSTM32L1 -DSTM32L152RCTx -DSTM32L152C_DISCO -DDEBUG -DSTM32L1XX_MDP -DUSE_STDPERIPH_DRIVER -I"C:/Users/pawar/Documents/School/ECE477/microcontroller/blink/Utilities" -I"C:/Users/pawar/Documents/School/ECE477/microcontroller/blink/StdPeriph_Driver/inc" -I"C:/Users/pawar/Documents/School/ECE477/microcontroller/blink/inc" -I"C:/Users/pawar/Documents/School/ECE477/microcontroller/blink/CMSIS/device" -I"C:/Users/pawar/Documents/School/ECE477/microcontroller/blink/CMSIS/core" -O0 -g3 -Wall -fmessage-length=0 -ffunction-sections -c -MMD -MP -MF"src/HX711.d" -MT"src/HX711.o" -o "src/HX711.o" "../src/HX711.c"
Finished building: ../src/HX711.c
 
Building target: blink.elf
Invoking: MCU GCC Linker
arm-none-eabi-gcc -mcpu=cortex-m3 -mthumb -mfloat-abi=soft -T"C:/Users/pawar/Documents/School/ECE477/microcontroller/blink/LinkerScript.ld" -Wl,-Map=output.map -Wl,--gc-sections -o "blink.elf" @"objects.list"   -lm
Finished building target: blink.elf
 
make --no-print-directory post-build
Generating binary and Printing size information:
arm-none-eabi-objcopy -O binary "blink.elf" "blink.bin"
arm-none-eabi-size "blink.elf"
   text	   data	    bss	    dec	    hex	filename
   6876	   2152	    596	   9624	   2598	blink.elf
 
17:00:09 **** Incremental Build of configuration Debug for project blink ****
make -j8 all 
Building file: ../src/main.c
Invoking: MCU GCC Compiler
C:\Users\pawar\Documents\School\ECE477\microcontroller\blink\Debug
arm-none-eabi-gcc -mcpu=cortex-m3 -mthumb -mfloat-abi=soft -DSTM32 -DSTM32L1 -DSTM32L152RCTx -DSTM32L152C_DISCO -DDEBUG -DSTM32L1XX_MDP -DUSE_STDPERIPH_DRIVER -I"C:/Users/pawar/Documents/School/ECE477/microcontroller/blink/Utilities" -I"C:/Users/pawar/Documents/School/ECE477/microcontroller/blink/StdPeriph_Driver/inc" -I"C:/Users/pawar/Documents/School/ECE477/microcontroller/blink/inc" -I"C:/Users/pawar/Documents/School/ECE477/microcontroller/blink/CMSIS/device" -I"C:/Users/pawar/Documents/School/ECE477/microcontroller/blink/CMSIS/core" -O0 -g3 -Wall -fmessage-length=0 -ffunction-sections -c -MMD -MP -MF"src/main.d" -MT"src/main.o" -o "src/main.o" "../src/main.c"
../src/main.c: In function 'main':
../src/main.c:65:6: warning: unused variable 'flag' [-Wunused-variable]
  int flag = 1;
      ^~~~
../src/main.c:64:16: warning: variable 'count_t' set but not used [-Wunused-but-set-variable]
  unsigned long count_t;
                ^~~~~~~
../src/main.c:63:16: warning: unused variable 'weight' [-Wunused-variable]
  unsigned long weight;
                ^~~~~~
Finished building: ../src/main.c
 
Building target: blink.elf
Invoking: MCU GCC Linker
arm-none-eabi-gcc -mcpu=cortex-m3 -mthumb -mfloat-abi=soft -T"C:/Users/pawar/Documents/School/ECE477/microcontroller/blink/LinkerScript.ld" -Wl,-Map=output.map -Wl,--gc-sections -o "blink.elf" @"objects.list"   -lm
Finished building target: blink.elf
 
make --no-print-directory post-build
Generating binary and Printing size information:
arm-none-eabi-objcopy -O binary "blink.elf" "blink.bin"
arm-none-eabi-size "blink.elf"
   text	   data	    bss	    dec	    hex	filename
   5496	   2128	    596	   8220	   201c	blink.elf
 
17:00:36 **** Incremental Build of configuration Debug for project blink ****
make -j8 all 
Building file: ../src/main.c
Invoking: MCU GCC Compiler
C:\Users\pawar\Documents\School\ECE477\microcontroller\blink\Debug
arm-none-eabi-gcc -mcpu=cortex-m3 -mthumb -mfloat-abi=soft -DSTM32 -DSTM32L1 -DSTM32L152RCTx -DSTM32L152C_DISCO -DDEBUG -DSTM32L1XX_MDP -DUSE_STDPERIPH_DRIVER -I"C:/Users/pawar/Documents/School/ECE477/microcontroller/blink/Utilities" -I"C:/Users/pawar/Documents/School/ECE477/microcontroller/blink/StdPeriph_Driver/inc" -I"C:/Users/pawar/Documents/School/ECE477/microcontroller/blink/inc" -I"C:/Users/pawar/Documents/School/ECE477/microcontroller/blink/CMSIS/device" -I"C:/Users/pawar/Documents/School/ECE477/microcontroller/blink/CMSIS/core" -O0 -g3 -Wall -fmessage-length=0 -ffunction-sections -c -MMD -MP -MF"src/main.d" -MT"src/main.o" -o "src/main.o" "../src/main.c"
../src/main.c: In function 'main':
../src/main.c:65:6: warning: unused variable 'flag' [-Wunused-variable]
  int flag = 1;
      ^~~~
../src/main.c:64:16: warning: variable 'count_t' set but not used [-Wunused-but-set-variable]
  unsigned long count_t;
                ^~~~~~~
../src/main.c:63:16: warning: unused variable 'weight' [-Wunused-variable]
  unsigned long weight;
                ^~~~~~
Finished building: ../src/main.c
 
Building target: blink.elf
Invoking: MCU GCC Linker
arm-none-eabi-gcc -mcpu=cortex-m3 -mthumb -mfloat-abi=soft -T"C:/Users/pawar/Documents/School/ECE477/microcontroller/blink/LinkerScript.ld" -Wl,-Map=output.map -Wl,--gc-sections -o "blink.elf" @"objects.list"   -lm
Finished building target: blink.elf
 
make --no-print-directory post-build
Generating binary and Printing size information:
arm-none-eabi-objcopy -O binary "blink.elf" "blink.bin"
arm-none-eabi-size "blink.elf"
   text	   data	    bss	    dec	    hex	filename
   4832	   2128	    596	   7556	   1d84	blink.elf
 
17:01:18 **** Incremental Build of configuration Debug for project blink ****
make -j8 all 
make: Nothing to be done for 'all'.
17:01:53 **** Incremental Build of configuration Debug for project blink ****
make -j8 all 
make: Nothing to be done for 'all'.
17:02:34 **** Incremental Build of configuration Debug for project blink ****
make -j8 all 
Building file: ../src/main.c
Invoking: MCU GCC Compiler
C:\Users\pawar\Documents\School\ECE477\microcontroller\blink\Debug
arm-none-eabi-gcc -mcpu=cortex-m3 -mthumb -mfloat-abi=soft -DSTM32 -DSTM32L1 -DSTM32L152RCTx -DSTM32L152C_DISCO -DDEBUG -DSTM32L1XX_MDP -DUSE_STDPERIPH_DRIVER -I"C:/Users/pawar/Documents/School/ECE477/microcontroller/blink/Utilities" -I"C:/Users/pawar/Documents/School/ECE477/microcontroller/blink/StdPeriph_Driver/inc" -I"C:/Users/pawar/Documents/School/ECE477/microcontroller/blink/inc" -I"C:/Users/pawar/Documents/School/ECE477/microcontroller/blink/CMSIS/device" -I"C:/Users/pawar/Documents/School/ECE477/microcontroller/blink/CMSIS/core" -O0 -g3 -Wall -fmessage-length=0 -ffunction-sections -c -MMD -MP -MF"src/main.d" -MT"src/main.o" -o "src/main.o" "../src/main.c"
../src/main.c: In function 'main':
../src/main.c:65:6: warning: unused variable 'flag' [-Wunused-variable]
  int flag = 1;
      ^~~~
../src/main.c:64:16: warning: variable 'count_t' set but not used [-Wunused-but-set-variable]
  unsigned long count_t;
                ^~~~~~~
../src/main.c:63:16: warning: unused variable 'weight' [-Wunused-variable]
  unsigned long weight;
                ^~~~~~
Finished building: ../src/main.c
 
Building target: blink.elf
Invoking: MCU GCC Linker
arm-none-eabi-gcc -mcpu=cortex-m3 -mthumb -mfloat-abi=soft -T"C:/Users/pawar/Documents/School/ECE477/microcontroller/blink/LinkerScript.ld" -Wl,-Map=output.map -Wl,--gc-sections -o "blink.elf" @"objects.list"   -lm
Finished building target: blink.elf
 
make --no-print-directory post-build
Generating binary and Printing size information:
arm-none-eabi-objcopy -O binary "blink.elf" "blink.bin"
arm-none-eabi-size "blink.elf"
   text	   data	    bss	    dec	    hex	filename
   6792	   2152	    596	   9540	   2544	blink.elf
 
17:04:50 **** Incremental Build of configuration Debug for project blink ****
make -j8 all 
Building file: ../src/main.c
Invoking: MCU GCC Compiler
C:\Users\pawar\Documents\School\ECE477\microcontroller\blink\Debug
arm-none-eabi-gcc -mcpu=cortex-m3 -mthumb -mfloat-abi=soft -DSTM32 -DSTM32L1 -DSTM32L152RCTx -DSTM32L152C_DISCO -DDEBUG -DSTM32L1XX_MDP -DUSE_STDPERIPH_DRIVER -I"C:/Users/pawar/Documents/School/ECE477/microcontroller/blink/Utilities" -I"C:/Users/pawar/Documents/School/ECE477/microcontroller/blink/StdPeriph_Driver/inc" -I"C:/Users/pawar/Documents/School/ECE477/microcontroller/blink/inc" -I"C:/Users/pawar/Documents/School/ECE477/microcontroller/blink/CMSIS/device" -I"C:/Users/pawar/Documents/School/ECE477/microcontroller/blink/CMSIS/core" -O0 -g3 -Wall -fmessage-length=0 -ffunction-sections -c -MMD -MP -MF"src/main.d" -MT"src/main.o" -o "src/main.o" "../src/main.c"
../src/main.c: In function 'main':
../src/main.c:65:6: warning: unused variable 'flag' [-Wunused-variable]
  int flag = 1;
      ^~~~
../src/main.c:64:16: warning: variable 'count_t' set but not used [-Wunused-but-set-variable]
  unsigned long count_t;
                ^~~~~~~
../src/main.c:63:16: warning: unused variable 'weight' [-Wunused-variable]
  unsigned long weight;
                ^~~~~~
Finished building: ../src/main.c
 
Building target: blink.elf
Invoking: MCU GCC Linker
arm-none-eabi-gcc -mcpu=cortex-m3 -mthumb -mfloat-abi=soft -T"C:/Users/pawar/Documents/School/ECE477/microcontroller/blink/LinkerScript.ld" -Wl,-Map=output.map -Wl,--gc-sections -o "blink.elf" @"objects.list"   -lm
Finished building target: blink.elf
 
make --no-print-directory post-build
Generating binary and Printing size information:
arm-none-eabi-objcopy -O binary "blink.elf" "blink.bin"
arm-none-eabi-size "blink.elf"
   text	   data	    bss	    dec	    hex	filename
   6876	   2152	    596	   9624	   2598	blink.elf
 
17:08:39 **** Incremental Build of configuration Debug for project blink ****
make -j8 all 
Building file: ../src/HX711.c
Invoking: MCU GCC Compiler
C:\Users\pawar\Documents\School\ECE477\microcontroller\blink\Debug
arm-none-eabi-gcc -mcpu=cortex-m3 -mthumb -mfloat-abi=soft -DSTM32 -DSTM32L1 -DSTM32L152RCTx -DSTM32L152C_DISCO -DDEBUG -DSTM32L1XX_MDP -DUSE_STDPERIPH_DRIVER -I"C:/Users/pawar/Documents/School/ECE477/microcontroller/blink/Utilities" -I"C:/Users/pawar/Documents/School/ECE477/microcontroller/blink/StdPeriph_Driver/inc" -I"C:/Users/pawar/Documents/School/ECE477/microcontroller/blink/inc" -I"C:/Users/pawar/Documents/School/ECE477/microcontroller/blink/CMSIS/device" -I"C:/Users/pawar/Documents/School/ECE477/microcontroller/blink/CMSIS/core" -O0 -g3 -Wall -fmessage-length=0 -ffunction-sections -c -MMD -MP -MF"src/HX711.d" -MT"src/HX711.o" -o "src/HX711.o" "../src/HX711.c"
Finished building: ../src/HX711.c
 
Building target: blink.elf
Invoking: MCU GCC Linker
arm-none-eabi-gcc -mcpu=cortex-m3 -mthumb -mfloat-abi=soft -T"C:/Users/pawar/Documents/School/ECE477/microcontroller/blink/LinkerScript.ld" -Wl,-Map=output.map -Wl,--gc-sections -o "blink.elf" @"objects.list"   -lm
Finished building target: blink.elf
 
make --no-print-directory post-build
Generating binary and Printing size information:
arm-none-eabi-objcopy -O binary "blink.elf" "blink.bin"
arm-none-eabi-size "blink.elf"
   text	   data	    bss	    dec	    hex	filename
   6876	   2152	    604	   9632	   25a0	blink.elf
 
17:09:47 **** Incremental Build of configuration Debug for project blink ****
make -j8 all 
Building file: ../src/HX711.c
Invoking: MCU GCC Compiler
C:\Users\pawar\Documents\School\ECE477\microcontroller\blink\Debug
arm-none-eabi-gcc -mcpu=cortex-m3 -mthumb -mfloat-abi=soft -DSTM32 -DSTM32L1 -DSTM32L152RCTx -DSTM32L152C_DISCO -DDEBUG -DSTM32L1XX_MDP -DUSE_STDPERIPH_DRIVER -I"C:/Users/pawar/Documents/School/ECE477/microcontroller/blink/Utilities" -I"C:/Users/pawar/Documents/School/ECE477/microcontroller/blink/StdPeriph_Driver/inc" -I"C:/Users/pawar/Documents/School/ECE477/microcontroller/blink/inc" -I"C:/Users/pawar/Documents/School/ECE477/microcontroller/blink/CMSIS/device" -I"C:/Users/pawar/Documents/School/ECE477/microcontroller/blink/CMSIS/core" -O0 -g3 -Wall -fmessage-length=0 -ffunction-sections -c -MMD -MP -MF"src/HX711.d" -MT"src/HX711.o" -o "src/HX711.o" "../src/HX711.c"
Finished building: ../src/HX711.c
 
Building target: blink.elf
Invoking: MCU GCC Linker
arm-none-eabi-gcc -mcpu=cortex-m3 -mthumb -mfloat-abi=soft -T"C:/Users/pawar/Documents/School/ECE477/microcontroller/blink/LinkerScript.ld" -Wl,-Map=output.map -Wl,--gc-sections -o "blink.elf" @"objects.list"   -lm
Finished building target: blink.elf
 
make --no-print-directory post-build
Generating binary and Printing size information:
arm-none-eabi-objcopy -O binary "blink.elf" "blink.bin"
arm-none-eabi-size "blink.elf"
   text	   data	    bss	    dec	    hex	filename
   6876	   2152	    604	   9632	   25a0	blink.elf
 
17:13:08 **** Incremental Build of configuration Debug for project blink ****
make -j8 all 
make: Nothing to be done for 'all'.
17:14:04 **** Incremental Build of configuration Debug for project blink ****
make -j8 all 
Building file: ../src/main.c
Invoking: MCU GCC Compiler
C:\Users\pawar\Documents\School\ECE477\microcontroller\blink\Debug
arm-none-eabi-gcc -mcpu=cortex-m3 -mthumb -mfloat-abi=soft -DSTM32 -DSTM32L1 -DSTM32L152RCTx -DSTM32L152C_DISCO -DDEBUG -DSTM32L1XX_MDP -DUSE_STDPERIPH_DRIVER -I"C:/Users/pawar/Documents/School/ECE477/microcontroller/blink/Utilities" -I"C:/Users/pawar/Documents/School/ECE477/microcontroller/blink/StdPeriph_Driver/inc" -I"C:/Users/pawar/Documents/School/ECE477/microcontroller/blink/inc" -I"C:/Users/pawar/Documents/School/ECE477/microcontroller/blink/CMSIS/device" -I"C:/Users/pawar/Documents/School/ECE477/microcontroller/blink/CMSIS/core" -O0 -g3 -Wall -fmessage-length=0 -ffunction-sections -c -MMD -MP -MF"src/main.d" -MT"src/main.o" -o "src/main.o" "../src/main.c"
../src/main.c: In function 'main':
../src/main.c:65:6: warning: unused variable 'flag' [-Wunused-variable]
  int flag = 1;
      ^~~~
../src/main.c:63:16: warning: variable 'weight' set but not used [-Wunused-but-set-variable]
  unsigned long weight;
                ^~~~~~
Finished building: ../src/main.c
 
Building target: blink.elf
Invoking: MCU GCC Linker
arm-none-eabi-gcc -mcpu=cortex-m3 -mthumb -mfloat-abi=soft -T"C:/Users/pawar/Documents/School/ECE477/microcontroller/blink/LinkerScript.ld" -Wl,-Map=output.map -Wl,--gc-sections -o "blink.elf" @"objects.list"   -lm
Finished building target: blink.elf
 
make --no-print-directory post-build
Generating binary and Printing size information:
arm-none-eabi-objcopy -O binary "blink.elf" "blink.bin"
arm-none-eabi-size "blink.elf"
   text	   data	    bss	    dec	    hex	filename
   8980	   2152	    604	  11736	   2dd8	blink.elf
 
17:22:46 **** Incremental Build of configuration Debug for project blink ****
make -j8 all 
Building file: ../src/HX711.c
Invoking: MCU GCC Compiler
C:\Users\pawar\Documents\School\ECE477\microcontroller\blink\Debug
arm-none-eabi-gcc -mcpu=cortex-m3 -mthumb -mfloat-abi=soft -DSTM32 -DSTM32L1 -DSTM32L152RCTx -DSTM32L152C_DISCO -DDEBUG -DSTM32L1XX_MDP -DUSE_STDPERIPH_DRIVER -I"C:/Users/pawar/Documents/School/ECE477/microcontroller/blink/Utilities" -I"C:/Users/pawar/Documents/School/ECE477/microcontroller/blink/StdPeriph_Driver/inc" -I"C:/Users/pawar/Documents/School/ECE477/microcontroller/blink/inc" -I"C:/Users/pawar/Documents/School/ECE477/microcontroller/blink/CMSIS/device" -I"C:/Users/pawar/Documents/School/ECE477/microcontroller/blink/CMSIS/core" -O0 -g3 -Wall -fmessage-length=0 -ffunction-sections -c -MMD -MP -MF"src/HX711.d" -MT"src/HX711.o" -o "src/HX711.o" "../src/HX711.c"
Finished building: ../src/HX711.c
 
Building target: blink.elf
Invoking: MCU GCC Linker
arm-none-eabi-gcc -mcpu=cortex-m3 -mthumb -mfloat-abi=soft -T"C:/Users/pawar/Documents/School/ECE477/microcontroller/blink/LinkerScript.ld" -Wl,-Map=output.map -Wl,--gc-sections -o "blink.elf" @"objects.list"   -lm
Finished building target: blink.elf
 
make --no-print-directory post-build
Generating binary and Printing size information:
arm-none-eabi-objcopy -O binary "blink.elf" "blink.bin"
arm-none-eabi-size "blink.elf"
   text	   data	    bss	    dec	    hex	filename
   8980	   2152	    604	  11736	   2dd8	blink.elf
 
17:33:54 **** Incremental Build of configuration Debug for project blink ****
make -j8 all 
Building file: ../src/HX711.c
Invoking: MCU GCC Compiler
C:\Users\pawar\Documents\School\ECE477\microcontroller\blink\Debug
arm-none-eabi-gcc -mcpu=cortex-m3 -mthumb -mfloat-abi=soft -DSTM32 -DSTM32L1 -DSTM32L152RCTx -DSTM32L152C_DISCO -DDEBUG -DSTM32L1XX_MDP -DUSE_STDPERIPH_DRIVER -I"C:/Users/pawar/Documents/School/ECE477/microcontroller/blink/Utilities" -I"C:/Users/pawar/Documents/School/ECE477/microcontroller/blink/StdPeriph_Driver/inc" -I"C:/Users/pawar/Documents/School/ECE477/microcontroller/blink/inc" -I"C:/Users/pawar/Documents/School/ECE477/microcontroller/blink/CMSIS/device" -I"C:/Users/pawar/Documents/School/ECE477/microcontroller/blink/CMSIS/core" -O0 -g3 -Wall -fmessage-length=0 -ffunction-sections -c -MMD -MP -MF"src/HX711.d" -MT"src/HX711.o" -o "src/HX711.o" "../src/HX711.c"
Finished building: ../src/HX711.c
 
Building target: blink.elf
Invoking: MCU GCC Linker
arm-none-eabi-gcc -mcpu=cortex-m3 -mthumb -mfloat-abi=soft -T"C:/Users/pawar/Documents/School/ECE477/microcontroller/blink/LinkerScript.ld" -Wl,-Map=output.map -Wl,--gc-sections -o "blink.elf" @"objects.list"   -lm
Finished building target: blink.elf
 
make --no-print-directory post-build
Generating binary and Printing size information:
arm-none-eabi-objcopy -O binary "blink.elf" "blink.bin"
arm-none-eabi-size "blink.elf"
   text	   data	    bss	    dec	    hex	filename
   8980	   2152	    604	  11736	   2dd8	blink.elf
 
17:34:25 **** Incremental Build of configuration Debug for project blink ****
make -j8 all 
make: Nothing to be done for 'all'.
17:44:22 **** Incremental Build of configuration Debug for project blink ****
make -j8 all 
Building file: ../src/HX711.c
Invoking: MCU GCC Compiler
C:\Users\pawar\Documents\School\ECE477\microcontroller\blink\Debug
arm-none-eabi-gcc -mcpu=cortex-m3 -mthumb -mfloat-abi=soft -DSTM32 -DSTM32L1 -DSTM32L152RCTx -DSTM32L152C_DISCO -DDEBUG -DSTM32L1XX_MDP -DUSE_STDPERIPH_DRIVER -I"C:/Users/pawar/Documents/School/ECE477/microcontroller/blink/Utilities" -I"C:/Users/pawar/Documents/School/ECE477/microcontroller/blink/StdPeriph_Driver/inc" -I"C:/Users/pawar/Documents/School/ECE477/microcontroller/blink/inc" -I"C:/Users/pawar/Documents/School/ECE477/microcontroller/blink/CMSIS/device" -I"C:/Users/pawar/Documents/School/ECE477/microcontroller/blink/CMSIS/core" -O0 -g3 -Wall -fmessage-length=0 -ffunction-sections -c -MMD -MP -MF"src/HX711.d" -MT"src/HX711.o" -o "src/HX711.o" "../src/HX711.c"
Finished building: ../src/HX711.c
 
Building target: blink.elf
Invoking: MCU GCC Linker
arm-none-eabi-gcc -mcpu=cortex-m3 -mthumb -mfloat-abi=soft -T"C:/Users/pawar/Documents/School/ECE477/microcontroller/blink/LinkerScript.ld" -Wl,-Map=output.map -Wl,--gc-sections -o "blink.elf" @"objects.list"   -lm
Finished building target: blink.elf
 
make --no-print-directory post-build
Generating binary and Printing size information:
arm-none-eabi-objcopy -O binary "blink.elf" "blink.bin"
arm-none-eabi-size "blink.elf"
   text	   data	    bss	    dec	    hex	filename
   9004	   2152	    604	  11760	   2df0	blink.elf
 
17:44:47 **** Incremental Build of configuration Debug for project blink ****
make -j8 all 
make: Nothing to be done for 'all'.
17:45:34 **** Incremental Build of configuration Debug for project blink ****
make -j8 all 
Building file: ../src/HX711.c
Invoking: MCU GCC Compiler
C:\Users\pawar\Documents\School\ECE477\microcontroller\blink\Debug
arm-none-eabi-gcc -mcpu=cortex-m3 -mthumb -mfloat-abi=soft -DSTM32 -DSTM32L1 -DSTM32L152RCTx -DSTM32L152C_DISCO -DDEBUG -DSTM32L1XX_MDP -DUSE_STDPERIPH_DRIVER -I"C:/Users/pawar/Documents/School/ECE477/microcontroller/blink/Utilities" -I"C:/Users/pawar/Documents/School/ECE477/microcontroller/blink/StdPeriph_Driver/inc" -I"C:/Users/pawar/Documents/School/ECE477/microcontroller/blink/inc" -I"C:/Users/pawar/Documents/School/ECE477/microcontroller/blink/CMSIS/device" -I"C:/Users/pawar/Documents/School/ECE477/microcontroller/blink/CMSIS/core" -O0 -g3 -Wall -fmessage-length=0 -ffunction-sections -c -MMD -MP -MF"src/HX711.d" -MT"src/HX711.o" -o "src/HX711.o" "../src/HX711.c"
Finished building: ../src/HX711.c
 
Building target: blink.elf
Invoking: MCU GCC Linker
arm-none-eabi-gcc -mcpu=cortex-m3 -mthumb -mfloat-abi=soft -T"C:/Users/pawar/Documents/School/ECE477/microcontroller/blink/LinkerScript.ld" -Wl,-Map=output.map -Wl,--gc-sections -o "blink.elf" @"objects.list"   -lm
Finished building target: blink.elf
 
make --no-print-directory post-build
Generating binary and Printing size information:
arm-none-eabi-objcopy -O binary "blink.elf" "blink.bin"
arm-none-eabi-size "blink.elf"
   text	   data	    bss	    dec	    hex	filename
   8996	   2152	    604	  11752	   2de8	blink.elf
 
17:46:05 **** Incremental Build of configuration Debug for project blink ****
make -j8 all 
make: Nothing to be done for 'all'.
17:46:29 **** Incremental Build of configuration Debug for project blink ****
make -j8 all 
Building file: ../src/HX711.c
Invoking: MCU GCC Compiler
C:\Users\pawar\Documents\School\ECE477\microcontroller\blink\Debug
arm-none-eabi-gcc -mcpu=cortex-m3 -mthumb -mfloat-abi=soft -DSTM32 -DSTM32L1 -DSTM32L152RCTx -DSTM32L152C_DISCO -DDEBUG -DSTM32L1XX_MDP -DUSE_STDPERIPH_DRIVER -I"C:/Users/pawar/Documents/School/ECE477/microcontroller/blink/Utilities" -I"C:/Users/pawar/Documents/School/ECE477/microcontroller/blink/StdPeriph_Driver/inc" -I"C:/Users/pawar/Documents/School/ECE477/microcontroller/blink/inc" -I"C:/Users/pawar/Documents/School/ECE477/microcontroller/blink/CMSIS/device" -I"C:/Users/pawar/Documents/School/ECE477/microcontroller/blink/CMSIS/core" -O0 -g3 -Wall -fmessage-length=0 -ffunction-sections -c -MMD -MP -MF"src/HX711.d" -MT"src/HX711.o" -o "src/HX711.o" "../src/HX711.c"
Finished building: ../src/HX711.c
 
Building target: blink.elf
Invoking: MCU GCC Linker
arm-none-eabi-gcc -mcpu=cortex-m3 -mthumb -mfloat-abi=soft -T"C:/Users/pawar/Documents/School/ECE477/microcontroller/blink/LinkerScript.ld" -Wl,-Map=output.map -Wl,--gc-sections -o "blink.elf" @"objects.list"   -lm
Finished building target: blink.elf
 
make --no-print-directory post-build
Generating binary and Printing size information:
arm-none-eabi-objcopy -O binary "blink.elf" "blink.bin"
arm-none-eabi-size "blink.elf"
   text	   data	    bss	    dec	    hex	filename
   8996	   2152	    604	  11752	   2de8	blink.elf
 
17:47:43 **** Incremental Build of configuration Debug for project blink ****
make -j8 all 
Building file: ../src/HX711.c
Invoking: MCU GCC Compiler
C:\Users\pawar\Documents\School\ECE477\microcontroller\blink\Debug
arm-none-eabi-gcc -mcpu=cortex-m3 -mthumb -mfloat-abi=soft -DSTM32 -DSTM32L1 -DSTM32L152RCTx -DSTM32L152C_DISCO -DDEBUG -DSTM32L1XX_MDP -DUSE_STDPERIPH_DRIVER -I"C:/Users/pawar/Documents/School/ECE477/microcontroller/blink/Utilities" -I"C:/Users/pawar/Documents/School/ECE477/microcontroller/blink/StdPeriph_Driver/inc" -I"C:/Users/pawar/Documents/School/ECE477/microcontroller/blink/inc" -I"C:/Users/pawar/Documents/School/ECE477/microcontroller/blink/CMSIS/device" -I"C:/Users/pawar/Documents/School/ECE477/microcontroller/blink/CMSIS/core" -O0 -g3 -Wall -fmessage-length=0 -ffunction-sections -c -MMD -MP -MF"src/HX711.d" -MT"src/HX711.o" -o "src/HX711.o" "../src/HX711.c"
Finished building: ../src/HX711.c
 
Building target: blink.elf
Invoking: MCU GCC Linker
arm-none-eabi-gcc -mcpu=cortex-m3 -mthumb -mfloat-abi=soft -T"C:/Users/pawar/Documents/School/ECE477/microcontroller/blink/LinkerScript.ld" -Wl,-Map=output.map -Wl,--gc-sections -o "blink.elf" @"objects.list"   -lm
Finished building target: blink.elf
 
make --no-print-directory post-build
Generating binary and Printing size information:
arm-none-eabi-objcopy -O binary "blink.elf" "blink.bin"
arm-none-eabi-size "blink.elf"
   text	   data	    bss	    dec	    hex	filename
   8996	   2152	    604	  11752	   2de8	blink.elf
 
17:49:19 **** Incremental Build of configuration Debug for project blink ****
make -j8 all 
Building file: ../src/HX711.c
Invoking: MCU GCC Compiler
C:\Users\pawar\Documents\School\ECE477\microcontroller\blink\Debug
arm-none-eabi-gcc -mcpu=cortex-m3 -mthumb -mfloat-abi=soft -DSTM32 -DSTM32L1 -DSTM32L152RCTx -DSTM32L152C_DISCO -DDEBUG -DSTM32L1XX_MDP -DUSE_STDPERIPH_DRIVER -I"C:/Users/pawar/Documents/School/ECE477/microcontroller/blink/Utilities" -I"C:/Users/pawar/Documents/School/ECE477/microcontroller/blink/StdPeriph_Driver/inc" -I"C:/Users/pawar/Documents/School/ECE477/microcontroller/blink/inc" -I"C:/Users/pawar/Documents/School/ECE477/microcontroller/blink/CMSIS/device" -I"C:/Users/pawar/Documents/School/ECE477/microcontroller/blink/CMSIS/core" -O0 -g3 -Wall -fmessage-length=0 -ffunction-sections -c -MMD -MP -MF"src/HX711.d" -MT"src/HX711.o" -o "src/HX711.o" "../src/HX711.c"
Finished building: ../src/HX711.c
 
Building target: blink.elf
Invoking: MCU GCC Linker
arm-none-eabi-gcc -mcpu=cortex-m3 -mthumb -mfloat-abi=soft -T"C:/Users/pawar/Documents/School/ECE477/microcontroller/blink/LinkerScript.ld" -Wl,-Map=output.map -Wl,--gc-sections -o "blink.elf" @"objects.list"   -lm
Finished building target: blink.elf
 
make --no-print-directory post-build
Generating binary and Printing size information:
arm-none-eabi-objcopy -O binary "blink.elf" "blink.bin"
arm-none-eabi-size "blink.elf"
   text	   data	    bss	    dec	    hex	filename
   8996	   2152	    604	  11752	   2de8	blink.elf
 
17:50:57 **** Incremental Build of configuration Debug for project blink ****
make -j8 all 
Building file: ../src/HX711.c
Invoking: MCU GCC Compiler
C:\Users\pawar\Documents\School\ECE477\microcontroller\blink\Debug
arm-none-eabi-gcc -mcpu=cortex-m3 -mthumb -mfloat-abi=soft -DSTM32 -DSTM32L1 -DSTM32L152RCTx -DSTM32L152C_DISCO -DDEBUG -DSTM32L1XX_MDP -DUSE_STDPERIPH_DRIVER -I"C:/Users/pawar/Documents/School/ECE477/microcontroller/blink/Utilities" -I"C:/Users/pawar/Documents/School/ECE477/microcontroller/blink/StdPeriph_Driver/inc" -I"C:/Users/pawar/Documents/School/ECE477/microcontroller/blink/inc" -I"C:/Users/pawar/Documents/School/ECE477/microcontroller/blink/CMSIS/device" -I"C:/Users/pawar/Documents/School/ECE477/microcontroller/blink/CMSIS/core" -O0 -g3 -Wall -fmessage-length=0 -ffunction-sections -c -MMD -MP -MF"src/HX711.d" -MT"src/HX711.o" -o "src/HX711.o" "../src/HX711.c"
Finished building: ../src/HX711.c
 
Building target: blink.elf
Invoking: MCU GCC Linker
arm-none-eabi-gcc -mcpu=cortex-m3 -mthumb -mfloat-abi=soft -T"C:/Users/pawar/Documents/School/ECE477/microcontroller/blink/LinkerScript.ld" -Wl,-Map=output.map -Wl,--gc-sections -o "blink.elf" @"objects.list"   -lm
Finished building target: blink.elf
 
make --no-print-directory post-build
Generating binary and Printing size information:
arm-none-eabi-objcopy -O binary "blink.elf" "blink.bin"
arm-none-eabi-size "blink.elf"
   text	   data	    bss	    dec	    hex	filename
   8996	   2152	    604	  11752	   2de8	blink.elf
 
17:52:41 **** Incremental Build of configuration Debug for project blink ****
make -j8 all 
Building file: ../src/HX711.c
Invoking: MCU GCC Compiler
C:\Users\pawar\Documents\School\ECE477\microcontroller\blink\Debug
arm-none-eabi-gcc -mcpu=cortex-m3 -mthumb -mfloat-abi=soft -DSTM32 -DSTM32L1 -DSTM32L152RCTx -DSTM32L152C_DISCO -DDEBUG -DSTM32L1XX_MDP -DUSE_STDPERIPH_DRIVER -I"C:/Users/pawar/Documents/School/ECE477/microcontroller/blink/Utilities" -I"C:/Users/pawar/Documents/School/ECE477/microcontroller/blink/StdPeriph_Driver/inc" -I"C:/Users/pawar/Documents/School/ECE477/microcontroller/blink/inc" -I"C:/Users/pawar/Documents/School/ECE477/microcontroller/blink/CMSIS/device" -I"C:/Users/pawar/Documents/School/ECE477/microcontroller/blink/CMSIS/core" -O0 -g3 -Wall -fmessage-length=0 -ffunction-sections -c -MMD -MP -MF"src/HX711.d" -MT"src/HX711.o" -o "src/HX711.o" "../src/HX711.c"
Finished building: ../src/HX711.c
 
Building target: blink.elf
Invoking: MCU GCC Linker
arm-none-eabi-gcc -mcpu=cortex-m3 -mthumb -mfloat-abi=soft -T"C:/Users/pawar/Documents/School/ECE477/microcontroller/blink/LinkerScript.ld" -Wl,-Map=output.map -Wl,--gc-sections -o "blink.elf" @"objects.list"   -lm
Finished building target: blink.elf
 
make --no-print-directory post-build
Generating binary and Printing size information:
arm-none-eabi-objcopy -O binary "blink.elf" "blink.bin"
arm-none-eabi-size "blink.elf"
   text	   data	    bss	    dec	    hex	filename
   8996	   2152	    604	  11752	   2de8	blink.elf
 
15:06:44 **** Incremental Build of configuration Debug for project blink ****
make -j8 all 
Building file: ../src/HX711.c
Invoking: MCU GCC Compiler
C:\Users\pawar\Documents\School\ECE477\microcontroller\blink\Debug
arm-none-eabi-gcc -mcpu=cortex-m3 -mthumb -mfloat-abi=soft -DSTM32 -DSTM32L1 -DSTM32L152RCTx -DSTM32L152C_DISCO -DDEBUG -DSTM32L1XX_MDP -DUSE_STDPERIPH_DRIVER -I"C:/Users/pawar/Documents/School/ECE477/microcontroller/blink/Utilities" -I"C:/Users/pawar/Documents/School/ECE477/microcontroller/blink/StdPeriph_Driver/inc" -I"C:/Users/pawar/Documents/School/ECE477/microcontroller/blink/inc" -I"C:/Users/pawar/Documents/School/ECE477/microcontroller/blink/CMSIS/device" -I"C:/Users/pawar/Documents/School/ECE477/microcontroller/blink/CMSIS/core" -O0 -g3 -Wall -fmessage-length=0 -ffunction-sections -c -MMD -MP -MF"src/HX711.d" -MT"src/HX711.o" -o "src/HX711.o" "../src/HX711.c"
Finished building: ../src/HX711.c
 
Building target: blink.elf
Invoking: MCU GCC Linker
arm-none-eabi-gcc -mcpu=cortex-m3 -mthumb -mfloat-abi=soft -T"C:/Users/pawar/Documents/School/ECE477/microcontroller/blink/LinkerScript.ld" -Wl,-Map=output.map -Wl,--gc-sections -o "blink.elf" @"objects.list"   -lm
Finished building target: blink.elf
 
make --no-print-directory post-build
Generating binary and Printing size information:
arm-none-eabi-objcopy -O binary "blink.elf" "blink.bin"
arm-none-eabi-size "blink.elf"
   text	   data	    bss	    dec	    hex	filename
   8964	   2152	    604	  11720	   2dc8	blink.elf
 
15:06:54 **** Incremental Build of configuration Debug for project blink ****
make -j8 all 
make: Nothing to be done for 'all'.
15:08:18 **** Incremental Build of configuration Debug for project blink ****
make -j8 all 
make: Nothing to be done for 'all'.
15:20:14 **** Incremental Build of configuration Debug for project blink ****
make -j8 all 
make: Nothing to be done for 'all'.
15:25:30 **** Incremental Build of configuration Debug for project blink ****
make -j8 all 
Building file: ../src/HX711.c
Building file: ../src/main.c
Invoking: MCU GCC Compiler
Invoking: MCU GCC Compiler
C:\Users\pawar\Documents\School\ECE477\microcontroller\blink\Debug
C:\Users\pawar\Documents\School\ECE477\microcontroller\blink\Debug
arm-none-eabi-gcc -mcpu=cortex-m3 -mthumb -mfloat-abi=soft -DSTM32 -DSTM32L1 -DSTM32L152RCTx -DSTM32L152C_DISCO -DDEBUG -DSTM32L1XX_MDP -DUSE_STDPERIPH_DRIVER -I"C:/Users/pawar/Documents/School/ECE477/microcontroller/blink/Utilities" -I"C:/Users/pawar/Documents/School/ECE477/microcontroller/blink/StdPeriph_Driver/inc" -I"C:/Users/pawar/Documents/School/ECE477/microcontroller/blink/inc" -I"C:/Users/pawar/Documents/School/ECE477/microcontroller/blink/CMSIS/device" -I"C:/Users/pawar/Documents/School/ECE477/microcontroller/blink/CMSIS/core" -O0 -g3 -Wall -fmessage-length=0 -ffunction-sections -c -MMD -MP -MF"src/HX711.d" -MT"src/HX711.o" -o "src/HX711.o" "../src/HX711.c"
arm-none-eabi-gcc -mcpu=cortex-m3 -mthumb -mfloat-abi=soft -DSTM32 -DSTM32L1 -DSTM32L152RCTx -DSTM32L152C_DISCO -DDEBUG -DSTM32L1XX_MDP -DUSE_STDPERIPH_DRIVER -I"C:/Users/pawar/Documents/School/ECE477/microcontroller/blink/Utilities" -I"C:/Users/pawar/Documents/School/ECE477/microcontroller/blink/StdPeriph_Driver/inc" -I"C:/Users/pawar/Documents/School/ECE477/microcontroller/blink/inc" -I"C:/Users/pawar/Documents/School/ECE477/microcontroller/blink/CMSIS/device" -I"C:/Users/pawar/Documents/School/ECE477/microcontroller/blink/CMSIS/core" -O0 -g3 -Wall -fmessage-length=0 -ffunction-sections -c -MMD -MP -MF"src/main.d" -MT"src/main.o" -o "src/main.o" "../src/main.c"
../src/main.c: In function 'main':
../src/main.c:65:6: warning: unused variable 'flag' [-Wunused-variable]
  int flag = 1;
      ^~~~
../src/main.c:63:16: warning: variable 'weight' set but not used [-Wunused-but-set-variable]
  unsigned long weight;
                ^~~~~~
Finished building: ../src/main.c
 
Finished building: ../src/HX711.c
 
Building target: blink.elf
Invoking: MCU GCC Linker
arm-none-eabi-gcc -mcpu=cortex-m3 -mthumb -mfloat-abi=soft -T"C:/Users/pawar/Documents/School/ECE477/microcontroller/blink/LinkerScript.ld" -Wl,-Map=output.map -Wl,--gc-sections -o "blink.elf" @"objects.list"   -lm
Finished building target: blink.elf
 
make --no-print-directory post-build
Generating binary and Printing size information:
arm-none-eabi-objcopy -O binary "blink.elf" "blink.bin"
arm-none-eabi-size "blink.elf"
   text	   data	    bss	    dec	    hex	filename
   9100	   2152	    604	  11856	   2e50	blink.elf
 
15:26:07 **** Incremental Build of configuration Debug for project blink ****
make -j8 all 
Building file: ../src/HX711.c
Invoking: MCU GCC Compiler
C:\Users\pawar\Documents\School\ECE477\microcontroller\blink\Debug
arm-none-eabi-gcc -mcpu=cortex-m3 -mthumb -mfloat-abi=soft -DSTM32 -DSTM32L1 -DSTM32L152RCTx -DSTM32L152C_DISCO -DDEBUG -DSTM32L1XX_MDP -DUSE_STDPERIPH_DRIVER -I"C:/Users/pawar/Documents/School/ECE477/microcontroller/blink/Utilities" -I"C:/Users/pawar/Documents/School/ECE477/microcontroller/blink/StdPeriph_Driver/inc" -I"C:/Users/pawar/Documents/School/ECE477/microcontroller/blink/inc" -I"C:/Users/pawar/Documents/School/ECE477/microcontroller/blink/CMSIS/device" -I"C:/Users/pawar/Documents/School/ECE477/microcontroller/blink/CMSIS/core" -O0 -g3 -Wall -fmessage-length=0 -ffunction-sections -c -MMD -MP -MF"src/HX711.d" -MT"src/HX711.o" -o "src/HX711.o" "../src/HX711.c"
Finished building: ../src/HX711.c
 
Building target: blink.elf
Invoking: MCU GCC Linker
arm-none-eabi-gcc -mcpu=cortex-m3 -mthumb -mfloat-abi=soft -T"C:/Users/pawar/Documents/School/ECE477/microcontroller/blink/LinkerScript.ld" -Wl,-Map=output.map -Wl,--gc-sections -o "blink.elf" @"objects.list"   -lm
Finished building target: blink.elf
 
make --no-print-directory post-build
Generating binary and Printing size information:
arm-none-eabi-objcopy -O binary "blink.elf" "blink.bin"
arm-none-eabi-size "blink.elf"
   text	   data	    bss	    dec	    hex	filename
   9100	   2152	    604	  11856	   2e50	blink.elf
 
15:27:57 **** Incremental Build of configuration Debug for project blink ****
make -j8 all 
Building file: ../src/HX711.c
Invoking: MCU GCC Compiler
C:\Users\pawar\Documents\School\ECE477\microcontroller\blink\Debug
arm-none-eabi-gcc -mcpu=cortex-m3 -mthumb -mfloat-abi=soft -DSTM32 -DSTM32L1 -DSTM32L152RCTx -DSTM32L152C_DISCO -DDEBUG -DSTM32L1XX_MDP -DUSE_STDPERIPH_DRIVER -I"C:/Users/pawar/Documents/School/ECE477/microcontroller/blink/Utilities" -I"C:/Users/pawar/Documents/School/ECE477/microcontroller/blink/StdPeriph_Driver/inc" -I"C:/Users/pawar/Documents/School/ECE477/microcontroller/blink/inc" -I"C:/Users/pawar/Documents/School/ECE477/microcontroller/blink/CMSIS/device" -I"C:/Users/pawar/Documents/School/ECE477/microcontroller/blink/CMSIS/core" -O0 -g3 -Wall -fmessage-length=0 -ffunction-sections -c -MMD -MP -MF"src/HX711.d" -MT"src/HX711.o" -o "src/HX711.o" "../src/HX711.c"
Finished building: ../src/HX711.c
 
Building target: blink.elf
Invoking: MCU GCC Linker
arm-none-eabi-gcc -mcpu=cortex-m3 -mthumb -mfloat-abi=soft -T"C:/Users/pawar/Documents/School/ECE477/microcontroller/blink/LinkerScript.ld" -Wl,-Map=output.map -Wl,--gc-sections -o "blink.elf" @"objects.list"   -lm
Finished building target: blink.elf
 
make --no-print-directory post-build
Generating binary and Printing size information:
arm-none-eabi-objcopy -O binary "blink.elf" "blink.bin"
arm-none-eabi-size "blink.elf"
   text	   data	    bss	    dec	    hex	filename
   9100	   2152	    604	  11856	   2e50	blink.elf
 
15:28:58 **** Incremental Build of configuration Debug for project blink ****
make -j8 all 
make: Nothing to be done for 'all'.
15:29:36 **** Incremental Build of configuration Debug for project blink ****
make -j8 all 
Building file: ../src/HX711.c
Invoking: MCU GCC Compiler
C:\Users\pawar\Documents\School\ECE477\microcontroller\blink\Debug
arm-none-eabi-gcc -mcpu=cortex-m3 -mthumb -mfloat-abi=soft -DSTM32 -DSTM32L1 -DSTM32L152RCTx -DSTM32L152C_DISCO -DDEBUG -DSTM32L1XX_MDP -DUSE_STDPERIPH_DRIVER -I"C:/Users/pawar/Documents/School/ECE477/microcontroller/blink/Utilities" -I"C:/Users/pawar/Documents/School/ECE477/microcontroller/blink/StdPeriph_Driver/inc" -I"C:/Users/pawar/Documents/School/ECE477/microcontroller/blink/inc" -I"C:/Users/pawar/Documents/School/ECE477/microcontroller/blink/CMSIS/device" -I"C:/Users/pawar/Documents/School/ECE477/microcontroller/blink/CMSIS/core" -O0 -g3 -Wall -fmessage-length=0 -ffunction-sections -c -MMD -MP -MF"src/HX711.d" -MT"src/HX711.o" -o "src/HX711.o" "../src/HX711.c"
Finished building: ../src/HX711.c
 
Building target: blink.elf
Invoking: MCU GCC Linker
arm-none-eabi-gcc -mcpu=cortex-m3 -mthumb -mfloat-abi=soft -T"C:/Users/pawar/Documents/School/ECE477/microcontroller/blink/LinkerScript.ld" -Wl,-Map=output.map -Wl,--gc-sections -o "blink.elf" @"objects.list"   -lm
Finished building target: blink.elf
 
make --no-print-directory post-build
Generating binary and Printing size information:
arm-none-eabi-objcopy -O binary "blink.elf" "blink.bin"
arm-none-eabi-size "blink.elf"
   text	   data	    bss	    dec	    hex	filename
   9092	   2152	    604	  11848	   2e48	blink.elf
 
17:55:08 **** Incremental Build of configuration Debug for project blink ****
make -j8 all 
make: Nothing to be done for 'all'.
17:57:21 **** Incremental Build of configuration Debug for project blink ****
make -j8 all 
make: Nothing to be done for 'all'.
18:32:31 **** Incremental Build of configuration Debug for project blink ****
make -j8 all 
make: Nothing to be done for 'all'.
18:34:12 **** Incremental Build of configuration Debug for project blink ****
make -j8 all 
make: Nothing to be done for 'all'.
18:38:48 **** Incremental Build of configuration Debug for project blink ****
make -j8 all 
make: Nothing to be done for 'all'.
18:39:14 **** Incremental Build of configuration Debug for project blink ****
make -j8 all 
make: Nothing to be done for 'all'.
18:41:59 **** Incremental Build of configuration Debug for project blink ****
make -j8 all 
make: Nothing to be done for 'all'.
18:44:09 **** Incremental Build of configuration Debug for project blink ****
make -j8 all 
make: Nothing to be done for 'all'.
18:45:09 **** Incremental Build of configuration Debug for project blink ****
make -j8 all 
make: Nothing to be done for 'all'.
18:48:30 **** Incremental Build of configuration Debug for project blink ****
make -j8 all 
make: Nothing to be done for 'all'.
18:54:41 **** Incremental Build of configuration Debug for project blink ****
make -j8 all 
make: Nothing to be done for 'all'.
15:01:06 **** Incremental Build of configuration Debug for project blink ****
make -j8 all 
make: Nothing to be done for 'all'.
15:17:17 **** Incremental Build of configuration Debug for project blink ****
make -j8 all 
make: Nothing to be done for 'all'.
15:17:44 **** Incremental Build of configuration Debug for project blink ****
make -j8 all 
make: Nothing to be done for 'all'.
15:27:10 **** Incremental Build of configuration Debug for project blink ****
make -j8 all 
Building file: ../src/HX711.c
Invoking: MCU GCC Compiler
C:\Users\pawar\Documents\School\ECE477\microcontroller\blink\Debug
arm-none-eabi-gcc -mcpu=cortex-m3 -mthumb -mfloat-abi=soft -DSTM32 -DSTM32L1 -DSTM32L152RCTx -DSTM32L152C_DISCO -DDEBUG -DSTM32L1XX_MDP -DUSE_STDPERIPH_DRIVER -I"C:/Users/pawar/Documents/School/ECE477/microcontroller/blink/Utilities" -I"C:/Users/pawar/Documents/School/ECE477/microcontroller/blink/StdPeriph_Driver/inc" -I"C:/Users/pawar/Documents/School/ECE477/microcontroller/blink/inc" -I"C:/Users/pawar/Documents/School/ECE477/microcontroller/blink/CMSIS/device" -I"C:/Users/pawar/Documents/School/ECE477/microcontroller/blink/CMSIS/core" -O0 -g3 -Wall -fmessage-length=0 -ffunction-sections -c -MMD -MP -MF"src/HX711.d" -MT"src/HX711.o" -o "src/HX711.o" "../src/HX711.c"
Finished building: ../src/HX711.c
 
Building target: blink.elf
Invoking: MCU GCC Linker
arm-none-eabi-gcc -mcpu=cortex-m3 -mthumb -mfloat-abi=soft -T"C:/Users/pawar/Documents/School/ECE477/microcontroller/blink/LinkerScript.ld" -Wl,-Map=output.map -Wl,--gc-sections -o "blink.elf" @"objects.list"   -lm
Finished building target: blink.elf
 
make --no-print-directory post-build
Generating binary and Printing size information:
arm-none-eabi-objcopy -O binary "blink.elf" "blink.bin"
arm-none-eabi-size "blink.elf"
   text	   data	    bss	    dec	    hex	filename
   9092	   2152	    604	  11848	   2e48	blink.elf
 
15:27:39 **** Incremental Build of configuration Debug for project blink ****
make -j8 all 
make: Nothing to be done for 'all'.
15:32:30 **** Incremental Build of configuration Debug for project blink ****
make -j8 all 
make: Nothing to be done for 'all'.
15:45:05 **** Incremental Build of configuration Debug for project blink ****
make -j8 all 
make: Nothing to be done for 'all'.
15:45:45 **** Incremental Build of configuration Debug for project blink ****
make -j8 all 
make: Nothing to be done for 'all'.
15:47:56 **** Incremental Build of configuration Debug for project blink ****
make -j8 all 
Building file: ../src/main.c
Invoking: MCU GCC Compiler
C:\Users\pawar\Documents\School\ECE477\microcontroller\blink\Debug
arm-none-eabi-gcc -mcpu=cortex-m3 -mthumb -mfloat-abi=soft -DSTM32 -DSTM32L1 -DSTM32L152RCTx -DSTM32L152C_DISCO -DDEBUG -DSTM32L1XX_MDP -DUSE_STDPERIPH_DRIVER -I"C:/Users/pawar/Documents/School/ECE477/microcontroller/blink/Utilities" -I"C:/Users/pawar/Documents/School/ECE477/microcontroller/blink/StdPeriph_Driver/inc" -I"C:/Users/pawar/Documents/School/ECE477/microcontroller/blink/inc" -I"C:/Users/pawar/Documents/School/ECE477/microcontroller/blink/CMSIS/device" -I"C:/Users/pawar/Documents/School/ECE477/microcontroller/blink/CMSIS/core" -O0 -g3 -Wall -fmessage-length=0 -ffunction-sections -c -MMD -MP -MF"src/main.d" -MT"src/main.o" -o "src/main.o" "../src/main.c"
../src/main.c: In function 'main':
../src/main.c:65:6: warning: unused variable 'flag' [-Wunused-variable]
  int flag = 1;
      ^~~~
../src/main.c:63:16: warning: variable 'weight' set but not used [-Wunused-but-set-variable]
  unsigned long weight;
                ^~~~~~
Finished building: ../src/main.c
 
Building target: blink.elf
Invoking: MCU GCC Linker
arm-none-eabi-gcc -mcpu=cortex-m3 -mthumb -mfloat-abi=soft -T"C:/Users/pawar/Documents/School/ECE477/microcontroller/blink/LinkerScript.ld" -Wl,-Map=output.map -Wl,--gc-sections -o "blink.elf" @"objects.list"   -lm
Finished building target: blink.elf
 
make --no-print-directory post-build
Generating binary and Printing size information:
arm-none-eabi-objcopy -O binary "blink.elf" "blink.bin"
arm-none-eabi-size "blink.elf"
   text	   data	    bss	    dec	    hex	filename
   9108	   2152	    604	  11864	   2e58	blink.elf
 
15:50:42 **** Incremental Build of configuration Debug for project blink ****
make -j8 all 
Building file: ../src/main.c
Invoking: MCU GCC Compiler
C:\Users\pawar\Documents\School\ECE477\microcontroller\blink\Debug
arm-none-eabi-gcc -mcpu=cortex-m3 -mthumb -mfloat-abi=soft -DSTM32 -DSTM32L1 -DSTM32L152RCTx -DSTM32L152C_DISCO -DDEBUG -DSTM32L1XX_MDP -DUSE_STDPERIPH_DRIVER -I"C:/Users/pawar/Documents/School/ECE477/microcontroller/blink/Utilities" -I"C:/Users/pawar/Documents/School/ECE477/microcontroller/blink/StdPeriph_Driver/inc" -I"C:/Users/pawar/Documents/School/ECE477/microcontroller/blink/inc" -I"C:/Users/pawar/Documents/School/ECE477/microcontroller/blink/CMSIS/device" -I"C:/Users/pawar/Documents/School/ECE477/microcontroller/blink/CMSIS/core" -O0 -g3 -Wall -fmessage-length=0 -ffunction-sections -c -MMD -MP -MF"src/main.d" -MT"src/main.o" -o "src/main.o" "../src/main.c"
../src/main.c: In function 'main':
../src/main.c:65:6: warning: unused variable 'flag' [-Wunused-variable]
  int flag = 1;
      ^~~~
../src/main.c:64:16: warning: variable 'count_t' set but not used [-Wunused-but-set-variable]
  unsigned long count_t;
                ^~~~~~~
../src/main.c:63:16: warning: unused variable 'weight' [-Wunused-variable]
  unsigned long weight;
                ^~~~~~
Finished building: ../src/main.c
 
Building target: blink.elf
Invoking: MCU GCC Linker
arm-none-eabi-gcc -mcpu=cortex-m3 -mthumb -mfloat-abi=soft -T"C:/Users/pawar/Documents/School/ECE477/microcontroller/blink/LinkerScript.ld" -Wl,-Map=output.map -Wl,--gc-sections -o "blink.elf" @"objects.list"   -lm
Finished building target: blink.elf
 
make --no-print-directory post-build
Generating binary and Printing size information:
arm-none-eabi-objcopy -O binary "blink.elf" "blink.bin"
arm-none-eabi-size "blink.elf"
   text	   data	    bss	    dec	    hex	filename
   7004	   2152	    604	   9760	   2620	blink.elf
 
15:52:57 **** Incremental Build of configuration Debug for project blink ****
make -j8 all 
make: Nothing to be done for 'all'.
15:55:26 **** Incremental Build of configuration Debug for project blink ****
make -j8 all 
make: Nothing to be done for 'all'.
15:56:34 **** Incremental Build of configuration Debug for project blink ****
make -j8 all 
Building file: ../src/main.c
Invoking: MCU GCC Compiler
C:\Users\pawar\Documents\School\ECE477\microcontroller\blink\Debug
arm-none-eabi-gcc -mcpu=cortex-m3 -mthumb -mfloat-abi=soft -DSTM32 -DSTM32L1 -DSTM32L152RCTx -DSTM32L152C_DISCO -DDEBUG -DSTM32L1XX_MDP -DUSE_STDPERIPH_DRIVER -I"C:/Users/pawar/Documents/School/ECE477/microcontroller/blink/Utilities" -I"C:/Users/pawar/Documents/School/ECE477/microcontroller/blink/StdPeriph_Driver/inc" -I"C:/Users/pawar/Documents/School/ECE477/microcontroller/blink/inc" -I"C:/Users/pawar/Documents/School/ECE477/microcontroller/blink/CMSIS/device" -I"C:/Users/pawar/Documents/School/ECE477/microcontroller/blink/CMSIS/core" -O0 -g3 -Wall -fmessage-length=0 -ffunction-sections -c -MMD -MP -MF"src/main.d" -MT"src/main.o" -o "src/main.o" "../src/main.c"
../src/main.c: In function 'main':
../src/main.c:65:6: warning: unused variable 'flag' [-Wunused-variable]
  int flag = 1;
      ^~~~
../src/main.c:64:7: warning: variable 'count_t' set but not used [-Wunused-but-set-variable]
  long count_t;
       ^~~~~~~
../src/main.c:63:16: warning: unused variable 'weight' [-Wunused-variable]
  unsigned long weight;
                ^~~~~~
Finished building: ../src/main.c
 
Building target: blink.elf
Invoking: MCU GCC Linker
arm-none-eabi-gcc -mcpu=cortex-m3 -mthumb -mfloat-abi=soft -T"C:/Users/pawar/Documents/School/ECE477/microcontroller/blink/LinkerScript.ld" -Wl,-Map=output.map -Wl,--gc-sections -o "blink.elf" @"objects.list"   -lm
Finished building target: blink.elf
 
make --no-print-directory post-build
Generating binary and Printing size information:
arm-none-eabi-objcopy -O binary "blink.elf" "blink.bin"
arm-none-eabi-size "blink.elf"
   text	   data	    bss	    dec	    hex	filename
   7000	   2152	    604	   9756	   261c	blink.elf
 
16:05:14 **** Incremental Build of configuration Debug for project blink ****
make -j8 all 
make: Nothing to be done for 'all'.
14:14:09 **** Incremental Build of configuration Debug for project blink ****
make -j8 all 
make: Nothing to be done for 'all'.
14:32:17 **** Incremental Build of configuration Debug for project blink ****
make -j8 all 
Building file: ../src/HX711.c
Building file: ../src/main.c
Invoking: MCU GCC Compiler
Invoking: MCU GCC Compiler
C:\Users\pawar\Documents\School\ECE477\microcontroller\blink\Debug
C:\Users\pawar\Documents\School\ECE477\microcontroller\blink\Debug
arm-none-eabi-gcc -mcpu=cortex-m3 -mthumb -mfloat-abi=soft -DSTM32 -DSTM32L1 -DSTM32L152RCTx -DSTM32L152C_DISCO -DDEBUG -DSTM32L1XX_MDP -DUSE_STDPERIPH_DRIVER -I"C:/Users/pawar/Documents/School/ECE477/microcontroller/blink/Utilities" -I"C:/Users/pawar/Documents/School/ECE477/microcontroller/blink/StdPeriph_Driver/inc" -I"C:/Users/pawar/Documents/School/ECE477/microcontroller/blink/inc" -I"C:/Users/pawar/Documents/School/ECE477/microcontroller/blink/CMSIS/device" -I"C:/Users/pawar/Documents/School/ECE477/microcontroller/blink/CMSIS/core" -O0 -g3 -Wall -fmessage-length=0 -ffunction-sections -c -MMD -MP -MF"src/main.d" -MT"src/main.o" -o "src/main.o" "../src/main.c"
arm-none-eabi-gcc -mcpu=cortex-m3 -mthumb -mfloat-abi=soft -DSTM32 -DSTM32L1 -DSTM32L152RCTx -DSTM32L152C_DISCO -DDEBUG -DSTM32L1XX_MDP -DUSE_STDPERIPH_DRIVER -I"C:/Users/pawar/Documents/School/ECE477/microcontroller/blink/Utilities" -I"C:/Users/pawar/Documents/School/ECE477/microcontroller/blink/StdPeriph_Driver/inc" -I"C:/Users/pawar/Documents/School/ECE477/microcontroller/blink/inc" -I"C:/Users/pawar/Documents/School/ECE477/microcontroller/blink/CMSIS/device" -I"C:/Users/pawar/Documents/School/ECE477/microcontroller/blink/CMSIS/core" -O0 -g3 -Wall -fmessage-length=0 -ffunction-sections -c -MMD -MP -MF"src/HX711.d" -MT"src/HX711.o" -o "src/HX711.o" "../src/HX711.c"
../src/main.c: In function 'main':
../src/main.c:65:6: warning: unused variable 'flag' [-Wunused-variable]
  int flag = 1;
      ^~~~
../src/main.c:64:7: warning: variable 'count_t' set but not used [-Wunused-but-set-variable]
  long count_t;
       ^~~~~~~
../src/main.c:63:16: warning: unused variable 'weight' [-Wunused-variable]
  unsigned long weight;
                ^~~~~~
Finished building: ../src/main.c
Finished building: ../src/HX711.c
 
 
Building target: blink.elf
Invoking: MCU GCC Linker
arm-none-eabi-gcc -mcpu=cortex-m3 -mthumb -mfloat-abi=soft -T"C:/Users/pawar/Documents/School/ECE477/microcontroller/blink/LinkerScript.ld" -Wl,-Map=output.map -Wl,--gc-sections -o "blink.elf" @"objects.list"   -lm
Finished building target: blink.elf
 
make --no-print-directory post-build
Generating binary and Printing size information:
arm-none-eabi-objcopy -O binary "blink.elf" "blink.bin"
arm-none-eabi-size "blink.elf"
   text	   data	    bss	    dec	    hex	filename
   7008	   2152	    604	   9764	   2624	blink.elf
 
14:33:10 **** Incremental Build of configuration Debug for project blink ****
make -j8 all 
make: Nothing to be done for 'all'.
14:33:18 **** Incremental Build of configuration Debug for project blink ****
make -j8 all 
make: Nothing to be done for 'all'.
14:36:13 **** Incremental Build of configuration Debug for project blink ****
make -j8 all 
make: Nothing to be done for 'all'.
14:38:00 **** Incremental Build of configuration Debug for project blink ****
make -j8 all 
make: Nothing to be done for 'all'.
14:39:00 **** Incremental Build of configuration Debug for project blink ****
make -j8 all 
Building file: ../src/main.c
Invoking: MCU GCC Compiler
C:\Users\pawar\Documents\School\ECE477\microcontroller\blink\Debug
arm-none-eabi-gcc -mcpu=cortex-m3 -mthumb -mfloat-abi=soft -DSTM32 -DSTM32L1 -DSTM32L152RCTx -DSTM32L152C_DISCO -DDEBUG -DSTM32L1XX_MDP -DUSE_STDPERIPH_DRIVER -I"C:/Users/pawar/Documents/School/ECE477/microcontroller/blink/Utilities" -I"C:/Users/pawar/Documents/School/ECE477/microcontroller/blink/StdPeriph_Driver/inc" -I"C:/Users/pawar/Documents/School/ECE477/microcontroller/blink/inc" -I"C:/Users/pawar/Documents/School/ECE477/microcontroller/blink/CMSIS/device" -I"C:/Users/pawar/Documents/School/ECE477/microcontroller/blink/CMSIS/core" -O0 -g3 -Wall -fmessage-length=0 -ffunction-sections -c -MMD -MP -MF"src/main.d" -MT"src/main.o" -o "src/main.o" "../src/main.c"
../src/main.c: In function 'main':
../src/main.c:67:6: warning: unused variable 'flag' [-Wunused-variable]
  int flag = 1;
      ^~~~
../src/main.c:65:16: warning: unused variable 'weight' [-Wunused-variable]
  unsigned long weight;
                ^~~~~~
Finished building: ../src/main.c
 
Building target: blink.elf
Invoking: MCU GCC Linker
arm-none-eabi-gcc -mcpu=cortex-m3 -mthumb -mfloat-abi=soft -T"C:/Users/pawar/Documents/School/ECE477/microcontroller/blink/LinkerScript.ld" -Wl,-Map=output.map -Wl,--gc-sections -o "blink.elf" @"objects.list"   -lm
Finished building target: blink.elf
 
make --no-print-directory post-build
Generating binary and Printing size information:
arm-none-eabi-objcopy -O binary "blink.elf" "blink.bin"
arm-none-eabi-size "blink.elf"
   text	   data	    bss	    dec	    hex	filename
   7016	   2152	    604	   9772	   262c	blink.elf
 
14:42:24 **** Incremental Build of configuration Debug for project blink ****
make -j8 all 
make: Nothing to be done for 'all'.
14:46:18 **** Incremental Build of configuration Debug for project blink ****
make -j8 all 
Building file: ../src/main.c
Invoking: MCU GCC Compiler
C:\Users\pawar\Documents\School\ECE477\microcontroller\blink\Debug
arm-none-eabi-gcc -mcpu=cortex-m3 -mthumb -mfloat-abi=soft -DSTM32 -DSTM32L1 -DSTM32L152RCTx -DSTM32L152C_DISCO -DDEBUG -DSTM32L1XX_MDP -DUSE_STDPERIPH_DRIVER -I"C:/Users/pawar/Documents/School/ECE477/microcontroller/blink/Utilities" -I"C:/Users/pawar/Documents/School/ECE477/microcontroller/blink/StdPeriph_Driver/inc" -I"C:/Users/pawar/Documents/School/ECE477/microcontroller/blink/inc" -I"C:/Users/pawar/Documents/School/ECE477/microcontroller/blink/CMSIS/device" -I"C:/Users/pawar/Documents/School/ECE477/microcontroller/blink/CMSIS/core" -O0 -g3 -Wall -fmessage-length=0 -ffunction-sections -c -MMD -MP -MF"src/main.d" -MT"src/main.o" -o "src/main.o" "../src/main.c"
../src/main.c: In function 'main':
../src/main.c:65:6: warning: unused variable 'flag' [-Wunused-variable]
  int flag = 1;
      ^~~~
../src/main.c:64:16: warning: variable 'count_t' set but not used [-Wunused-but-set-variable]
  unsigned long count_t;
                ^~~~~~~
../src/main.c:63:16: warning: unused variable 'weight' [-Wunused-variable]
  unsigned long weight;
                ^~~~~~
Finished building: ../src/main.c
 
Building target: blink.elf
Invoking: MCU GCC Linker
arm-none-eabi-gcc -mcpu=cortex-m3 -mthumb -mfloat-abi=soft -T"C:/Users/pawar/Documents/School/ECE477/microcontroller/blink/LinkerScript.ld" -Wl,-Map=output.map -Wl,--gc-sections -o "blink.elf" @"objects.list"   -lm
Finished building target: blink.elf
 
make --no-print-directory post-build
Generating binary and Printing size information:
arm-none-eabi-objcopy -O binary "blink.elf" "blink.bin"
arm-none-eabi-size "blink.elf"
   text	   data	    bss	    dec	    hex	filename
   7008	   2152	    604	   9764	   2624	blink.elf
 
14:49:08 **** Incremental Build of configuration Debug for project blink ****
make -j8 all 
Building file: ../src/main.c
Invoking: MCU GCC Compiler
C:\Users\pawar\Documents\School\ECE477\microcontroller\blink\Debug
arm-none-eabi-gcc -mcpu=cortex-m3 -mthumb -mfloat-abi=soft -DSTM32 -DSTM32L1 -DSTM32L152RCTx -DSTM32L152C_DISCO -DDEBUG -DSTM32L1XX_MDP -DUSE_STDPERIPH_DRIVER -I"C:/Users/pawar/Documents/School/ECE477/microcontroller/blink/Utilities" -I"C:/Users/pawar/Documents/School/ECE477/microcontroller/blink/StdPeriph_Driver/inc" -I"C:/Users/pawar/Documents/School/ECE477/microcontroller/blink/inc" -I"C:/Users/pawar/Documents/School/ECE477/microcontroller/blink/CMSIS/device" -I"C:/Users/pawar/Documents/School/ECE477/microcontroller/blink/CMSIS/core" -O0 -g3 -Wall -fmessage-length=0 -ffunction-sections -c -MMD -MP -MF"src/main.d" -MT"src/main.o" -o "src/main.o" "../src/main.c"
../src/main.c: In function 'main':
../src/main.c:65:6: warning: unused variable 'flag' [-Wunused-variable]
  int flag = 1;
      ^~~~
../src/main.c:64:16: warning: variable 'count_t' set but not used [-Wunused-but-set-variable]
  unsigned long count_t;
                ^~~~~~~
../src/main.c:63:16: warning: unused variable 'weight' [-Wunused-variable]
  unsigned long weight;
                ^~~~~~
Finished building: ../src/main.c
 
Building target: blink.elf
Invoking: MCU GCC Linker
arm-none-eabi-gcc -mcpu=cortex-m3 -mthumb -mfloat-abi=soft -T"C:/Users/pawar/Documents/School/ECE477/microcontroller/blink/LinkerScript.ld" -Wl,-Map=output.map -Wl,--gc-sections -o "blink.elf" @"objects.list"   -lm
Finished building target: blink.elf
 
make --no-print-directory post-build
Generating binary and Printing size information:
arm-none-eabi-objcopy -O binary "blink.elf" "blink.bin"
arm-none-eabi-size "blink.elf"
   text	   data	    bss	    dec	    hex	filename
   6920	   2152	    604	   9676	   25cc	blink.elf
 
14:51:42 **** Incremental Build of configuration Debug for project blink ****
make -j8 all 
make: Nothing to be done for 'all'.
14:01:54 **** Incremental Build of configuration Debug for project blink ****
make -j8 all 
Building file: ../src/HX711.c
Building file: ../src/main.c
Invoking: MCU GCC Compiler
Invoking: MCU GCC Compiler
C:\Users\pawar\Documents\School\ECE477\microcontroller\blink\Debug
arm-none-eabi-gcc -mcpu=cortex-m3 -mthumb -mfloat-abi=soft -DSTM32 -DSTM32L1 -DSTM32L152RCTx -DSTM32L152C_DISCO -DDEBUG -DSTM32L1XX_MDP -DUSE_STDPERIPH_DRIVER -I"C:/Users/pawar/Documents/School/ECE477/microcontroller/blink/Utilities" -I"C:/Users/pawar/Documents/School/ECE477/microcontroller/blink/StdPeriph_Driver/inc" -I"C:/Users/pawar/Documents/School/ECE477/microcontroller/blink/inc" -I"C:/Users/pawar/Documents/School/ECE477/microcontroller/blink/CMSIS/device" -I"C:/Users/pawar/Documents/School/ECE477/microcontroller/blink/CMSIS/core" -O0 -g3 -Wall -fmessage-length=0 -ffunction-sections -c -MMD -MP -MF"src/HX711.d" -MT"src/HX711.o" -o "src/HX711.o" "../src/HX711.c"
C:\Users\pawar\Documents\School\ECE477\microcontroller\blink\Debug
arm-none-eabi-gcc -mcpu=cortex-m3 -mthumb -mfloat-abi=soft -DSTM32 -DSTM32L1 -DSTM32L152RCTx -DSTM32L152C_DISCO -DDEBUG -DSTM32L1XX_MDP -DUSE_STDPERIPH_DRIVER -I"C:/Users/pawar/Documents/School/ECE477/microcontroller/blink/Utilities" -I"C:/Users/pawar/Documents/School/ECE477/microcontroller/blink/StdPeriph_Driver/inc" -I"C:/Users/pawar/Documents/School/ECE477/microcontroller/blink/inc" -I"C:/Users/pawar/Documents/School/ECE477/microcontroller/blink/CMSIS/device" -I"C:/Users/pawar/Documents/School/ECE477/microcontroller/blink/CMSIS/core" -O0 -g3 -Wall -fmessage-length=0 -ffunction-sections -c -MMD -MP -MF"src/main.d" -MT"src/main.o" -o "src/main.o" "../src/main.c"
../src/main.c: In function 'main':
../src/main.c:65:6: warning: unused variable 'flag' [-Wunused-variable]
  int flag = 1;
      ^~~~
../src/main.c:64:16: warning: variable 'count_t' set but not used [-Wunused-but-set-variable]
  unsigned long count_t;
                ^~~~~~~
../src/main.c:63:16: warning: unused variable 'weight' [-Wunused-variable]
  unsigned long weight;
                ^~~~~~
Finished building: ../src/main.c
Finished building: ../src/HX711.c
 
 
Building target: blink.elf
Invoking: MCU GCC Linker
arm-none-eabi-gcc -mcpu=cortex-m3 -mthumb -mfloat-abi=soft -T"C:/Users/pawar/Documents/School/ECE477/microcontroller/blink/LinkerScript.ld" -Wl,-Map=output.map -Wl,--gc-sections -o "blink.elf" @"objects.list"   -lm
Finished building target: blink.elf
 
make --no-print-directory post-build
Generating binary and Printing size information:
arm-none-eabi-objcopy -O binary "blink.elf" "blink.bin"
arm-none-eabi-size "blink.elf"
   text	   data	    bss	    dec	    hex	filename
   6920	   2152	    604	   9676	   25cc	blink.elf
 
14:19:47 **** Incremental Build of configuration Debug for project blink ****
make -j8 all 
Building file: ../src/main.c
Invoking: MCU GCC Compiler
C:\Users\pawar\Documents\School\ECE477\microcontroller\blink\Debug
arm-none-eabi-gcc -mcpu=cortex-m3 -mthumb -mfloat-abi=soft -DSTM32 -DSTM32L1 -DSTM32L152RCTx -DSTM32L152C_DISCO -DDEBUG -DSTM32L1XX_MDP -DUSE_STDPERIPH_DRIVER -I"C:/Users/pawar/Documents/School/ECE477/microcontroller/blink/Utilities" -I"C:/Users/pawar/Documents/School/ECE477/microcontroller/blink/StdPeriph_Driver/inc" -I"C:/Users/pawar/Documents/School/ECE477/microcontroller/blink/inc" -I"C:/Users/pawar/Documents/School/ECE477/microcontroller/blink/CMSIS/device" -I"C:/Users/pawar/Documents/School/ECE477/microcontroller/blink/CMSIS/core" -O0 -g3 -Wall -fmessage-length=0 -ffunction-sections -c -MMD -MP -MF"src/main.d" -MT"src/main.o" -o "src/main.o" "../src/main.c"
../src/main.c: In function 'main':
../src/main.c:65:6: warning: unused variable 'flag' [-Wunused-variable]
  int flag = 1;
      ^~~~
../src/main.c:64:16: warning: variable 'count_t' set but not used [-Wunused-but-set-variable]
  unsigned long count_t;
                ^~~~~~~
../src/main.c:63:16: warning: unused variable 'weight' [-Wunused-variable]
  unsigned long weight;
                ^~~~~~
Finished building: ../src/main.c
 
Building target: blink.elf
Invoking: MCU GCC Linker
arm-none-eabi-gcc -mcpu=cortex-m3 -mthumb -mfloat-abi=soft -T"C:/Users/pawar/Documents/School/ECE477/microcontroller/blink/LinkerScript.ld" -Wl,-Map=output.map -Wl,--gc-sections -o "blink.elf" @"objects.list"   -lm
Finished building target: blink.elf
 
make --no-print-directory post-build
Generating binary and Printing size information:
arm-none-eabi-objcopy -O binary "blink.elf" "blink.bin"
arm-none-eabi-size "blink.elf"
   text	   data	    bss	    dec	    hex	filename
   6996	   2152	    604	   9752	   2618	blink.elf
 
14:22:34 **** Incremental Build of configuration Debug for project blink ****
make -j8 all 
make: Nothing to be done for 'all'.
14:28:26 **** Incremental Build of configuration Debug for project blink ****
make -j8 all 
Building file: ../src/main.c
Invoking: MCU GCC Compiler
C:\Users\pawar\Documents\School\ECE477\microcontroller\blink\Debug
arm-none-eabi-gcc -mcpu=cortex-m3 -mthumb -mfloat-abi=soft -DSTM32 -DSTM32L1 -DSTM32L152RCTx -DSTM32L152C_DISCO -DDEBUG -DSTM32L1XX_MDP -DUSE_STDPERIPH_DRIVER -I"C:/Users/pawar/Documents/School/ECE477/microcontroller/blink/Utilities" -I"C:/Users/pawar/Documents/School/ECE477/microcontroller/blink/StdPeriph_Driver/inc" -I"C:/Users/pawar/Documents/School/ECE477/microcontroller/blink/inc" -I"C:/Users/pawar/Documents/School/ECE477/microcontroller/blink/CMSIS/device" -I"C:/Users/pawar/Documents/School/ECE477/microcontroller/blink/CMSIS/core" -O0 -g3 -Wall -fmessage-length=0 -ffunction-sections -c -MMD -MP -MF"src/main.d" -MT"src/main.o" -o "src/main.o" "../src/main.c"
../src/main.c: In function 'main':
../src/main.c:65:6: warning: unused variable 'flag' [-Wunused-variable]
  int flag = 1;
      ^~~~
../src/main.c:64:16: warning: variable 'count_t' set but not used [-Wunused-but-set-variable]
  unsigned long count_t;
                ^~~~~~~
../src/main.c:63:16: warning: unused variable 'weight' [-Wunused-variable]
  unsigned long weight;
                ^~~~~~
Finished building: ../src/main.c
 
Building target: blink.elf
Invoking: MCU GCC Linker
arm-none-eabi-gcc -mcpu=cortex-m3 -mthumb -mfloat-abi=soft -T"C:/Users/pawar/Documents/School/ECE477/microcontroller/blink/LinkerScript.ld" -Wl,-Map=output.map -Wl,--gc-sections -o "blink.elf" @"objects.list"   -lm
Finished building target: blink.elf
 
make --no-print-directory post-build
Generating binary and Printing size information:
arm-none-eabi-objcopy -O binary "blink.elf" "blink.bin"
arm-none-eabi-size "blink.elf"
   text	   data	    bss	    dec	    hex	filename
   7008	   2152	    604	   9764	   2624	blink.elf
 
14:29:30 **** Incremental Build of configuration Debug for project blink ****
make -j8 all 
Building file: ../src/main.c
Invoking: MCU GCC Compiler
C:\Users\pawar\Documents\School\ECE477\microcontroller\blink\Debug
arm-none-eabi-gcc -mcpu=cortex-m3 -mthumb -mfloat-abi=soft -DSTM32 -DSTM32L1 -DSTM32L152RCTx -DSTM32L152C_DISCO -DDEBUG -DSTM32L1XX_MDP -DUSE_STDPERIPH_DRIVER -I"C:/Users/pawar/Documents/School/ECE477/microcontroller/blink/Utilities" -I"C:/Users/pawar/Documents/School/ECE477/microcontroller/blink/StdPeriph_Driver/inc" -I"C:/Users/pawar/Documents/School/ECE477/microcontroller/blink/inc" -I"C:/Users/pawar/Documents/School/ECE477/microcontroller/blink/CMSIS/device" -I"C:/Users/pawar/Documents/School/ECE477/microcontroller/blink/CMSIS/core" -O0 -g3 -Wall -fmessage-length=0 -ffunction-sections -c -MMD -MP -MF"src/main.d" -MT"src/main.o" -o "src/main.o" "../src/main.c"
../src/main.c: In function 'main':
../src/main.c:65:6: warning: unused variable 'flag' [-Wunused-variable]
  int flag = 1;
      ^~~~
../src/main.c:63:16: warning: variable 'weight' set but not used [-Wunused-but-set-variable]
  unsigned long weight;
                ^~~~~~
Finished building: ../src/main.c
 
Building target: blink.elf
Invoking: MCU GCC Linker
arm-none-eabi-gcc -mcpu=cortex-m3 -mthumb -mfloat-abi=soft -T"C:/Users/pawar/Documents/School/ECE477/microcontroller/blink/LinkerScript.ld" -Wl,-Map=output.map -Wl,--gc-sections -o "blink.elf" @"objects.list"   -lm
Finished building target: blink.elf
 
make --no-print-directory post-build
Generating binary and Printing size information:
arm-none-eabi-objcopy -O binary "blink.elf" "blink.bin"
arm-none-eabi-size "blink.elf"
   text	   data	    bss	    dec	    hex	filename
   7012	   2152	    604	   9768	   2628	blink.elf
 
14:30:12 **** Incremental Build of configuration Debug for project blink ****
make -j8 all 
Building file: ../src/main.c
Invoking: MCU GCC Compiler
C:\Users\pawar\Documents\School\ECE477\microcontroller\blink\Debug
arm-none-eabi-gcc -mcpu=cortex-m3 -mthumb -mfloat-abi=soft -DSTM32 -DSTM32L1 -DSTM32L152RCTx -DSTM32L152C_DISCO -DDEBUG -DSTM32L1XX_MDP -DUSE_STDPERIPH_DRIVER -I"C:/Users/pawar/Documents/School/ECE477/microcontroller/blink/Utilities" -I"C:/Users/pawar/Documents/School/ECE477/microcontroller/blink/StdPeriph_Driver/inc" -I"C:/Users/pawar/Documents/School/ECE477/microcontroller/blink/inc" -I"C:/Users/pawar/Documents/School/ECE477/microcontroller/blink/CMSIS/device" -I"C:/Users/pawar/Documents/School/ECE477/microcontroller/blink/CMSIS/core" -O0 -g3 -Wall -fmessage-length=0 -ffunction-sections -c -MMD -MP -MF"src/main.d" -MT"src/main.o" -o "src/main.o" "../src/main.c"
../src/main.c: In function 'main':
../src/main.c:65:6: warning: unused variable 'flag' [-Wunused-variable]
  int flag = 1;
      ^~~~
../src/main.c:63:7: warning: variable 'weight' set but not used [-Wunused-but-set-variable]
  long weight;
       ^~~~~~
Finished building: ../src/main.c
 
Building target: blink.elf
Invoking: MCU GCC Linker
arm-none-eabi-gcc -mcpu=cortex-m3 -mthumb -mfloat-abi=soft -T"C:/Users/pawar/Documents/School/ECE477/microcontroller/blink/LinkerScript.ld" -Wl,-Map=output.map -Wl,--gc-sections -o "blink.elf" @"objects.list"   -lm
Finished building target: blink.elf
 
make --no-print-directory post-build
Generating binary and Printing size information:
[...]
  USART_SendData(USART1,"\r");
                        ^~~~
In file included from C:/Users/pawar/Documents/School/ECE477/microcontroller/blink/StdPeriph_Driver/inc/stm32l1xx_conf.h:46:0,
                 from C:/Users/pawar/Documents/School/ECE477/microcontroller/blink/CMSIS/device/stm32l1xx.h:6638,
                 from ../src/main.c:12:
C:/Users/pawar/Documents/School/ECE477/microcontroller/blink/StdPeriph_Driver/inc/stm32l1xx_usart.h:378:6: note: expected 'uint16_t {aka short unsigned int}' but argument is of type 'char *'
 void USART_SendData(USART_TypeDef* USARTx, uint16_t Data);
      ^~~~~~~~~~~~~~
Finished building: ../src/main.c
 
Building target: blink.elf
Invoking: MCU GCC Linker
arm-none-eabi-gcc -mcpu=cortex-m3 -mthumb -mfloat-abi=soft -T"C:/Users/pawar/Documents/School/ECE477/microcontroller/blink/LinkerScript.ld" -Wl,-Map=output.map -Wl,--gc-sections -o "blink.elf" @"objects.list"   -lm
Finished building target: blink.elf
 
make --no-print-directory post-build
Generating binary and Printing size information:
arm-none-eabi-objcopy -O binary "blink.elf" "blink.bin"
arm-none-eabi-size "blink.elf"
   text	   data	    bss	    dec	    hex	filename
   7320	   2152	    604	  10076	   275c	blink.elf
 
15:13:19 **** Incremental Build of configuration Debug for project blink ****
make -j8 all 
make: Nothing to be done for 'all'.
15:14:34 **** Incremental Build of configuration Debug for project blink ****
make -j8 all 
Building file: ../src/main.c
Invoking: MCU GCC Compiler
C:\Users\pawar\Documents\School\ECE477\microcontroller\blink\Debug
arm-none-eabi-gcc -mcpu=cortex-m3 -mthumb -mfloat-abi=soft -DSTM32 -DSTM32L1 -DSTM32L152RCTx -DSTM32L152C_DISCO -DDEBUG -DSTM32L1XX_MDP -DUSE_STDPERIPH_DRIVER -I"C:/Users/pawar/Documents/School/ECE477/microcontroller/blink/Utilities" -I"C:/Users/pawar/Documents/School/ECE477/microcontroller/blink/StdPeriph_Driver/inc" -I"C:/Users/pawar/Documents/School/ECE477/microcontroller/blink/inc" -I"C:/Users/pawar/Documents/School/ECE477/microcontroller/blink/CMSIS/device" -I"C:/Users/pawar/Documents/School/ECE477/microcontroller/blink/CMSIS/core" -O0 -g3 -Wall -fmessage-length=0 -ffunction-sections -c -MMD -MP -MF"src/main.d" -MT"src/main.o" -o "src/main.o" "../src/main.c"
../src/main.c: In function 'test':
../src/main.c:236:24: warning: passing argument 2 of 'USART_SendData' makes integer from pointer without a cast [-Wint-conversion]
  USART_SendData(USART1,"\r");
                        ^~~~
In file included from C:/Users/pawar/Documents/School/ECE477/microcontroller/blink/StdPeriph_Driver/inc/stm32l1xx_conf.h:46:0,
                 from C:/Users/pawar/Documents/School/ECE477/microcontroller/blink/CMSIS/device/stm32l1xx.h:6638,
                 from ../src/main.c:12:
C:/Users/pawar/Documents/School/ECE477/microcontroller/blink/StdPeriph_Driver/inc/stm32l1xx_usart.h:378:6: note: expected 'uint16_t {aka short unsigned int}' but argument is of type 'char *'
 void USART_SendData(USART_TypeDef* USARTx, uint16_t Data);
      ^~~~~~~~~~~~~~
Finished building: ../src/main.c
 
Building target: blink.elf
Invoking: MCU GCC Linker
arm-none-eabi-gcc -mcpu=cortex-m3 -mthumb -mfloat-abi=soft -T"C:/Users/pawar/Documents/School/ECE477/microcontroller/blink/LinkerScript.ld" -Wl,-Map=output.map -Wl,--gc-sections -o "blink.elf" @"objects.list"   -lm
Finished building target: blink.elf
 
make --no-print-directory post-build
Generating binary and Printing size information:
arm-none-eabi-objcopy -O binary "blink.elf" "blink.bin"
arm-none-eabi-size "blink.elf"
   text	   data	    bss	    dec	    hex	filename
   7408	   2152	    604	  10164	   27b4	blink.elf
 
15:15:40 **** Incremental Build of configuration Debug for project blink ****
make -j8 all 
Building file: ../src/main.c
Invoking: MCU GCC Compiler
C:\Users\pawar\Documents\School\ECE477\microcontroller\blink\Debug
arm-none-eabi-gcc -mcpu=cortex-m3 -mthumb -mfloat-abi=soft -DSTM32 -DSTM32L1 -DSTM32L152RCTx -DSTM32L152C_DISCO -DDEBUG -DSTM32L1XX_MDP -DUSE_STDPERIPH_DRIVER -I"C:/Users/pawar/Documents/School/ECE477/microcontroller/blink/Utilities" -I"C:/Users/pawar/Documents/School/ECE477/microcontroller/blink/StdPeriph_Driver/inc" -I"C:/Users/pawar/Documents/School/ECE477/microcontroller/blink/inc" -I"C:/Users/pawar/Documents/School/ECE477/microcontroller/blink/CMSIS/device" -I"C:/Users/pawar/Documents/School/ECE477/microcontroller/blink/CMSIS/core" -O0 -g3 -Wall -fmessage-length=0 -ffunction-sections -c -MMD -MP -MF"src/main.d" -MT"src/main.o" -o "src/main.o" "../src/main.c"
../src/main.c: In function 'test':
../src/main.c:236:24: warning: missing terminating " character
  USART_SendData(USART1,"\");
                        ^
../src/main.c:236:24: error: missing terminating " character
  USART_SendData(USART1,"\");
                        ^~~~~
../src/main.c:237:2: error: expected expression before 'while'
  while(USART_GetFlagStatus(USART1,USART_FLAG_TXE) == RESET);
  ^~~~~
../src/main.c:240:1: error: expected ';' before '}' token
 }
 ^
make: *** [src/main.o] Error 1
src/subdir.mk:30: recipe for target 'src/main.o' failed
15:15:58 **** Incremental Build of configuration Debug for project blink ****
make -j8 all 
Building file: ../src/main.c
Invoking: MCU GCC Compiler
C:\Users\pawar\Documents\School\ECE477\microcontroller\blink\Debug
arm-none-eabi-gcc -mcpu=cortex-m3 -mthumb -mfloat-abi=soft -DSTM32 -DSTM32L1 -DSTM32L152RCTx -DSTM32L152C_DISCO -DDEBUG -DSTM32L1XX_MDP -DUSE_STDPERIPH_DRIVER -I"C:/Users/pawar/Documents/School/ECE477/microcontroller/blink/Utilities" -I"C:/Users/pawar/Documents/School/ECE477/microcontroller/blink/StdPeriph_Driver/inc" -I"C:/Users/pawar/Documents/School/ECE477/microcontroller/blink/inc" -I"C:/Users/pawar/Documents/School/ECE477/microcontroller/blink/CMSIS/device" -I"C:/Users/pawar/Documents/School/ECE477/microcontroller/blink/CMSIS/core" -O0 -g3 -Wall -fmessage-length=0 -ffunction-sections -c -MMD -MP -MF"src/main.d" -MT"src/main.o" -o "src/main.o" "../src/main.c"
../src/main.c: In function 'test':
../src/main.c:236:24: warning: passing argument 2 of 'USART_SendData' makes integer from pointer without a cast [-Wint-conversion]
  USART_SendData(USART1,"\r");
                        ^~~~
In file included from C:/Users/pawar/Documents/School/ECE477/microcontroller/blink/StdPeriph_Driver/inc/stm32l1xx_conf.h:46:0,
                 from C:/Users/pawar/Documents/School/ECE477/microcontroller/blink/CMSIS/device/stm32l1xx.h:6638,
                 from ../src/main.c:12:
C:/Users/pawar/Documents/School/ECE477/microcontroller/blink/StdPeriph_Driver/inc/stm32l1xx_usart.h:378:6: note: expected 'uint16_t {aka short unsigned int}' but argument is of type 'char *'
 void USART_SendData(USART_TypeDef* USARTx, uint16_t Data);
      ^~~~~~~~~~~~~~
Finished building: ../src/main.c
 
Building target: blink.elf
Invoking: MCU GCC Linker
arm-none-eabi-gcc -mcpu=cortex-m3 -mthumb -mfloat-abi=soft -T"C:/Users/pawar/Documents/School/ECE477/microcontroller/blink/LinkerScript.ld" -Wl,-Map=output.map -Wl,--gc-sections -o "blink.elf" @"objects.list"   -lm
Finished building target: blink.elf
 
make --no-print-directory post-build
Generating binary and Printing size information:
arm-none-eabi-objcopy -O binary "blink.elf" "blink.bin"
arm-none-eabi-size "blink.elf"
   text	   data	    bss	    dec	    hex	filename
   7408	   2152	    604	  10164	   27b4	blink.elf
 
15:16:28 **** Incremental Build of configuration Debug for project blink ****
make -j8 all 
make: Nothing to be done for 'all'.
15:20:34 **** Incremental Build of configuration Debug for project blink ****
make -j8 all 
make: Nothing to be done for 'all'.
15:21:06 **** Incremental Build of configuration Debug for project blink ****
make -j8 all 
make: Nothing to be done for 'all'.
15:23:28 **** Incremental Build of configuration Debug for project blink ****
make -j8 all 
Building file: ../src/main.c
Invoking: MCU GCC Compiler
C:\Users\pawar\Documents\School\ECE477\microcontroller\blink\Debug
arm-none-eabi-gcc -mcpu=cortex-m3 -mthumb -mfloat-abi=soft -DSTM32 -DSTM32L1 -DSTM32L152RCTx -DSTM32L152C_DISCO -DDEBUG -DSTM32L1XX_MDP -DUSE_STDPERIPH_DRIVER -I"C:/Users/pawar/Documents/School/ECE477/microcontroller/blink/Utilities" -I"C:/Users/pawar/Documents/School/ECE477/microcontroller/blink/StdPeriph_Driver/inc" -I"C:/Users/pawar/Documents/School/ECE477/microcontroller/blink/inc" -I"C:/Users/pawar/Documents/School/ECE477/microcontroller/blink/CMSIS/device" -I"C:/Users/pawar/Documents/School/ECE477/microcontroller/blink/CMSIS/core" -O0 -g3 -Wall -fmessage-length=0 -ffunction-sections -c -MMD -MP -MF"src/main.d" -MT"src/main.o" -o "src/main.o" "../src/main.c"
../src/main.c: In function 'test':
../src/main.c:236:24: warning: passing argument 2 of 'USART_SendData' makes integer from pointer without a cast [-Wint-conversion]
  USART_SendData(USART1,"\r");
                        ^~~~
In file included from C:/Users/pawar/Documents/School/ECE477/microcontroller/blink/StdPeriph_Driver/inc/stm32l1xx_conf.h:46:0,
                 from C:/Users/pawar/Documents/School/ECE477/microcontroller/blink/CMSIS/device/stm32l1xx.h:6638,
                 from ../src/main.c:12:
C:/Users/pawar/Documents/School/ECE477/microcontroller/blink/StdPeriph_Driver/inc/stm32l1xx_usart.h:378:6: note: expected 'uint16_t {aka short unsigned int}' but argument is of type 'char *'
 void USART_SendData(USART_TypeDef* USARTx, uint16_t Data);
      ^~~~~~~~~~~~~~
Finished building: ../src/main.c
 
Building target: blink.elf
Invoking: MCU GCC Linker
arm-none-eabi-gcc -mcpu=cortex-m3 -mthumb -mfloat-abi=soft -T"C:/Users/pawar/Documents/School/ECE477/microcontroller/blink/LinkerScript.ld" -Wl,-Map=output.map -Wl,--gc-sections -o "blink.elf" @"objects.list"   -lm
Finished building target: blink.elf
 
make --no-print-directory post-build
Generating binary and Printing size information:
arm-none-eabi-objcopy -O binary "blink.elf" "blink.bin"
arm-none-eabi-size "blink.elf"
   text	   data	    bss	    dec	    hex	filename
   7408	   2152	    604	  10164	   27b4	blink.elf
 
15:24:33 **** Incremental Build of configuration Debug for project blink ****
make -j8 all 
Building file: ../src/main.c
Invoking: MCU GCC Compiler
C:\Users\pawar\Documents\School\ECE477\microcontroller\blink\Debug
arm-none-eabi-gcc -mcpu=cortex-m3 -mthumb -mfloat-abi=soft -DSTM32 -DSTM32L1 -DSTM32L152RCTx -DSTM32L152C_DISCO -DDEBUG -DSTM32L1XX_MDP -DUSE_STDPERIPH_DRIVER -I"C:/Users/pawar/Documents/School/ECE477/microcontroller/blink/Utilities" -I"C:/Users/pawar/Documents/School/ECE477/microcontroller/blink/StdPeriph_Driver/inc" -I"C:/Users/pawar/Documents/School/ECE477/microcontroller/blink/inc" -I"C:/Users/pawar/Documents/School/ECE477/microcontroller/blink/CMSIS/device" -I"C:/Users/pawar/Documents/School/ECE477/microcontroller/blink/CMSIS/core" -O0 -g3 -Wall -fmessage-length=0 -ffunction-sections -c -MMD -MP -MF"src/main.d" -MT"src/main.o" -o "src/main.o" "../src/main.c"
../src/main.c: In function 'main':
../src/main.c:70:6: warning: unused variable 'offset' [-Wunused-variable]
  int offset = HX711_GetOffset();
      ^~~~~~
../src/main.c: In function 'test':
../src/main.c:236:24: warning: passing argument 2 of 'USART_SendData' makes integer from pointer without a cast [-Wint-conversion]
  USART_SendData(USART1,"\r");
                        ^~~~
In file included from C:/Users/pawar/Documents/School/ECE477/microcontroller/blink/StdPeriph_Driver/inc/stm32l1xx_conf.h:46:0,
                 from C:/Users/pawar/Documents/School/ECE477/microcontroller/blink/CMSIS/device/stm32l1xx.h:6638,
                 from ../src/main.c:12:
C:/Users/pawar/Documents/School/ECE477/microcontroller/blink/StdPeriph_Driver/inc/stm32l1xx_usart.h:378:6: note: expected 'uint16_t {aka short unsigned int}' but argument is of type 'char *'
 void USART_SendData(USART_TypeDef* USARTx, uint16_t Data);
      ^~~~~~~~~~~~~~
Finished building: ../src/main.c
 
Building target: blink.elf
Invoking: MCU GCC Linker
arm-none-eabi-gcc -mcpu=cortex-m3 -mthumb -mfloat-abi=soft -T"C:/Users/pawar/Documents/School/ECE477/microcontroller/blink/LinkerScript.ld" -Wl,-Map=output.map -Wl,--gc-sections -o "blink.elf" @"objects.list"   -lm
Finished building target: blink.elf
 
make --no-print-directory post-build
Generating binary and Printing size information:
arm-none-eabi-objcopy -O binary "blink.elf" "blink.bin"
arm-none-eabi-size "blink.elf"
   text	   data	    bss	    dec	    hex	filename
   7404	   2152	    604	  10160	   27b0	blink.elf
 
15:25:42 **** Incremental Build of configuration Debug for project blink ****
make -j8 all 
make: Nothing to be done for 'all'.
15:26:58 **** Incremental Build of configuration Debug for project blink ****
make -j8 all 
Building file: ../src/main.c
Invoking: MCU GCC Compiler
C:\Users\pawar\Documents\School\ECE477\microcontroller\blink\Debug
arm-none-eabi-gcc -mcpu=cortex-m3 -mthumb -mfloat-abi=soft -DSTM32 -DSTM32L1 -DSTM32L152RCTx -DSTM32L152C_DISCO -DDEBUG -DSTM32L1XX_MDP -DUSE_STDPERIPH_DRIVER -I"C:/Users/pawar/Documents/School/ECE477/microcontroller/blink/Utilities" -I"C:/Users/pawar/Documents/School/ECE477/microcontroller/blink/StdPeriph_Driver/inc" -I"C:/Users/pawar/Documents/School/ECE477/microcontroller/blink/inc" -I"C:/Users/pawar/Documents/School/ECE477/microcontroller/blink/CMSIS/device" -I"C:/Users/pawar/Documents/School/ECE477/microcontroller/blink/CMSIS/core" -O0 -g3 -Wall -fmessage-length=0 -ffunction-sections -c -MMD -MP -MF"src/main.d" -MT"src/main.o" -o "src/main.o" "../src/main.c"
../src/main.c: In function 'test':
../src/main.c:236:24: warning: passing argument 2 of 'USART_SendData' makes integer from pointer without a cast [-Wint-conversion]
  USART_SendData(USART1,"\r");
                        ^~~~
In file included from C:/Users/pawar/Documents/School/ECE477/microcontroller/blink/StdPeriph_Driver/inc/stm32l1xx_conf.h:46:0,
                 from C:/Users/pawar/Documents/School/ECE477/microcontroller/blink/CMSIS/device/stm32l1xx.h:6638,
                 from ../src/main.c:12:
C:/Users/pawar/Documents/School/ECE477/microcontroller/blink/StdPeriph_Driver/inc/stm32l1xx_usart.h:378:6: note: expected 'uint16_t {aka short unsigned int}' but argument is of type 'char *'
 void USART_SendData(USART_TypeDef* USARTx, uint16_t Data);
      ^~~~~~~~~~~~~~
Finished building: ../src/main.c
 
Building target: blink.elf
Invoking: MCU GCC Linker
arm-none-eabi-gcc -mcpu=cortex-m3 -mthumb -mfloat-abi=soft -T"C:/Users/pawar/Documents/School/ECE477/microcontroller/blink/LinkerScript.ld" -Wl,-Map=output.map -Wl,--gc-sections -o "blink.elf" @"objects.list"   -lm
Finished building target: blink.elf
 
make --no-print-directory post-build
Generating binary and Printing size information:
arm-none-eabi-objcopy -O binary "blink.elf" "blink.bin"
arm-none-eabi-size "blink.elf"
   text	   data	    bss	    dec	    hex	filename
   7320	   2152	    604	  10076	   275c	blink.elf
 
15:28:35 **** Incremental Build of configuration Debug for project blink ****
make -j8 all 
make: Nothing to be done for 'all'.
15:36:03 **** Incremental Build of configuration Debug for project blink ****
make -j8 all 
Building file: ../src/main.c
Invoking: MCU GCC Compiler
C:\Users\pawar\Documents\School\ECE477\microcontroller\blink\Debug
arm-none-eabi-gcc -mcpu=cortex-m3 -mthumb -mfloat-abi=soft -DSTM32 -DSTM32L1 -DSTM32L152RCTx -DSTM32L152C_DISCO -DDEBUG -DSTM32L1XX_MDP -DUSE_STDPERIPH_DRIVER -I"C:/Users/pawar/Documents/School/ECE477/microcontroller/blink/Utilities" -I"C:/Users/pawar/Documents/School/ECE477/microcontroller/blink/StdPeriph_Driver/inc" -I"C:/Users/pawar/Documents/School/ECE477/microcontroller/blink/inc" -I"C:/Users/pawar/Documents/School/ECE477/microcontroller/blink/CMSIS/device" -I"C:/Users/pawar/Documents/School/ECE477/microcontroller/blink/CMSIS/core" -O0 -g3 -Wall -fmessage-length=0 -ffunction-sections -c -MMD -MP -MF"src/main.d" -MT"src/main.o" -o "src/main.o" "../src/main.c"
../src/main.c: In function 'test':
../src/main.c:236:24: warning: passing argument 2 of 'USART_SendData' makes integer from pointer without a cast [-Wint-conversion]
  USART_SendData(USART1,"\r");
                        ^~~~
In file included from C:/Users/pawar/Documents/School/ECE477/microcontroller/blink/StdPeriph_Driver/inc/stm32l1xx_conf.h:46:0,
                 from C:/Users/pawar/Documents/School/ECE477/microcontroller/blink/CMSIS/device/stm32l1xx.h:6638,
                 from ../src/main.c:12:
C:/Users/pawar/Documents/School/ECE477/microcontroller/blink/StdPeriph_Driver/inc/stm32l1xx_usart.h:378:6: note: expected 'uint16_t {aka short unsigned int}' but argument is of type 'char *'
 void USART_SendData(USART_TypeDef* USARTx, uint16_t Data);
      ^~~~~~~~~~~~~~
Finished building: ../src/main.c
 
Building target: blink.elf
Invoking: MCU GCC Linker
arm-none-eabi-gcc -mcpu=cortex-m3 -mthumb -mfloat-abi=soft -T"C:/Users/pawar/Documents/School/ECE477/microcontroller/blink/LinkerScript.ld" -Wl,-Map=output.map -Wl,--gc-sections -o "blink.elf" @"objects.list"   -lm
Finished building target: blink.elf
 
make --no-print-directory post-build
Generating binary and Printing size information:
arm-none-eabi-objcopy -O binary "blink.elf" "blink.bin"
arm-none-eabi-size "blink.elf"
   text	   data	    bss	    dec	    hex	filename
   7408	   2152	    604	  10164	   27b4	blink.elf
 
15:37:45 **** Incremental Build of configuration Debug for project blink ****
make -j8 all 
Building file: ../src/main.c
Invoking: MCU GCC Compiler
C:\Users\pawar\Documents\School\ECE477\microcontroller\blink\Debug
arm-none-eabi-gcc -mcpu=cortex-m3 -mthumb -mfloat-abi=soft -DSTM32 -DSTM32L1 -DSTM32L152RCTx -DSTM32L152C_DISCO -DDEBUG -DSTM32L1XX_MDP -DUSE_STDPERIPH_DRIVER -I"C:/Users/pawar/Documents/School/ECE477/microcontroller/blink/Utilities" -I"C:/Users/pawar/Documents/School/ECE477/microcontroller/blink/StdPeriph_Driver/inc" -I"C:/Users/pawar/Documents/School/ECE477/microcontroller/blink/inc" -I"C:/Users/pawar/Documents/School/ECE477/microcontroller/blink/CMSIS/device" -I"C:/Users/pawar/Documents/School/ECE477/microcontroller/blink/CMSIS/core" -O0 -g3 -Wall -fmessage-length=0 -ffunction-sections -c -MMD -MP -MF"src/main.d" -MT"src/main.o" -o "src/main.o" "../src/main.c"
../src/main.c: In function 'test':
../src/main.c:236:24: warning: passing argument 2 of 'USART_SendData' makes integer from pointer without a cast [-Wint-conversion]
  USART_SendData(USART1,"\r");
                        ^~~~
In file included from C:/Users/pawar/Documents/School/ECE477/microcontroller/blink/StdPeriph_Driver/inc/stm32l1xx_conf.h:46:0,
                 from C:/Users/pawar/Documents/School/ECE477/microcontroller/blink/CMSIS/device/stm32l1xx.h:6638,
                 from ../src/main.c:12:
C:/Users/pawar/Documents/School/ECE477/microcontroller/blink/StdPeriph_Driver/inc/stm32l1xx_usart.h:378:6: note: expected 'uint16_t {aka short unsigned int}' but argument is of type 'char *'
 void USART_SendData(USART_TypeDef* USARTx, uint16_t Data);
      ^~~~~~~~~~~~~~
Finished building: ../src/main.c
 
Building target: blink.elf
Invoking: MCU GCC Linker
arm-none-eabi-gcc -mcpu=cortex-m3 -mthumb -mfloat-abi=soft -T"C:/Users/pawar/Documents/School/ECE477/microcontroller/blink/LinkerScript.ld" -Wl,-Map=output.map -Wl,--gc-sections -o "blink.elf" @"objects.list"   -lm
Finished building target: blink.elf
 
make --no-print-directory post-build
Generating binary and Printing size information:
arm-none-eabi-objcopy -O binary "blink.elf" "blink.bin"
arm-none-eabi-size "blink.elf"
   text	   data	    bss	    dec	    hex	filename
   7424	   2152	    604	  10180	   27c4	blink.elf
 
15:41:41 **** Incremental Build of configuration Debug for project blink ****
make -j8 all 
make: Nothing to be done for 'all'.
