14:37:50 **** Build of configuration Debug for project gps ****
make -j3 all 
Building file: ../src/main.c
Building file: ../src/nmea.c
Invoking: MCU GCC Compiler
Invoking: MCU GCC Compiler
/Users/chibuikemohanele/Google Drive/eceCode/ECE477/gps/Debug
arm-none-eabi-gcc -mcpu=cortex-m3 -mthumb -mfloat-abi=soft -DSTM32 -DSTM32L1 -DSTM32L152RCTx -DSTM32L152C_DISCO -DDEBUG -DSTM32L1XX_MDP -DUSE_STDPERIPH_DRIVER -I"/Users/chibuikemohanele/Google Drive/eceCode/ECE477/gps/Utilities" -I"/Users/chibuikemohanele/Google Drive/eceCode/ECE477/gps/StdPeriph_Driver/inc" -I"/Users/chibuikemohanele/Google Drive/eceCode/ECE477/gps/inc" -I"/Users/chibuikemohanele/Google Drive/eceCode/ECE477/gps/CMSIS/device" -I"/Users/chibuikemohanele/Google Drive/eceCode/ECE477/gps/CMSIS/core" -O0 -g3 -Wall -fmessage-length=0 -ffunction-sections -c -MMD -MP -MF"src/main.d" -MT"src/main.o" -o "src/main.o" "../src/main.c"
/Users/chibuikemohanele/Google Drive/eceCode/ECE477/gps/Debug
arm-none-eabi-gcc -mcpu=cortex-m3 -mthumb -mfloat-abi=soft -DSTM32 -DSTM32L1 -DSTM32L152RCTx -DSTM32L152C_DISCO -DDEBUG -DSTM32L1XX_MDP -DUSE_STDPERIPH_DRIVER -I"/Users/chibuikemohanele/Google Drive/eceCode/ECE477/gps/Utilities" -I"/Users/chibuikemohanele/Google Drive/eceCode/ECE477/gps/StdPeriph_Driver/inc" -I"/Users/chibuikemohanele/Google Drive/eceCode/ECE477/gps/inc" -I"/Users/chibuikemohanele/Google Drive/eceCode/ECE477/gps/CMSIS/device" -I"/Users/chibuikemohanele/Google Drive/eceCode/ECE477/gps/CMSIS/core" -O0 -g3 -Wall -fmessage-length=0 -ffunction-sections -c -MMD -MP -MF"src/nmea.d" -MT"src/nmea.o" -o "src/nmea.o" "../src/nmea.c"
Building file: ../src/syscalls.c
Invoking: MCU GCC Compiler
/Users/chibuikemohanele/Google Drive/eceCode/ECE477/gps/Debug
arm-none-eabi-gcc -mcpu=cortex-m3 -mthumb -mfloat-abi=soft -DSTM32 -DSTM32L1 -DSTM32L152RCTx -DSTM32L152C_DISCO -DDEBUG -DSTM32L1XX_MDP -DUSE_STDPERIPH_DRIVER -I"/Users/chibuikemohanele/Google Drive/eceCode/ECE477/gps/Utilities" -I"/Users/chibuikemohanele/Google Drive/eceCode/ECE477/gps/StdPeriph_Driver/inc" -I"/Users/chibuikemohanele/Google Drive/eceCode/ECE477/gps/inc" -I"/Users/chibuikemohanele/Google Drive/eceCode/ECE477/gps/CMSIS/device" -I"/Users/chibuikemohanele/Google Drive/eceCode/ECE477/gps/CMSIS/core" -O0 -g3 -Wall -fmessage-length=0 -ffunction-sections -c -MMD -MP -MF"src/syscalls.d" -MT"src/syscalls.o" -o "src/syscalls.o" "../src/syscalls.c"
../src/main.c: In function 'main':
../src/main.c:23:7: warning: variable 'receive_message' set but not used [-Wunused-but-set-variable]
  char receive_message[GPS_BUFFER_SIZE] = "";
       ^~~~~~~~~~~~~~~
Finished building: ../src/syscalls.c
 
Building file: ../src/system_stm32l1xx.c
Invoking: MCU GCC Compiler
/Users/chibuikemohanele/Google Drive/eceCode/ECE477/gps/Debug
arm-none-eabi-gcc -mcpu=cortex-m3 -mthumb -mfloat-abi=soft -DSTM32 -DSTM32L1 -DSTM32L152RCTx -DSTM32L152C_DISCO -DDEBUG -DSTM32L1XX_MDP -DUSE_STDPERIPH_DRIVER -I"/Users/chibuikemohanele/Google Drive/eceCode/ECE477/gps/Utilities" -I"/Users/chibuikemohanele/Google Drive/eceCode/ECE477/gps/StdPeriph_Driver/inc" -I"/Users/chibuikemohanele/Google Drive/eceCode/ECE477/gps/inc" -I"/Users/chibuikemohanele/Google Drive/eceCode/ECE477/gps/CMSIS/device" -I"/Users/chibuikemohanele/Google Drive/eceCode/ECE477/gps/CMSIS/core" -O0 -g3 -Wall -fmessage-length=0 -ffunction-sections -c -MMD -MP -MF"src/system_stm32l1xx.d" -MT"src/system_stm32l1xx.o" -o "src/system_stm32l1xx.o" "../src/system_stm32l1xx.c"
Finished building: ../src/main.c
 
Building file: ../Utilities/stm32l_discovery_lcd.c
Finished building: ../src/nmea.c
Invoking: MCU GCC Compiler
 
/Users/chibuikemohanele/Google Drive/eceCode/ECE477/gps/Debug
arm-none-eabi-gcc -mcpu=cortex-m3 -mthumb -mfloat-abi=soft -DSTM32 -DSTM32L1 -DSTM32L152RCTx -DSTM32L152C_DISCO -DDEBUG -DSTM32L1XX_MDP -DUSE_STDPERIPH_DRIVER -I"/Users/chibuikemohanele/Google Drive/eceCode/ECE477/gps/Utilities" -I"/Users/chibuikemohanele/Google Drive/eceCode/ECE477/gps/StdPeriph_Driver/inc" -I"/Users/chibuikemohanele/Google Drive/eceCode/ECE477/gps/inc" -I"/Users/chibuikemohanele/Google Drive/eceCode/ECE477/gps/CMSIS/device" -I"/Users/chibuikemohanele/Google Drive/eceCode/ECE477/gps/CMSIS/core" -O0 -g3 -Wall -fmessage-length=0 -ffunction-sections -c -MMD -MP -MF"Utilities/stm32l_discovery_lcd.d" -MT"Utilities/stm32l_discovery_lcd.o" -o "Utilities/stm32l_discovery_lcd.o" "../Utilities/stm32l_discovery_lcd.c"
Building file: ../StdPeriph_Driver/src/misc.c
Invoking: MCU GCC Compiler
/Users/chibuikemohanele/Google Drive/eceCode/ECE477/gps/Debug
arm-none-eabi-gcc -mcpu=cortex-m3 -mthumb -mfloat-abi=soft -DSTM32 -DSTM32L1 -DSTM32L152RCTx -DSTM32L152C_DISCO -DDEBUG -DSTM32L1XX_MDP -DUSE_STDPERIPH_DRIVER -I"/Users/chibuikemohanele/Google Drive/eceCode/ECE477/gps/Utilities" -I"/Users/chibuikemohanele/Google Drive/eceCode/ECE477/gps/StdPeriph_Driver/inc" -I"/Users/chibuikemohanele/Google Drive/eceCode/ECE477/gps/inc" -I"/Users/chibuikemohanele/Google Drive/eceCode/ECE477/gps/CMSIS/device" -I"/Users/chibuikemohanele/Google Drive/eceCode/ECE477/gps/CMSIS/core" -O0 -g3 -Wall -fmessage-length=0 -ffunction-sections -c -MMD -MP -MF"StdPeriph_Driver/src/misc.d" -MT"StdPeriph_Driver/src/misc.o" -o "StdPeriph_Driver/src/misc.o" "../StdPeriph_Driver/src/misc.c"
../Utilities/stm32l_discovery_lcd.c: In function 'LCD_contrast':
../Utilities/stm32l_discovery_lcd.c:228:5: warning: implicit declaration of function 'Delay' [-Wimplicit-function-declaration]
     Delay(100);
     ^~~~~
../Utilities/stm32l_discovery_lcd.c: In function 'LCD_Conv_Char_Seg':
../Utilities/stm32l_discovery_lcd.c:276:10: warning: multi-character character constant [-Wmultichar]
     case '�' :
          ^~~~~
../Utilities/stm32l_discovery_lcd.c:276:5: warning: case label value exceeds maximum value for type
     case '�' :
     ^~~~
../Utilities/stm32l_discovery_lcd.c:296:10: warning: multi-character character constant [-Wmultichar]
     case '�' :
          ^~~~~
../Utilities/stm32l_discovery_lcd.c:296:5: warning: case label value exceeds maximum value for type
     case '�' :
     ^~~~
Finished building: ../src/system_stm32l1xx.c
 
Building file: ../StdPeriph_Driver/src/stm32l1xx_adc.c
Invoking: MCU GCC Compiler
/Users/chibuikemohanele/Google Drive/eceCode/ECE477/gps/Debug
arm-none-eabi-gcc -mcpu=cortex-m3 -mthumb -mfloat-abi=soft -DSTM32 -DSTM32L1 -DSTM32L152RCTx -DSTM32L152C_DISCO -DDEBUG -DSTM32L1XX_MDP -DUSE_STDPERIPH_DRIVER -I"/Users/chibuikemohanele/Google Drive/eceCode/ECE477/gps/Utilities" -I"/Users/chibuikemohanele/Google Drive/eceCode/ECE477/gps/StdPeriph_Driver/inc" -I"/Users/chibuikemohanele/Google Drive/eceCode/ECE477/gps/inc" -I"/Users/chibuikemohanele/Google Drive/eceCode/ECE477/gps/CMSIS/device" -I"/Users/chibuikemohanele/Google Drive/eceCode/ECE477/gps/CMSIS/core" -O0 -g3 -Wall -fmessage-length=0 -ffunction-sections -c -MMD -MP -MF"StdPeriph_Driver/src/stm32l1xx_adc.d" -MT"StdPeriph_Driver/src/stm32l1xx_adc.o" -o "StdPeriph_Driver/src/stm32l1xx_adc.o" "../StdPeriph_Driver/src/stm32l1xx_adc.c"
Finished building: ../StdPeriph_Driver/src/misc.c
 
Building file: ../StdPeriph_Driver/src/stm32l1xx_aes.c
Invoking: MCU GCC Compiler
/Users/chibuikemohanele/Google Drive/eceCode/ECE477/gps/Debug
arm-none-eabi-gcc -mcpu=cortex-m3 -mthumb -mfloat-abi=soft -DSTM32 -DSTM32L1 -DSTM32L152RCTx -DSTM32L152C_DISCO -DDEBUG -DSTM32L1XX_MDP -DUSE_STDPERIPH_DRIVER -I"/Users/chibuikemohanele/Google Drive/eceCode/ECE477/gps/Utilities" -I"/Users/chibuikemohanele/Google Drive/eceCode/ECE477/gps/StdPeriph_Driver/inc" -I"/Users/chibuikemohanele/Google Drive/eceCode/ECE477/gps/inc" -I"/Users/chibuikemohanele/Google Drive/eceCode/ECE477/gps/CMSIS/device" -I"/Users/chibuikemohanele/Google Drive/eceCode/ECE477/gps/CMSIS/core" -O0 -g3 -Wall -fmessage-length=0 -ffunction-sections -c -MMD -MP -MF"StdPeriph_Driver/src/stm32l1xx_aes.d" -MT"StdPeriph_Driver/src/stm32l1xx_aes.o" -o "StdPeriph_Driver/src/stm32l1xx_aes.o" "../StdPeriph_Driver/src/stm32l1xx_aes.c"
Finished building: ../Utilities/stm32l_discovery_lcd.c
 
Building file: ../StdPeriph_Driver/src/stm32l1xx_aes_util.c
Invoking: MCU GCC Compiler
/Users/chibuikemohanele/Google Drive/eceCode/ECE477/gps/Debug
arm-none-eabi-gcc -mcpu=cortex-m3 -mthumb -mfloat-abi=soft -DSTM32 -DSTM32L1 -DSTM32L152RCTx -DSTM32L152C_DISCO -DDEBUG -DSTM32L1XX_MDP -DUSE_STDPERIPH_DRIVER -I"/Users/chibuikemohanele/Google Drive/eceCode/ECE477/gps/Utilities" -I"/Users/chibuikemohanele/Google Drive/eceCode/ECE477/gps/StdPeriph_Driver/inc" -I"/Users/chibuikemohanele/Google Drive/eceCode/ECE477/gps/inc" -I"/Users/chibuikemohanele/Google Drive/eceCode/ECE477/gps/CMSIS/device" -I"/Users/chibuikemohanele/Google Drive/eceCode/ECE477/gps/CMSIS/core" -O0 -g3 -Wall -fmessage-length=0 -ffunction-sections -c -MMD -MP -MF"StdPeriph_Driver/src/stm32l1xx_aes_util.d" -MT"StdPeriph_Driver/src/stm32l1xx_aes_util.o" -o "StdPeriph_Driver/src/stm32l1xx_aes_util.o" "../StdPeriph_Driver/src/stm32l1xx_aes_util.c"
Finished building: ../StdPeriph_Driver/src/stm32l1xx_adc.c
Finished building: ../StdPeriph_Driver/src/stm32l1xx_aes.c
 
 
Building file: ../StdPeriph_Driver/src/stm32l1xx_comp.c
Building file: ../StdPeriph_Driver/src/stm32l1xx_crc.c
Invoking: MCU GCC Compiler
Invoking: MCU GCC Compiler
/Users/chibuikemohanele/Google Drive/eceCode/ECE477/gps/Debug
arm-none-eabi-gcc -mcpu=cortex-m3 -mthumb -mfloat-abi=soft -DSTM32 -DSTM32L1 -DSTM32L152RCTx -DSTM32L152C_DISCO -DDEBUG -DSTM32L1XX_MDP -DUSE_STDPERIPH_DRIVER -I"/Users/chibuikemohanele/Google Drive/eceCode/ECE477/gps/Utilities" -I"/Users/chibuikemohanele/Google Drive/eceCode/ECE477/gps/StdPeriph_Driver/inc" -I"/Users/chibuikemohanele/Google Drive/eceCode/ECE477/gps/inc" -I"/Users/chibuikemohanele/Google Drive/eceCode/ECE477/gps/CMSIS/device" -I"/Users/chibuikemohanele/Google Drive/eceCode/ECE477/gps/CMSIS/core" -O0 -g3 -Wall -fmessage-length=0 -ffunction-sections -c -MMD -MP -MF"StdPeriph_Driver/src/stm32l1xx_comp.d" -MT"StdPeriph_Driver/src/stm32l1xx_comp.o" -o "StdPeriph_Driver/src/stm32l1xx_comp.o" "../StdPeriph_Driver/src/stm32l1xx_comp.c"
/Users/chibuikemohanele/Google Drive/eceCode/ECE477/gps/Debug
arm-none-eabi-gcc -mcpu=cortex-m3 -mthumb -mfloat-abi=soft -DSTM32 -DSTM32L1 -DSTM32L152RCTx -DSTM32L152C_DISCO -DDEBUG -DSTM32L1XX_MDP -DUSE_STDPERIPH_DRIVER -I"/Users/chibuikemohanele/Google Drive/eceCode/ECE477/gps/Utilities" -I"/Users/chibuikemohanele/Google Drive/eceCode/ECE477/gps/StdPeriph_Driver/inc" -I"/Users/chibuikemohanele/Google Drive/eceCode/ECE477/gps/inc" -I"/Users/chibuikemohanele/Google Drive/eceCode/ECE477/gps/CMSIS/device" -I"/Users/chibuikemohanele/Google Drive/eceCode/ECE477/gps/CMSIS/core" -O0 -g3 -Wall -fmessage-length=0 -ffunction-sections -c -MMD -MP -MF"StdPeriph_Driver/src/stm32l1xx_crc.d" -MT"StdPeriph_Driver/src/stm32l1xx_crc.o" -o "StdPeriph_Driver/src/stm32l1xx_crc.o" "../StdPeriph_Driver/src/stm32l1xx_crc.c"
Finished building: ../StdPeriph_Driver/src/stm32l1xx_aes_util.c
 
Building file: ../StdPeriph_Driver/src/stm32l1xx_dac.c
Invoking: MCU GCC Compiler
/Users/chibuikemohanele/Google Drive/eceCode/ECE477/gps/Debug
arm-none-eabi-gcc -mcpu=cortex-m3 -mthumb -mfloat-abi=soft -DSTM32 -DSTM32L1 -DSTM32L152RCTx -DSTM32L152C_DISCO -DDEBUG -DSTM32L1XX_MDP -DUSE_STDPERIPH_DRIVER -I"/Users/chibuikemohanele/Google Drive/eceCode/ECE477/gps/Utilities" -I"/Users/chibuikemohanele/Google Drive/eceCode/ECE477/gps/StdPeriph_Driver/inc" -I"/Users/chibuikemohanele/Google Drive/eceCode/ECE477/gps/inc" -I"/Users/chibuikemohanele/Google Drive/eceCode/ECE477/gps/CMSIS/device" -I"/Users/chibuikemohanele/Google Drive/eceCode/ECE477/gps/CMSIS/core" -O0 -g3 -Wall -fmessage-length=0 -ffunction-sections -c -MMD -MP -MF"StdPeriph_Driver/src/stm32l1xx_dac.d" -MT"StdPeriph_Driver/src/stm32l1xx_dac.o" -o "StdPeriph_Driver/src/stm32l1xx_dac.o" "../StdPeriph_Driver/src/stm32l1xx_dac.c"
Finished building: ../StdPeriph_Driver/src/stm32l1xx_crc.c
Finished building: ../StdPeriph_Driver/src/stm32l1xx_comp.c
 
 
Building file: ../StdPeriph_Driver/src/stm32l1xx_dbgmcu.c
Building file: ../StdPeriph_Driver/src/stm32l1xx_dma.c
Invoking: MCU GCC Compiler
Invoking: MCU GCC Compiler
/Users/chibuikemohanele/Google Drive/eceCode/ECE477/gps/Debug
arm-none-eabi-gcc -mcpu=cortex-m3 -mthumb -mfloat-abi=soft -DSTM32 -DSTM32L1 -DSTM32L152RCTx -DSTM32L152C_DISCO -DDEBUG -DSTM32L1XX_MDP -DUSE_STDPERIPH_DRIVER -I"/Users/chibuikemohanele/Google Drive/eceCode/ECE477/gps/Utilities" -I"/Users/chibuikemohanele/Google Drive/eceCode/ECE477/gps/StdPeriph_Driver/inc" -I"/Users/chibuikemohanele/Google Drive/eceCode/ECE477/gps/inc" -I"/Users/chibuikemohanele/Google Drive/eceCode/ECE477/gps/CMSIS/device" -I"/Users/chibuikemohanele/Google Drive/eceCode/ECE477/gps/CMSIS/core" -O0 -g3 -Wall -fmessage-length=0 -ffunction-sections -c -MMD -MP -MF"StdPeriph_Driver/src/stm32l1xx_dbgmcu.d" -MT"StdPeriph_Driver/src/stm32l1xx_dbgmcu.o" -o "StdPeriph_Driver/src/stm32l1xx_dbgmcu.o" "../StdPeriph_Driver/src/stm32l1xx_dbgmcu.c"
/Users/chibuikemohanele/Google Drive/eceCode/ECE477/gps/Debug
arm-none-eabi-gcc -mcpu=cortex-m3 -mthumb -mfloat-abi=soft -DSTM32 -DSTM32L1 -DSTM32L152RCTx -DSTM32L152C_DISCO -DDEBUG -DSTM32L1XX_MDP -DUSE_STDPERIPH_DRIVER -I"/Users/chibuikemohanele/Google Drive/eceCode/ECE477/gps/Utilities" -I"/Users/chibuikemohanele/Google Drive/eceCode/ECE477/gps/StdPeriph_Driver/inc" -I"/Users/chibuikemohanele/Google Drive/eceCode/ECE477/gps/inc" -I"/Users/chibuikemohanele/Google Drive/eceCode/ECE477/gps/CMSIS/device" -I"/Users/chibuikemohanele/Google Drive/eceCode/ECE477/gps/CMSIS/core" -O0 -g3 -Wall -fmessage-length=0 -ffunction-sections -c -MMD -MP -MF"StdPeriph_Driver/src/stm32l1xx_dma.d" -MT"StdPeriph_Driver/src/stm32l1xx_dma.o" -o "StdPeriph_Driver/src/stm32l1xx_dma.o" "../StdPeriph_Driver/src/stm32l1xx_dma.c"
Finished building: ../StdPeriph_Driver/src/stm32l1xx_dbgmcu.c
 
Finished building: ../StdPeriph_Driver/src/stm32l1xx_dac.c
Building file: ../StdPeriph_Driver/src/stm32l1xx_exti.c
Invoking: MCU GCC Compiler
 
/Users/chibuikemohanele/Google Drive/eceCode/ECE477/gps/Debug
arm-none-eabi-gcc -mcpu=cortex-m3 -mthumb -mfloat-abi=soft -DSTM32 -DSTM32L1 -DSTM32L152RCTx -DSTM32L152C_DISCO -DDEBUG -DSTM32L1XX_MDP -DUSE_STDPERIPH_DRIVER -I"/Users/chibuikemohanele/Google Drive/eceCode/ECE477/gps/Utilities" -I"/Users/chibuikemohanele/Google Drive/eceCode/ECE477/gps/StdPeriph_Driver/inc" -I"/Users/chibuikemohanele/Google Drive/eceCode/ECE477/gps/inc" -I"/Users/chibuikemohanele/Google Drive/eceCode/ECE477/gps/CMSIS/device" -I"/Users/chibuikemohanele/Google Drive/eceCode/ECE477/gps/CMSIS/core" -O0 -g3 -Wall -fmessage-length=0 -ffunction-sections -c -MMD -MP -MF"StdPeriph_Driver/src/stm32l1xx_exti.d" -MT"StdPeriph_Driver/src/stm32l1xx_exti.o" -o "StdPeriph_Driver/src/stm32l1xx_exti.o" "../StdPeriph_Driver/src/stm32l1xx_exti.c"
Building file: ../StdPeriph_Driver/src/stm32l1xx_flash.c
Invoking: MCU GCC Compiler
Finished building: ../StdPeriph_Driver/src/stm32l1xx_dma.c
/Users/chibuikemohanele/Google Drive/eceCode/ECE477/gps/Debug
arm-none-eabi-gcc -mcpu=cortex-m3 -mthumb -mfloat-abi=soft -DSTM32 -DSTM32L1 -DSTM32L152RCTx -DSTM32L152C_DISCO -DDEBUG -DSTM32L1XX_MDP -DUSE_STDPERIPH_DRIVER -I"/Users/chibuikemohanele/Google Drive/eceCode/ECE477/gps/Utilities" -I"/Users/chibuikemohanele/Google Drive/eceCode/ECE477/gps/StdPeriph_Driver/inc" -I"/Users/chibuikemohanele/Google Drive/eceCode/ECE477/gps/inc" -I"/Users/chibuikemohanele/Google Drive/eceCode/ECE477/gps/CMSIS/device" -I"/Users/chibuikemohanele/Google Drive/eceCode/ECE477/gps/CMSIS/core" -O0 -g3 -Wall -fmessage-length=0 -ffunction-sections -c -MMD -MP -MF"StdPeriph_Driver/src/stm32l1xx_flash.d" -MT"StdPeriph_Driver/src/stm32l1xx_flash.o" -o "StdPeriph_Driver/src/stm32l1xx_flash.o" "../StdPeriph_Driver/src/stm32l1xx_flash.c"
 
Building file: ../StdPeriph_Driver/src/stm32l1xx_flash_ramfunc.c
Invoking: MCU GCC Compiler
/Users/chibuikemohanele/Google Drive/eceCode/ECE477/gps/Debug
arm-none-eabi-gcc -mcpu=cortex-m3 -mthumb -mfloat-abi=soft -DSTM32 -DSTM32L1 -DSTM32L152RCTx -DSTM32L152C_DISCO -DDEBUG -DSTM32L1XX_MDP -DUSE_STDPERIPH_DRIVER -I"/Users/chibuikemohanele/Google Drive/eceCode/ECE477/gps/Utilities" -I"/Users/chibuikemohanele/Google Drive/eceCode/ECE477/gps/StdPeriph_Driver/inc" -I"/Users/chibuikemohanele/Google Drive/eceCode/ECE477/gps/inc" -I"/Users/chibuikemohanele/Google Drive/eceCode/ECE477/gps/CMSIS/device" -I"/Users/chibuikemohanele/Google Drive/eceCode/ECE477/gps/CMSIS/core" -O0 -g3 -Wall -fmessage-length=0 -ffunction-sections -c -MMD -MP -MF"StdPeriph_Driver/src/stm32l1xx_flash_ramfunc.d" -MT"StdPeriph_Driver/src/stm32l1xx_flash_ramfunc.o" -o "StdPeriph_Driver/src/stm32l1xx_flash_ramfunc.o" "../StdPeriph_Driver/src/stm32l1xx_flash_ramfunc.c"
Finished building: ../StdPeriph_Driver/src/stm32l1xx_exti.c
 
Building file: ../StdPeriph_Driver/src/stm32l1xx_fsmc.c
Invoking: MCU GCC Compiler
/Users/chibuikemohanele/Google Drive/eceCode/ECE477/gps/Debug
arm-none-eabi-gcc -mcpu=cortex-m3 -mthumb -mfloat-abi=soft -DSTM32 -DSTM32L1 -DSTM32L152RCTx -DSTM32L152C_DISCO -DDEBUG -DSTM32L1XX_MDP -DUSE_STDPERIPH_DRIVER -I"/Users/chibuikemohanele/Google Drive/eceCode/ECE477/gps/Utilities" -I"/Users/chibuikemohanele/Google Drive/eceCode/ECE477/gps/StdPeriph_Driver/inc" -I"/Users/chibuikemohanele/Google Drive/eceCode/ECE477/gps/inc" -I"/Users/chibuikemohanele/Google Drive/eceCode/ECE477/gps/CMSIS/device" -I"/Users/chibuikemohanele/Google Drive/eceCode/ECE477/gps/CMSIS/core" -O0 -g3 -Wall -fmessage-length=0 -ffunction-sections -c -MMD -MP -MF"StdPeriph_Driver/src/stm32l1xx_fsmc.d" -MT"StdPeriph_Driver/src/stm32l1xx_fsmc.o" -o "StdPeriph_Driver/src/stm32l1xx_fsmc.o" "../StdPeriph_Driver/src/stm32l1xx_fsmc.c"
Finished building: ../StdPeriph_Driver/src/stm32l1xx_flash_ramfunc.c
 
Building file: ../StdPeriph_Driver/src/stm32l1xx_gpio.c
Invoking: MCU GCC Compiler
/Users/chibuikemohanele/Google Drive/eceCode/ECE477/gps/Debug
arm-none-eabi-gcc -mcpu=cortex-m3 -mthumb -mfloat-abi=soft -DSTM32 -DSTM32L1 -DSTM32L152RCTx -DSTM32L152C_DISCO -DDEBUG -DSTM32L1XX_MDP -DUSE_STDPERIPH_DRIVER -I"/Users/chibuikemohanele/Google Drive/eceCode/ECE477/gps/Utilities" -I"/Users/chibuikemohanele/Google Drive/eceCode/ECE477/gps/StdPeriph_Driver/inc" -I"/Users/chibuikemohanele/Google Drive/eceCode/ECE477/gps/inc" -I"/Users/chibuikemohanele/Google Drive/eceCode/ECE477/gps/CMSIS/device" -I"/Users/chibuikemohanele/Google Drive/eceCode/ECE477/gps/CMSIS/core" -O0 -g3 -Wall -fmessage-length=0 -ffunction-sections -c -MMD -MP -MF"StdPeriph_Driver/src/stm32l1xx_gpio.d" -MT"StdPeriph_Driver/src/stm32l1xx_gpio.o" -o "StdPeriph_Driver/src/stm32l1xx_gpio.o" "../StdPeriph_Driver/src/stm32l1xx_gpio.c"
Finished building: ../StdPeriph_Driver/src/stm32l1xx_flash.c
 
Building file: ../StdPeriph_Driver/src/stm32l1xx_i2c.c
Invoking: MCU GCC Compiler
/Users/chibuikemohanele/Google Drive/eceCode/ECE477/gps/Debug
arm-none-eabi-gcc -mcpu=cortex-m3 -mthumb -mfloat-abi=soft -DSTM32 -DSTM32L1 -DSTM32L152RCTx -DSTM32L152C_DISCO -DDEBUG -DSTM32L1XX_MDP -DUSE_STDPERIPH_DRIVER -I"/Users/chibuikemohanele/Google Drive/eceCode/ECE477/gps/Utilities" -I"/Users/chibuikemohanele/Google Drive/eceCode/ECE477/gps/StdPeriph_Driver/inc" -I"/Users/chibuikemohanele/Google Drive/eceCode/ECE477/gps/inc" -I"/Users/chibuikemohanele/Google Drive/eceCode/ECE477/gps/CMSIS/device" -I"/Users/chibuikemohanele/Google Drive/eceCode/ECE477/gps/CMSIS/core" -O0 -g3 -Wall -fmessage-length=0 -ffunction-sections -c -MMD -MP -MF"StdPeriph_Driver/src/stm32l1xx_i2c.d" -MT"StdPeriph_Driver/src/stm32l1xx_i2c.o" -o "StdPeriph_Driver/src/stm32l1xx_i2c.o" "../StdPeriph_Driver/src/stm32l1xx_i2c.c"
Finished building: ../StdPeriph_Driver/src/stm32l1xx_fsmc.c
 
Building file: ../StdPeriph_Driver/src/stm32l1xx_iwdg.c
Invoking: MCU GCC Compiler
/Users/chibuikemohanele/Google Drive/eceCode/ECE477/gps/Debug
arm-none-eabi-gcc -mcpu=cortex-m3 -mthumb -mfloat-abi=soft -DSTM32 -DSTM32L1 -DSTM32L152RCTx -DSTM32L152C_DISCO -DDEBUG -DSTM32L1XX_MDP -DUSE_STDPERIPH_DRIVER -I"/Users/chibuikemohanele/Google Drive/eceCode/ECE477/gps/Utilities" -I"/Users/chibuikemohanele/Google Drive/eceCode/ECE477/gps/StdPeriph_Driver/inc" -I"/Users/chibuikemohanele/Google Drive/eceCode/ECE477/gps/inc" -I"/Users/chibuikemohanele/Google Drive/eceCode/ECE477/gps/CMSIS/device" -I"/Users/chibuikemohanele/Google Drive/eceCode/ECE477/gps/CMSIS/core" -O0 -g3 -Wall -fmessage-length=0 -ffunction-sections -c -MMD -MP -MF"StdPeriph_Driver/src/stm32l1xx_iwdg.d" -MT"StdPeriph_Driver/src/stm32l1xx_iwdg.o" -o "StdPeriph_Driver/src/stm32l1xx_iwdg.o" "../StdPeriph_Driver/src/stm32l1xx_iwdg.c"
Finished building: ../StdPeriph_Driver/src/stm32l1xx_gpio.c
 
Building file: ../StdPeriph_Driver/src/stm32l1xx_lcd.c
Invoking: MCU GCC Compiler
/Users/chibuikemohanele/Google Drive/eceCode/ECE477/gps/Debug
arm-none-eabi-gcc -mcpu=cortex-m3 -mthumb -mfloat-abi=soft -DSTM32 -DSTM32L1 -DSTM32L152RCTx -DSTM32L152C_DISCO -DDEBUG -DSTM32L1XX_MDP -DUSE_STDPERIPH_DRIVER -I"/Users/chibuikemohanele/Google Drive/eceCode/ECE477/gps/Utilities" -I"/Users/chibuikemohanele/Google Drive/eceCode/ECE477/gps/StdPeriph_Driver/inc" -I"/Users/chibuikemohanele/Google Drive/eceCode/ECE477/gps/inc" -I"/Users/chibuikemohanele/Google Drive/eceCode/ECE477/gps/CMSIS/device" -I"/Users/chibuikemohanele/Google Drive/eceCode/ECE477/gps/CMSIS/core" -O0 -g3 -Wall -fmessage-length=0 -ffunction-sections -c -MMD -MP -MF"StdPeriph_Driver/src/stm32l1xx_lcd.d" -MT"StdPeriph_Driver/src/stm32l1xx_lcd.o" -o "StdPeriph_Driver/src/stm32l1xx_lcd.o" "../StdPeriph_Driver/src/stm32l1xx_lcd.c"
Finished building: ../StdPeriph_Driver/src/stm32l1xx_i2c.c
 
Building file: ../StdPeriph_Driver/src/stm32l1xx_opamp.c
Invoking: MCU GCC Compiler
/Users/chibuikemohanele/Google Drive/eceCode/ECE477/gps/Debug
arm-none-eabi-gcc -mcpu=cortex-m3 -mthumb -mfloat-abi=soft -DSTM32 -DSTM32L1 -DSTM32L152RCTx -DSTM32L152C_DISCO -DDEBUG -DSTM32L1XX_MDP -DUSE_STDPERIPH_DRIVER -I"/Users/chibuikemohanele/Google Drive/eceCode/ECE477/gps/Utilities" -I"/Users/chibuikemohanele/Google Drive/eceCode/ECE477/gps/StdPeriph_Driver/inc" -I"/Users/chibuikemohanele/Google Drive/eceCode/ECE477/gps/inc" -I"/Users/chibuikemohanele/Google Drive/eceCode/ECE477/gps/CMSIS/device" -I"/Users/chibuikemohanele/Google Drive/eceCode/ECE477/gps/CMSIS/core" -O0 -g3 -Wall -fmessage-length=0 -ffunction-sections -c -MMD -MP -MF"StdPeriph_Driver/src/stm32l1xx_opamp.d" -MT"StdPeriph_Driver/src/stm32l1xx_opamp.o" -o "StdPeriph_Driver/src/stm32l1xx_opamp.o" "../StdPeriph_Driver/src/stm32l1xx_opamp.c"
Finished building: ../StdPeriph_Driver/src/stm32l1xx_iwdg.c
 
Building file: ../StdPeriph_Driver/src/stm32l1xx_pwr.c
Invoking: MCU GCC Compiler
Finished building: ../StdPeriph_Driver/src/stm32l1xx_lcd.c
/Users/chibuikemohanele/Google Drive/eceCode/ECE477/gps/Debug
arm-none-eabi-gcc -mcpu=cortex-m3 -mthumb -mfloat-abi=soft -DSTM32 -DSTM32L1 -DSTM32L152RCTx -DSTM32L152C_DISCO -DDEBUG -DSTM32L1XX_MDP -DUSE_STDPERIPH_DRIVER -I"/Users/chibuikemohanele/Google Drive/eceCode/ECE477/gps/Utilities" -I"/Users/chibuikemohanele/Google Drive/eceCode/ECE477/gps/StdPeriph_Driver/inc" -I"/Users/chibuikemohanele/Google Drive/eceCode/ECE477/gps/inc" -I"/Users/chibuikemohanele/Google Drive/eceCode/ECE477/gps/CMSIS/device" -I"/Users/chibuikemohanele/Google Drive/eceCode/ECE477/gps/CMSIS/core" -O0 -g3 -Wall -fmessage-length=0 -ffunction-sections -c -MMD -MP -MF"StdPeriph_Driver/src/stm32l1xx_pwr.d" -MT"StdPeriph_Driver/src/stm32l1xx_pwr.o" -o "StdPeriph_Driver/src/stm32l1xx_pwr.o" "../StdPeriph_Driver/src/stm32l1xx_pwr.c"
 
Building file: ../StdPeriph_Driver/src/stm32l1xx_rcc.c
Invoking: MCU GCC Compiler
/Users/chibuikemohanele/Google Drive/eceCode/ECE477/gps/Debug
arm-none-eabi-gcc -mcpu=cortex-m3 -mthumb -mfloat-abi=soft -DSTM32 -DSTM32L1 -DSTM32L152RCTx -DSTM32L152C_DISCO -DDEBUG -DSTM32L1XX_MDP -DUSE_STDPERIPH_DRIVER -I"/Users/chibuikemohanele/Google Drive/eceCode/ECE477/gps/Utilities" -I"/Users/chibuikemohanele/Google Drive/eceCode/ECE477/gps/StdPeriph_Driver/inc" -I"/Users/chibuikemohanele/Google Drive/eceCode/ECE477/gps/inc" -I"/Users/chibuikemohanele/Google Drive/eceCode/ECE477/gps/CMSIS/device" -I"/Users/chibuikemohanele/Google Drive/eceCode/ECE477/gps/CMSIS/core" -O0 -g3 -Wall -fmessage-length=0 -ffunction-sections -c -MMD -MP -MF"StdPeriph_Driver/src/stm32l1xx_rcc.d" -MT"StdPeriph_Driver/src/stm32l1xx_rcc.o" -o "StdPeriph_Driver/src/stm32l1xx_rcc.o" "../StdPeriph_Driver/src/stm32l1xx_rcc.c"
Finished building: ../StdPeriph_Driver/src/stm32l1xx_opamp.c
 
Building file: ../StdPeriph_Driver/src/stm32l1xx_rtc.c
Invoking: MCU GCC Compiler
/Users/chibuikemohanele/Google Drive/eceCode/ECE477/gps/Debug
arm-none-eabi-gcc -mcpu=cortex-m3 -mthumb -mfloat-abi=soft -DSTM32 -DSTM32L1 -DSTM32L152RCTx -DSTM32L152C_DISCO -DDEBUG -DSTM32L1XX_MDP -DUSE_STDPERIPH_DRIVER -I"/Users/chibuikemohanele/Google Drive/eceCode/ECE477/gps/Utilities" -I"/Users/chibuikemohanele/Google Drive/eceCode/ECE477/gps/StdPeriph_Driver/inc" -I"/Users/chibuikemohanele/Google Drive/eceCode/ECE477/gps/inc" -I"/Users/chibuikemohanele/Google Drive/eceCode/ECE477/gps/CMSIS/device" -I"/Users/chibuikemohanele/Google Drive/eceCode/ECE477/gps/CMSIS/core" -O0 -g3 -Wall -fmessage-length=0 -ffunction-sections -c -MMD -MP -MF"StdPeriph_Driver/src/stm32l1xx_rtc.d" -MT"StdPeriph_Driver/src/stm32l1xx_rtc.o" -o "StdPeriph_Driver/src/stm32l1xx_rtc.o" "../StdPeriph_Driver/src/stm32l1xx_rtc.c"
Finished building: ../StdPeriph_Driver/src/stm32l1xx_pwr.c
 
Building file: ../StdPeriph_Driver/src/stm32l1xx_sdio.c
Invoking: MCU GCC Compiler
/Users/chibuikemohanele/Google Drive/eceCode/ECE477/gps/Debug
arm-none-eabi-gcc -mcpu=cortex-m3 -mthumb -mfloat-abi=soft -DSTM32 -DSTM32L1 -DSTM32L152RCTx -DSTM32L152C_DISCO -DDEBUG -DSTM32L1XX_MDP -DUSE_STDPERIPH_DRIVER -I"/Users/chibuikemohanele/Google Drive/eceCode/ECE477/gps/Utilities" -I"/Users/chibuikemohanele/Google Drive/eceCode/ECE477/gps/StdPeriph_Driver/inc" -I"/Users/chibuikemohanele/Google Drive/eceCode/ECE477/gps/inc" -I"/Users/chibuikemohanele/Google Drive/eceCode/ECE477/gps/CMSIS/device" -I"/Users/chibuikemohanele/Google Drive/eceCode/ECE477/gps/CMSIS/core" -O0 -g3 -Wall -fmessage-length=0 -ffunction-sections -c -MMD -MP -MF"StdPeriph_Driver/src/stm32l1xx_sdio.d" -MT"StdPeriph_Driver/src/stm32l1xx_sdio.o" -o "StdPeriph_Driver/src/stm32l1xx_sdio.o" "../StdPeriph_Driver/src/stm32l1xx_sdio.c"
Finished building: ../StdPeriph_Driver/src/stm32l1xx_rcc.c
 
Building file: ../StdPeriph_Driver/src/stm32l1xx_spi.c
Invoking: MCU GCC Compiler
/Users/chibuikemohanele/Google Drive/eceCode/ECE477/gps/Debug
arm-none-eabi-gcc -mcpu=cortex-m3 -mthumb -mfloat-abi=soft -DSTM32 -DSTM32L1 -DSTM32L152RCTx -DSTM32L152C_DISCO -DDEBUG -DSTM32L1XX_MDP -DUSE_STDPERIPH_DRIVER -I"/Users/chibuikemohanele/Google Drive/eceCode/ECE477/gps/Utilities" -I"/Users/chibuikemohanele/Google Drive/eceCode/ECE477/gps/StdPeriph_Driver/inc" -I"/Users/chibuikemohanele/Google Drive/eceCode/ECE477/gps/inc" -I"/Users/chibuikemohanele/Google Drive/eceCode/ECE477/gps/CMSIS/device" -I"/Users/chibuikemohanele/Google Drive/eceCode/ECE477/gps/CMSIS/core" -O0 -g3 -Wall -fmessage-length=0 -ffunction-sections -c -MMD -MP -MF"StdPeriph_Driver/src/stm32l1xx_spi.d" -MT"StdPeriph_Driver/src/stm32l1xx_spi.o" -o "StdPeriph_Driver/src/stm32l1xx_spi.o" "../StdPeriph_Driver/src/stm32l1xx_spi.c"
Finished building: ../StdPeriph_Driver/src/stm32l1xx_sdio.c
 
Building file: ../StdPeriph_Driver/src/stm32l1xx_syscfg.c
Invoking: MCU GCC Compiler
/Users/chibuikemohanele/Google Drive/eceCode/ECE477/gps/Debug
arm-none-eabi-gcc -mcpu=cortex-m3 -mthumb -mfloat-abi=soft -DSTM32 -DSTM32L1 -DSTM32L152RCTx -DSTM32L152C_DISCO -DDEBUG -DSTM32L1XX_MDP -DUSE_STDPERIPH_DRIVER -I"/Users/chibuikemohanele/Google Drive/eceCode/ECE477/gps/Utilities" -I"/Users/chibuikemohanele/Google Drive/eceCode/ECE477/gps/StdPeriph_Driver/inc" -I"/Users/chibuikemohanele/Google Drive/eceCode/ECE477/gps/inc" -I"/Users/chibuikemohanele/Google Drive/eceCode/ECE477/gps/CMSIS/device" -I"/Users/chibuikemohanele/Google Drive/eceCode/ECE477/gps/CMSIS/core" -O0 -g3 -Wall -fmessage-length=0 -ffunction-sections -c -MMD -MP -MF"StdPeriph_Driver/src/stm32l1xx_syscfg.d" -MT"StdPeriph_Driver/src/stm32l1xx_syscfg.o" -o "StdPeriph_Driver/src/stm32l1xx_syscfg.o" "../StdPeriph_Driver/src/stm32l1xx_syscfg.c"
Finished building: ../StdPeriph_Driver/src/stm32l1xx_rtc.c
 
Building file: ../StdPeriph_Driver/src/stm32l1xx_tim.c
Invoking: MCU GCC Compiler
/Users/chibuikemohanele/Google Drive/eceCode/ECE477/gps/Debug
arm-none-eabi-gcc -mcpu=cortex-m3 -mthumb -mfloat-abi=soft -DSTM32 -DSTM32L1 -DSTM32L152RCTx -DSTM32L152C_DISCO -DDEBUG -DSTM32L1XX_MDP -DUSE_STDPERIPH_DRIVER -I"/Users/chibuikemohanele/Google Drive/eceCode/ECE477/gps/Utilities" -I"/Users/chibuikemohanele/Google Drive/eceCode/ECE477/gps/StdPeriph_Driver/inc" -I"/Users/chibuikemohanele/Google Drive/eceCode/ECE477/gps/inc" -I"/Users/chibuikemohanele/Google Drive/eceCode/ECE477/gps/CMSIS/device" -I"/Users/chibuikemohanele/Google Drive/eceCode/ECE477/gps/CMSIS/core" -O0 -g3 -Wall -fmessage-length=0 -ffunction-sections -c -MMD -MP -MF"StdPeriph_Driver/src/stm32l1xx_tim.d" -MT"StdPeriph_Driver/src/stm32l1xx_tim.o" -o "StdPeriph_Driver/src/stm32l1xx_tim.o" "../StdPeriph_Driver/src/stm32l1xx_tim.c"
Finished building: ../StdPeriph_Driver/src/stm32l1xx_spi.c
 
Building file: ../StdPeriph_Driver/src/stm32l1xx_usart.c
Invoking: MCU GCC Compiler
/Users/chibuikemohanele/Google Drive/eceCode/ECE477/gps/Debug
arm-none-eabi-gcc -mcpu=cortex-m3 -mthumb -mfloat-abi=soft -DSTM32 -DSTM32L1 -DSTM32L152RCTx -DSTM32L152C_DISCO -DDEBUG -DSTM32L1XX_MDP -DUSE_STDPERIPH_DRIVER -I"/Users/chibuikemohanele/Google Drive/eceCode/ECE477/gps/Utilities" -I"/Users/chibuikemohanele/Google Drive/eceCode/ECE477/gps/StdPeriph_Driver/inc" -I"/Users/chibuikemohanele/Google Drive/eceCode/ECE477/gps/inc" -I"/Users/chibuikemohanele/Google Drive/eceCode/ECE477/gps/CMSIS/device" -I"/Users/chibuikemohanele/Google Drive/eceCode/ECE477/gps/CMSIS/core" -O0 -g3 -Wall -fmessage-length=0 -ffunction-sections -c -MMD -MP -MF"StdPeriph_Driver/src/stm32l1xx_usart.d" -MT"StdPeriph_Driver/src/stm32l1xx_usart.o" -o "StdPeriph_Driver/src/stm32l1xx_usart.o" "../StdPeriph_Driver/src/stm32l1xx_usart.c"
Finished building: ../StdPeriph_Driver/src/stm32l1xx_syscfg.c
 
Building file: ../StdPeriph_Driver/src/stm32l1xx_wwdg.c
Invoking: MCU GCC Compiler
/Users/chibuikemohanele/Google Drive/eceCode/ECE477/gps/Debug
arm-none-eabi-gcc -mcpu=cortex-m3 -mthumb -mfloat-abi=soft -DSTM32 -DSTM32L1 -DSTM32L152RCTx -DSTM32L152C_DISCO -DDEBUG -DSTM32L1XX_MDP -DUSE_STDPERIPH_DRIVER -I"/Users/chibuikemohanele/Google Drive/eceCode/ECE477/gps/Utilities" -I"/Users/chibuikemohanele/Google Drive/eceCode/ECE477/gps/StdPeriph_Driver/inc" -I"/Users/chibuikemohanele/Google Drive/eceCode/ECE477/gps/inc" -I"/Users/chibuikemohanele/Google Drive/eceCode/ECE477/gps/CMSIS/device" -I"/Users/chibuikemohanele/Google Drive/eceCode/ECE477/gps/CMSIS/core" -O0 -g3 -Wall -fmessage-length=0 -ffunction-sections -c -MMD -MP -MF"StdPeriph_Driver/src/stm32l1xx_wwdg.d" -MT"StdPeriph_Driver/src/stm32l1xx_wwdg.o" -o "StdPeriph_Driver/src/stm32l1xx_wwdg.o" "../StdPeriph_Driver/src/stm32l1xx_wwdg.c"
Finished building: ../StdPeriph_Driver/src/stm32l1xx_usart.c
 
Finished building: ../StdPeriph_Driver/src/stm32l1xx_tim.c
 
Finished building: ../StdPeriph_Driver/src/stm32l1xx_wwdg.c
 
Building target: gps.elf
Invoking: MCU GCC Linker
arm-none-eabi-gcc -mcpu=cortex-m3 -mthumb -mfloat-abi=soft -T"/Users/chibuikemohanele/Google Drive/eceCode/ECE477/gps/LinkerScript.ld" -Wl,-Map=output.map -Wl,--gc-sections -o "gps.elf" @"objects.list"   -lm
Finished building target: gps.elf
 
/Applications/Xcode.app/Contents/Developer/usr/bin/make --no-print-directory post-build
Generating binary and Printing size information:
arm-none-eabi-objcopy -O binary "gps.elf" "gps.bin"
arm-none-eabi-size "gps.elf"
   text	   data	    bss	    dec	    hex	filename
   3072	   1112	    324	   4508	   119c	gps.elf
 
14:38:05 **** Incremental Build of configuration Debug for project gps ****
make -j3 all 
make: Nothing to be done for `all'.
14:39:03 **** Incremental Build of configuration Debug for project gps ****
make -j3 all 
make: Nothing to be done for `all'.
14:40:07 **** Incremental Build of configuration Debug for project gps ****
make -j3 all 
Building file: ../src/main.c
Invoking: MCU GCC Compiler
/Users/chibuikemohanele/Google Drive/eceCode/ECE477/gps/Debug
arm-none-eabi-gcc -mcpu=cortex-m3 -mthumb -mfloat-abi=soft -DSTM32 -DSTM32L1 -DSTM32L152RCTx -DSTM32L152C_DISCO -DDEBUG -DSTM32L1XX_MDP -DUSE_STDPERIPH_DRIVER -I"/Users/chibuikemohanele/Google Drive/eceCode/ECE477/gps/Utilities" -I"/Users/chibuikemohanele/Google Drive/eceCode/ECE477/gps/StdPeriph_Driver/inc" -I"/Users/chibuikemohanele/Google Drive/eceCode/ECE477/gps/inc" -I"/Users/chibuikemohanele/Google Drive/eceCode/ECE477/gps/CMSIS/device" -I"/Users/chibuikemohanele/Google Drive/eceCode/ECE477/gps/CMSIS/core" -O0 -g3 -Wall -fmessage-length=0 -ffunction-sections -c -MMD -MP -MF"src/main.d" -MT"src/main.o" -o "src/main.o" "../src/main.c"
../src/main.c: In function 'main':
../src/main.c:23:7: warning: variable 'receive_message' set but not used [-Wunused-but-set-variable]
  char receive_message[GPS_BUFFER_SIZE] = "";
       ^~~~~~~~~~~~~~~
Finished building: ../src/main.c
 
Building target: gps.elf
Invoking: MCU GCC Linker
arm-none-eabi-gcc -mcpu=cortex-m3 -mthumb -mfloat-abi=soft -T"/Users/chibuikemohanele/Google Drive/eceCode/ECE477/gps/LinkerScript.ld" -Wl,-Map=output.map -Wl,--gc-sections -o "gps.elf" @"objects.list"   -lm
Finished building target: gps.elf
 
/Applications/Xcode.app/Contents/Developer/usr/bin/make --no-print-directory post-build
Generating binary and Printing size information:
arm-none-eabi-objcopy -O binary "gps.elf" "gps.bin"
arm-none-eabi-size "gps.elf"
   text	   data	    bss	    dec	    hex	filename
   3068	   1112	    324	   4504	   1198	gps.elf
 
14:41:18 **** Incremental Build of configuration Debug for project gps ****
make -j3 all 
Building file: ../src/main.c
Invoking: MCU GCC Compiler
/Users/chibuikemohanele/Google Drive/eceCode/ECE477/gps/Debug
arm-none-eabi-gcc -mcpu=cortex-m3 -mthumb -mfloat-abi=soft -DSTM32 -DSTM32L1 -DSTM32L152RCTx -DSTM32L152C_DISCO -DDEBUG -DSTM32L1XX_MDP -DUSE_STDPERIPH_DRIVER -I"/Users/chibuikemohanele/Google Drive/eceCode/ECE477/gps/Utilities" -I"/Users/chibuikemohanele/Google Drive/eceCode/ECE477/gps/StdPeriph_Driver/inc" -I"/Users/chibuikemohanele/Google Drive/eceCode/ECE477/gps/inc" -I"/Users/chibuikemohanele/Google Drive/eceCode/ECE477/gps/CMSIS/device" -I"/Users/chibuikemohanele/Google Drive/eceCode/ECE477/gps/CMSIS/core" -O0 -g3 -Wall -fmessage-length=0 -ffunction-sections -c -MMD -MP -MF"src/main.d" -MT"src/main.o" -o "src/main.o" "../src/main.c"
Finished building: ../src/main.c
 
Building target: gps.elf
Invoking: MCU GCC Linker
arm-none-eabi-gcc -mcpu=cortex-m3 -mthumb -mfloat-abi=soft -T"/Users/chibuikemohanele/Google Drive/eceCode/ECE477/gps/LinkerScript.ld" -Wl,-Map=output.map -Wl,--gc-sections -o "gps.elf" @"objects.list"   -lm
Finished building target: gps.elf
 
/Applications/Xcode.app/Contents/Developer/usr/bin/make --no-print-directory post-build
Generating binary and Printing size information:
arm-none-eabi-objcopy -O binary "gps.elf" "gps.bin"
arm-none-eabi-size "gps.elf"
   text	   data	    bss	    dec	    hex	filename
  26856	   2516	    384	  29756	   743c	gps.elf
 
14:42:04 **** Incremental Build of configuration Debug for project gps ****
make -j3 all 
Building file: ../src/main.c
Invoking: MCU GCC Compiler
/Users/chibuikemohanele/Google Drive/eceCode/ECE477/gps/Debug
arm-none-eabi-gcc -mcpu=cortex-m3 -mthumb -mfloat-abi=soft -DSTM32 -DSTM32L1 -DSTM32L152RCTx -DSTM32L152C_DISCO -DDEBUG -DSTM32L1XX_MDP -DUSE_STDPERIPH_DRIVER -I"/Users/chibuikemohanele/Google Drive/eceCode/ECE477/gps/Utilities" -I"/Users/chibuikemohanele/Google Drive/eceCode/ECE477/gps/StdPeriph_Driver/inc" -I"/Users/chibuikemohanele/Google Drive/eceCode/ECE477/gps/inc" -I"/Users/chibuikemohanele/Google Drive/eceCode/ECE477/gps/CMSIS/device" -I"/Users/chibuikemohanele/Google Drive/eceCode/ECE477/gps/CMSIS/core" -O0 -g3 -Wall -fmessage-length=0 -ffunction-sections -c -MMD -MP -MF"src/main.d" -MT"src/main.o" -o "src/main.o" "../src/main.c"
../src/main.c: In function 'main':
../src/main.c:49:8: error: expected expression before ')' token
  while(){
        ^
../src/main.c:50:18: error: 'i' undeclared (first use in this function)
   for(int i = 0; i < 82; i++){
                  ^
../src/main.c:50:18: note: each undeclared identifier is reported only once for each function it appears in
make: *** [src/main.o] Error 1
14:42:35 **** Incremental Build of configuration Debug for project gps ****
make -j3 all 
Building file: ../src/main.c
Invoking: MCU GCC Compiler
/Users/chibuikemohanele/Google Drive/eceCode/ECE477/gps/Debug
arm-none-eabi-gcc -mcpu=cortex-m3 -mthumb -mfloat-abi=soft -DSTM32 -DSTM32L1 -DSTM32L152RCTx -DSTM32L152C_DISCO -DDEBUG -DSTM32L1XX_MDP -DUSE_STDPERIPH_DRIVER -I"/Users/chibuikemohanele/Google Drive/eceCode/ECE477/gps/Utilities" -I"/Users/chibuikemohanele/Google Drive/eceCode/ECE477/gps/StdPeriph_Driver/inc" -I"/Users/chibuikemohanele/Google Drive/eceCode/ECE477/gps/inc" -I"/Users/chibuikemohanele/Google Drive/eceCode/ECE477/gps/CMSIS/device" -I"/Users/chibuikemohanele/Google Drive/eceCode/ECE477/gps/CMSIS/core" -O0 -g3 -Wall -fmessage-length=0 -ffunction-sections -c -MMD -MP -MF"src/main.d" -MT"src/main.o" -o "src/main.o" "../src/main.c"
../src/main.c: In function 'main':
../src/main.c:49:8: error: expected expression before ')' token
  while(){
        ^
make: *** [src/main.o] Error 1
14:43:13 **** Incremental Build of configuration Debug for project gps ****
make -j3 all 
Building file: ../src/main.c
Invoking: MCU GCC Compiler
/Users/chibuikemohanele/Google Drive/eceCode/ECE477/gps/Debug
arm-none-eabi-gcc -mcpu=cortex-m3 -mthumb -mfloat-abi=soft -DSTM32 -DSTM32L1 -DSTM32L152RCTx -DSTM32L152C_DISCO -DDEBUG -DSTM32L1XX_MDP -DUSE_STDPERIPH_DRIVER -I"/Users/chibuikemohanele/Google Drive/eceCode/ECE477/gps/Utilities" -I"/Users/chibuikemohanele/Google Drive/eceCode/ECE477/gps/StdPeriph_Driver/inc" -I"/Users/chibuikemohanele/Google Drive/eceCode/ECE477/gps/inc" -I"/Users/chibuikemohanele/Google Drive/eceCode/ECE477/gps/CMSIS/device" -I"/Users/chibuikemohanele/Google Drive/eceCode/ECE477/gps/CMSIS/core" -O0 -g3 -Wall -fmessage-length=0 -ffunction-sections -c -MMD -MP -MF"src/main.d" -MT"src/main.o" -o "src/main.o" "../src/main.c"
Finished building: ../src/main.c
 
Building target: gps.elf
Invoking: MCU GCC Linker
arm-none-eabi-gcc -mcpu=cortex-m3 -mthumb -mfloat-abi=soft -T"/Users/chibuikemohanele/Google Drive/eceCode/ECE477/gps/LinkerScript.ld" -Wl,-Map=output.map -Wl,--gc-sections -o "gps.elf" @"objects.list"   -lm
Finished building target: gps.elf
 
/Applications/Xcode.app/Contents/Developer/usr/bin/make --no-print-directory post-build
Generating binary and Printing size information:
arm-none-eabi-objcopy -O binary "gps.elf" "gps.bin"
arm-none-eabi-size "gps.elf"
   text	   data	    bss	    dec	    hex	filename
   9652	   2152	    388	  12192	   2fa0	gps.elf
 
14:58:35 **** Incremental Build of configuration Debug for project gps ****
make -j3 all 
Building file: ../src/main.c
Invoking: MCU GCC Compiler
/Users/chibuikemohanele/Google Drive/eceCode/ECE477/gps/Debug
arm-none-eabi-gcc -mcpu=cortex-m3 -mthumb -mfloat-abi=soft -DSTM32 -DSTM32L1 -DSTM32L152RCTx -DSTM32L152C_DISCO -DDEBUG -DSTM32L1XX_MDP -DUSE_STDPERIPH_DRIVER -I"/Users/chibuikemohanele/Google Drive/eceCode/ECE477/gps/Utilities" -I"/Users/chibuikemohanele/Google Drive/eceCode/ECE477/gps/StdPeriph_Driver/inc" -I"/Users/chibuikemohanele/Google Drive/eceCode/ECE477/gps/inc" -I"/Users/chibuikemohanele/Google Drive/eceCode/ECE477/gps/CMSIS/device" -I"/Users/chibuikemohanele/Google Drive/eceCode/ECE477/gps/CMSIS/core" -O0 -g3 -Wall -fmessage-length=0 -ffunction-sections -c -MMD -MP -MF"src/main.d" -MT"src/main.o" -o "src/main.o" "../src/main.c"
../src/main.c: In function 'main':
../src/main.c:55:20: warning: implicit declaration of function 'strstr' [-Wimplicit-function-declaration]
   begin_sentence = strstr(receive_message, "$");
                    ^~~~~~
../src/main.c:55:20: warning: incompatible implicit declaration of built-in function 'strstr'
../src/main.c:55:20: note: include '<string.h>' or provide a declaration of 'strstr'
../src/main.c:55:18: error: assignment to expression with array type
   begin_sentence = strstr(receive_message, "$");
                  ^
../src/main.c:56:12: warning: format '%s' expects argument of type 'char *', but argument 2 has type 'char **' [-Wformat=]
   printf("%s\n", begin_sentence);
           ~^     ~~~~~~~~~~~~~~
../src/main.c:57:3: warning: implicit declaration of function 'memset' [-Wimplicit-function-declaration]
   memset(begin_sentence, '\0', 82);
   ^~~~~~
../src/main.c:57:3: warning: incompatible implicit declaration of built-in function 'memset'
../src/main.c:57:3: note: include '<string.h>' or provide a declaration of 'memset'
../src/main.c:57:3: warning: 'memset' used with length equal to number of elements without multiplication by element size [-Wmemset-elt-size]
make: *** [src/main.o] Error 1
15:00:48 **** Incremental Build of configuration Debug for project gps ****
make -j3 all 
Building file: ../src/main.c
Invoking: MCU GCC Compiler
/Users/chibuikemohanele/Google Drive/eceCode/ECE477/gps/Debug
arm-none-eabi-gcc -mcpu=cortex-m3 -mthumb -mfloat-abi=soft -DSTM32 -DSTM32L1 -DSTM32L152RCTx -DSTM32L152C_DISCO -DDEBUG -DSTM32L1XX_MDP -DUSE_STDPERIPH_DRIVER -I"/Users/chibuikemohanele/Google Drive/eceCode/ECE477/gps/Utilities" -I"/Users/chibuikemohanele/Google Drive/eceCode/ECE477/gps/StdPeriph_Driver/inc" -I"/Users/chibuikemohanele/Google Drive/eceCode/ECE477/gps/inc" -I"/Users/chibuikemohanele/Google Drive/eceCode/ECE477/gps/CMSIS/device" -I"/Users/chibuikemohanele/Google Drive/eceCode/ECE477/gps/CMSIS/core" -O0 -g3 -Wall -fmessage-length=0 -ffunction-sections -c -MMD -MP -MF"src/main.d" -MT"src/main.o" -o "src/main.o" "../src/main.c"
../src/main.c: In function 'main':
../src/main.c:55:20: warning: implicit declaration of function 'strstr' [-Wimplicit-function-declaration]
   begin_sentence = strstr(receive_message, "$");
                    ^~~~~~
../src/main.c:55:20: warning: incompatible implicit declaration of built-in function 'strstr'
../src/main.c:55:20: note: include '<string.h>' or provide a declaration of 'strstr'
Finished building: ../src/main.c
 
Building target: gps.elf
Invoking: MCU GCC Linker
arm-none-eabi-gcc -mcpu=cortex-m3 -mthumb -mfloat-abi=soft -T"/Users/chibuikemohanele/Google Drive/eceCode/ECE477/gps/LinkerScript.ld" -Wl,-Map=output.map -Wl,--gc-sections -o "gps.elf" @"objects.list"   -lm
Finished building target: gps.elf
 
/Applications/Xcode.app/Contents/Developer/usr/bin/make --no-print-directory post-build
Generating binary and Printing size information:
arm-none-eabi-objcopy -O binary "gps.elf" "gps.bin"
arm-none-eabi-size "gps.elf"
   text	   data	    bss	    dec	    hex	filename
   9896	   2152	    388	  12436	   3094	gps.elf
 
15:01:34 **** Incremental Build of configuration Debug for project gps ****
make -j3 all 
Building file: ../src/main.c
Invoking: MCU GCC Compiler
/Users/chibuikemohanele/Google Drive/eceCode/ECE477/gps/Debug
arm-none-eabi-gcc -mcpu=cortex-m3 -mthumb -mfloat-abi=soft -DSTM32 -DSTM32L1 -DSTM32L152RCTx -DSTM32L152C_DISCO -DDEBUG -DSTM32L1XX_MDP -DUSE_STDPERIPH_DRIVER -I"/Users/chibuikemohanele/Google Drive/eceCode/ECE477/gps/Utilities" -I"/Users/chibuikemohanele/Google Drive/eceCode/ECE477/gps/StdPeriph_Driver/inc" -I"/Users/chibuikemohanele/Google Drive/eceCode/ECE477/gps/inc" -I"/Users/chibuikemohanele/Google Drive/eceCode/ECE477/gps/CMSIS/device" -I"/Users/chibuikemohanele/Google Drive/eceCode/ECE477/gps/CMSIS/core" -O0 -g3 -Wall -fmessage-length=0 -ffunction-sections -c -MMD -MP -MF"src/main.d" -MT"src/main.o" -o "src/main.o" "../src/main.c"
Finished building: ../src/main.c
 
Building target: gps.elf
Invoking: MCU GCC Linker
arm-none-eabi-gcc -mcpu=cortex-m3 -mthumb -mfloat-abi=soft -T"/Users/chibuikemohanele/Google Drive/eceCode/ECE477/gps/LinkerScript.ld" -Wl,-Map=output.map -Wl,--gc-sections -o "gps.elf" @"objects.list"   -lm
Finished building target: gps.elf
 
/Applications/Xcode.app/Contents/Developer/usr/bin/make --no-print-directory post-build
Generating binary and Printing size information:
arm-none-eabi-objcopy -O binary "gps.elf" "gps.bin"
arm-none-eabi-size "gps.elf"
   text	   data	    bss	    dec	    hex	filename
   9896	   2152	    388	  12436	   3094	gps.elf
 
15:04:25 **** Incremental Build of configuration Debug for project gps ****
make -j3 all 
Building file: ../src/main.c
Invoking: MCU GCC Compiler
/Users/chibuikemohanele/Google Drive/eceCode/ECE477/gps/Debug
arm-none-eabi-gcc -mcpu=cortex-m3 -mthumb -mfloat-abi=soft -DSTM32 -DSTM32L1 -DSTM32L152RCTx -DSTM32L152C_DISCO -DDEBUG -DSTM32L1XX_MDP -DUSE_STDPERIPH_DRIVER -I"/Users/chibuikemohanele/Google Drive/eceCode/ECE477/gps/Utilities" -I"/Users/chibuikemohanele/Google Drive/eceCode/ECE477/gps/StdPeriph_Driver/inc" -I"/Users/chibuikemohanele/Google Drive/eceCode/ECE477/gps/inc" -I"/Users/chibuikemohanele/Google Drive/eceCode/ECE477/gps/CMSIS/device" -I"/Users/chibuikemohanele/Google Drive/eceCode/ECE477/gps/CMSIS/core" -O0 -g3 -Wall -fmessage-length=0 -ffunction-sections -c -MMD -MP -MF"src/main.d" -MT"src/main.o" -o "src/main.o" "../src/main.c"
../src/main.c: In function 'main':
../src/main.c:50:9: warning: unused variable 'begin_sentence' [-Wunused-variable]
  char * begin_sentence;
         ^~~~~~~~~~~~~~
Finished building: ../src/main.c
 
Building target: gps.elf
Invoking: MCU GCC Linker
arm-none-eabi-gcc -mcpu=cortex-m3 -mthumb -mfloat-abi=soft -T"/Users/chibuikemohanele/Google Drive/eceCode/ECE477/gps/LinkerScript.ld" -Wl,-Map=output.map -Wl,--gc-sections -o "gps.elf" @"objects.list"   -lm
Finished building target: gps.elf
 
/Applications/Xcode.app/Contents/Developer/usr/bin/make --no-print-directory post-build
Generating binary and Printing size information:
arm-none-eabi-objcopy -O binary "gps.elf" "gps.bin"
arm-none-eabi-size "gps.elf"
   text	   data	    bss	    dec	    hex	filename
   9656	   2152	    388	  12196	   2fa4	gps.elf
 
15:05:27 **** Incremental Build of configuration Debug for project gps ****
make -j3 all 
Building file: ../src/main.c
Invoking: MCU GCC Compiler
/Users/chibuikemohanele/Google Drive/eceCode/ECE477/gps/Debug
arm-none-eabi-gcc -mcpu=cortex-m3 -mthumb -mfloat-abi=soft -DSTM32 -DSTM32L1 -DSTM32L152RCTx -DSTM32L152C_DISCO -DDEBUG -DSTM32L1XX_MDP -DUSE_STDPERIPH_DRIVER -I"/Users/chibuikemohanele/Google Drive/eceCode/ECE477/gps/Utilities" -I"/Users/chibuikemohanele/Google Drive/eceCode/ECE477/gps/StdPeriph_Driver/inc" -I"/Users/chibuikemohanele/Google Drive/eceCode/ECE477/gps/inc" -I"/Users/chibuikemohanele/Google Drive/eceCode/ECE477/gps/CMSIS/device" -I"/Users/chibuikemohanele/Google Drive/eceCode/ECE477/gps/CMSIS/core" -O0 -g3 -Wall -fmessage-length=0 -ffunction-sections -c -MMD -MP -MF"src/main.d" -MT"src/main.o" -o "src/main.o" "../src/main.c"
Finished building: ../src/main.c
 
Building target: gps.elf
Invoking: MCU GCC Linker
arm-none-eabi-gcc -mcpu=cortex-m3 -mthumb -mfloat-abi=soft -T"/Users/chibuikemohanele/Google Drive/eceCode/ECE477/gps/LinkerScript.ld" -Wl,-Map=output.map -Wl,--gc-sections -o "gps.elf" @"objects.list"   -lm
Finished building target: gps.elf
 
/Applications/Xcode.app/Contents/Developer/usr/bin/make --no-print-directory post-build
Generating binary and Printing size information:
arm-none-eabi-objcopy -O binary "gps.elf" "gps.bin"
arm-none-eabi-size "gps.elf"
   text	   data	    bss	    dec	    hex	filename
   9656	   2152	    388	  12196	   2fa4	gps.elf
 
15:07:25 **** Incremental Build of configuration Debug for project gps ****
make -j3 all 
Building file: ../src/main.c
Invoking: MCU GCC Compiler
/Users/chibuikemohanele/Google Drive/eceCode/ECE477/gps/Debug
arm-none-eabi-gcc -mcpu=cortex-m3 -mthumb -mfloat-abi=soft -DSTM32 -DSTM32L1 -DSTM32L152RCTx -DSTM32L152C_DISCO -DDEBUG -DSTM32L1XX_MDP -DUSE_STDPERIPH_DRIVER -I"/Users/chibuikemohanele/Google Drive/eceCode/ECE477/gps/Utilities" -I"/Users/chibuikemohanele/Google Drive/eceCode/ECE477/gps/StdPeriph_Driver/inc" -I"/Users/chibuikemohanele/Google Drive/eceCode/ECE477/gps/inc" -I"/Users/chibuikemohanele/Google Drive/eceCode/ECE477/gps/CMSIS/device" -I"/Users/chibuikemohanele/Google Drive/eceCode/ECE477/gps/CMSIS/core" -O0 -g3 -Wall -fmessage-length=0 -ffunction-sections -c -MMD -MP -MF"src/main.d" -MT"src/main.o" -o "src/main.o" "../src/main.c"
Finished building: ../src/main.c
 
Building target: gps.elf
Invoking: MCU GCC Linker
arm-none-eabi-gcc -mcpu=cortex-m3 -mthumb -mfloat-abi=soft -T"/Users/chibuikemohanele/Google Drive/eceCode/ECE477/gps/LinkerScript.ld" -Wl,-Map=output.map -Wl,--gc-sections -o "gps.elf" @"objects.list"   -lm
Finished building target: gps.elf
 
/Applications/Xcode.app/Contents/Developer/usr/bin/make --no-print-directory post-build
Generating binary and Printing size information:
arm-none-eabi-objcopy -O binary "gps.elf" "gps.bin"
arm-none-eabi-size "gps.elf"
   text	   data	    bss	    dec	    hex	filename
   9652	   2152	    388	  12192	   2fa0	gps.elf
 
15:15:16 **** Incremental Build of configuration Debug for project gps ****
make -j3 all 
Building file: ../src/main.c
Invoking: MCU GCC Compiler
/Users/chibuikemohanele/Google Drive/eceCode/ECE477/gps/Debug
arm-none-eabi-gcc -mcpu=cortex-m3 -mthumb -mfloat-abi=soft -DSTM32 -DSTM32L1 -DSTM32L152RCTx -DSTM32L152C_DISCO -DDEBUG -DSTM32L1XX_MDP -DUSE_STDPERIPH_DRIVER -I"/Users/chibuikemohanele/Google Drive/eceCode/ECE477/gps/Utilities" -I"/Users/chibuikemohanele/Google Drive/eceCode/ECE477/gps/StdPeriph_Driver/inc" -I"/Users/chibuikemohanele/Google Drive/eceCode/ECE477/gps/inc" -I"/Users/chibuikemohanele/Google Drive/eceCode/ECE477/gps/CMSIS/device" -I"/Users/chibuikemohanele/Google Drive/eceCode/ECE477/gps/CMSIS/core" -O0 -g3 -Wall -fmessage-length=0 -ffunction-sections -c -MMD -MP -MF"src/main.d" -MT"src/main.o" -o "src/main.o" "../src/main.c"
Finished building: ../src/main.c
 
Building target: gps.elf
Invoking: MCU GCC Linker
arm-none-eabi-gcc -mcpu=cortex-m3 -mthumb -mfloat-abi=soft -T"/Users/chibuikemohanele/Google Drive/eceCode/ECE477/gps/LinkerScript.ld" -Wl,-Map=output.map -Wl,--gc-sections -o "gps.elf" @"objects.list"   -lm
Finished building target: gps.elf
 
/Applications/Xcode.app/Contents/Developer/usr/bin/make --no-print-directory post-build
Generating binary and Printing size information:
arm-none-eabi-objcopy -O binary "gps.elf" "gps.bin"
arm-none-eabi-size "gps.elf"
   text	   data	    bss	    dec	    hex	filename
   9664	   2152	    388	  12204	   2fac	gps.elf
 
15:17:46 **** Incremental Build of configuration Debug for project gps ****
make -j3 all 
Building file: ../src/main.c
Invoking: MCU GCC Compiler
/Users/chibuikemohanele/Google Drive/eceCode/ECE477/gps/Debug
arm-none-eabi-gcc -mcpu=cortex-m3 -mthumb -mfloat-abi=soft -DSTM32 -DSTM32L1 -DSTM32L152RCTx -DSTM32L152C_DISCO -DDEBUG -DSTM32L1XX_MDP -DUSE_STDPERIPH_DRIVER -I"/Users/chibuikemohanele/Google Drive/eceCode/ECE477/gps/Utilities" -I"/Users/chibuikemohanele/Google Drive/eceCode/ECE477/gps/StdPeriph_Driver/inc" -I"/Users/chibuikemohanele/Google Drive/eceCode/ECE477/gps/inc" -I"/Users/chibuikemohanele/Google Drive/eceCode/ECE477/gps/CMSIS/device" -I"/Users/chibuikemohanele/Google Drive/eceCode/ECE477/gps/CMSIS/core" -O0 -g3 -Wall -fmessage-length=0 -ffunction-sections -c -MMD -MP -MF"src/main.d" -MT"src/main.o" -o "src/main.o" "../src/main.c"
Finished building: ../src/main.c
 
Building target: gps.elf
Invoking: MCU GCC Linker
arm-none-eabi-gcc -mcpu=cortex-m3 -mthumb -mfloat-abi=soft -T"/Users/chibuikemohanele/Google Drive/eceCode/ECE477/gps/LinkerScript.ld" -Wl,-Map=output.map -Wl,--gc-sections -o "gps.elf" @"objects.list"   -lm
Finished building target: gps.elf
 
/Applications/Xcode.app/Contents/Developer/usr/bin/make --no-print-directory post-build
Generating binary and Printing size information:
arm-none-eabi-objcopy -O binary "gps.elf" "gps.bin"
arm-none-eabi-size "gps.elf"
   text	   data	    bss	    dec	    hex	filename
   9688	   2152	    388	  12228	   2fc4	gps.elf
 
15:18:53 **** Incremental Build of configuration Debug for project gps ****
make -j3 all 
Building file: ../src/main.c
Invoking: MCU GCC Compiler
/Users/chibuikemohanele/Google Drive/eceCode/ECE477/gps/Debug
arm-none-eabi-gcc -mcpu=cortex-m3 -mthumb -mfloat-abi=soft -DSTM32 -DSTM32L1 -DSTM32L152RCTx -DSTM32L152C_DISCO -DDEBUG -DSTM32L1XX_MDP -DUSE_STDPERIPH_DRIVER -I"/Users/chibuikemohanele/Google Drive/eceCode/ECE477/gps/Utilities" -I"/Users/chibuikemohanele/Google Drive/eceCode/ECE477/gps/StdPeriph_Driver/inc" -I"/Users/chibuikemohanele/Google Drive/eceCode/ECE477/gps/inc" -I"/Users/chibuikemohanele/Google Drive/eceCode/ECE477/gps/CMSIS/device" -I"/Users/chibuikemohanele/Google Drive/eceCode/ECE477/gps/CMSIS/core" -O0 -g3 -Wall -fmessage-length=0 -ffunction-sections -c -MMD -MP -MF"src/main.d" -MT"src/main.o" -o "src/main.o" "../src/main.c"
Finished building: ../src/main.c
 
Building target: gps.elf
Invoking: MCU GCC Linker
arm-none-eabi-gcc -mcpu=cortex-m3 -mthumb -mfloat-abi=soft -T"/Users/chibuikemohanele/Google Drive/eceCode/ECE477/gps/LinkerScript.ld" -Wl,-Map=output.map -Wl,--gc-sections -o "gps.elf" @"objects.list"   -lm
Finished building target: gps.elf
 
/Applications/Xcode.app/Contents/Developer/usr/bin/make --no-print-directory post-build
Generating binary and Printing size information:
arm-none-eabi-objcopy -O binary "gps.elf" "gps.bin"
arm-none-eabi-size "gps.elf"
   text	   data	    bss	    dec	    hex	filename
   9692	   2152	    388	  12232	   2fc8	gps.elf
 
15:20:52 **** Incremental Build of configuration Debug for project gps ****
make -j3 all 
make: Nothing to be done for `all'.
15:45:07 **** Incremental Build of configuration Debug for project gps ****
make -j3 all 
Building file: ../src/main.c
Invoking: MCU GCC Compiler
Building file: ../src/nmea.c
Invoking: MCU GCC Compiler
/Users/chibuikemohanele/Google Drive/eceCode/ECE477/gps/Debug
arm-none-eabi-gcc -mcpu=cortex-m3 -mthumb -mfloat-abi=soft -DSTM32 -DSTM32L1 -DSTM32L152RCTx -DSTM32L152C_DISCO -DDEBUG -DSTM32L1XX_MDP -DUSE_STDPERIPH_DRIVER -I"/Users/chibuikemohanele/Google Drive/eceCode/ECE477/gps/Utilities" -I"/Users/chibuikemohanele/Google Drive/eceCode/ECE477/gps/StdPeriph_Driver/inc" -I"/Users/chibuikemohanele/Google Drive/eceCode/ECE477/gps/inc" -I"/Users/chibuikemohanele/Google Drive/eceCode/ECE477/gps/CMSIS/device" -I"/Users/chibuikemohanele/Google Drive/eceCode/ECE477/gps/CMSIS/core" -O0 -g3 -Wall -fmessage-length=0 -ffunction-sections -c -MMD -MP -MF"src/main.d" -MT"src/main.o" -o "src/main.o" "../src/main.c"
/Users/chibuikemohanele/Google Drive/eceCode/ECE477/gps/Debug
arm-none-eabi-gcc -mcpu=cortex-m3 -mthumb -mfloat-abi=soft -DSTM32 -DSTM32L1 -DSTM32L152RCTx -DSTM32L152C_DISCO -DDEBUG -DSTM32L1XX_MDP -DUSE_STDPERIPH_DRIVER -I"/Users/chibuikemohanele/Google Drive/eceCode/ECE477/gps/Utilities" -I"/Users/chibuikemohanele/Google Drive/eceCode/ECE477/gps/StdPeriph_Driver/inc" -I"/Users/chibuikemohanele/Google Drive/eceCode/ECE477/gps/inc" -I"/Users/chibuikemohanele/Google Drive/eceCode/ECE477/gps/CMSIS/device" -I"/Users/chibuikemohanele/Google Drive/eceCode/ECE477/gps/CMSIS/core" -O0 -g3 -Wall -fmessage-length=0 -ffunction-sections -c -MMD -MP -MF"src/nmea.d" -MT"src/nmea.o" -o "src/nmea.o" "../src/nmea.c"
../src/main.c: In function 'main':
../src/main.c:63:3: warning: implicit declaration of function 'free_nmea_message' [-Wimplicit-function-declaration]
   free_nmea_message(parsed_message);
   ^~~~~~~~~~~~~~~~~
Finished building: ../src/main.c
 
Finished building: ../src/nmea.c
 
Building target: gps.elf
Invoking: MCU GCC Linker
arm-none-eabi-gcc -mcpu=cortex-m3 -mthumb -mfloat-abi=soft -T"/Users/chibuikemohanele/Google Drive/eceCode/ECE477/gps/LinkerScript.ld" -Wl,-Map=output.map -Wl,--gc-sections -o "gps.elf" @"objects.list"   -lm
Finished building target: gps.elf
 
/Applications/Xcode.app/Contents/Developer/usr/bin/make --no-print-directory post-build
Generating binary and Printing size information:
arm-none-eabi-objcopy -O binary "gps.elf" "gps.bin"
arm-none-eabi-size "gps.elf"
   text	   data	    bss	    dec	    hex	filename
  24076	   2516	    384	  26976	   6960	gps.elf
 
15:47:10 **** Incremental Build of configuration Debug for project gps ****
make -j3 all 
make: Nothing to be done for `all'.
13:32:04 **** Build of configuration Debug for project gps ****
make -j3 all 
Building file: ../src/main.c
Building file: ../src/nmea.c
Invoking: MCU GCC Compiler
Invoking: MCU GCC Compiler
/Users/chibuikemohanele/Google Drive/eceCode/ECE477/gps/Debug
arm-none-eabi-gcc -mcpu=cortex-m3 -mthumb -mfloat-abi=soft -DSTM32 -DSTM32L1 -DSTM32L152RCTx -DSTM32L152C_DISCO -DDEBUG -DSTM32L1XX_MDP -DUSE_STDPERIPH_DRIVER -I"/Users/chibuikemohanele/Google Drive/eceCode/ECE477/gps/Utilities" -I"/Users/chibuikemohanele/Google Drive/eceCode/ECE477/gps/StdPeriph_Driver/inc" -I"/Users/chibuikemohanele/Google Drive/eceCode/ECE477/gps/inc" -I"/Users/chibuikemohanele/Google Drive/eceCode/ECE477/gps/CMSIS/device" -I"/Users/chibuikemohanele/Google Drive/eceCode/ECE477/gps/CMSIS/core" -O0 -g3 -Wall -fmessage-length=0 -ffunction-sections -c -MMD -MP -MF"src/nmea.d" -MT"src/nmea.o" -o "src/nmea.o" "../src/nmea.c"
/Users/chibuikemohanele/Google Drive/eceCode/ECE477/gps/Debug
arm-none-eabi-gcc -mcpu=cortex-m3 -mthumb -mfloat-abi=soft -DSTM32 -DSTM32L1 -DSTM32L152RCTx -DSTM32L152C_DISCO -DDEBUG -DSTM32L1XX_MDP -DUSE_STDPERIPH_DRIVER -I"/Users/chibuikemohanele/Google Drive/eceCode/ECE477/gps/Utilities" -I"/Users/chibuikemohanele/Google Drive/eceCode/ECE477/gps/StdPeriph_Driver/inc" -I"/Users/chibuikemohanele/Google Drive/eceCode/ECE477/gps/inc" -I"/Users/chibuikemohanele/Google Drive/eceCode/ECE477/gps/CMSIS/device" -I"/Users/chibuikemohanele/Google Drive/eceCode/ECE477/gps/CMSIS/core" -O0 -g3 -Wall -fmessage-length=0 -ffunction-sections -c -MMD -MP -MF"src/main.d" -MT"src/main.o" -o "src/main.o" "../src/main.c"
../src/nmea.c: In function 'parse_rmc':
../src/nmea.c:48:17: error: assignment to expression with array type
  rmc -> seconds = value % 100;
                 ^
../src/nmea.c:50:17: error: assignment to expression with array type
  rmc -> minutes = value % 100;
                 ^
../src/nmea.c:52:14: error: assignment to expression with array type
  rmc -> hour = value;
              ^
../src/nmea.c: In function 'print_rmc':
../src/nmea.c:60:11: warning: format '%d' expects argument of type 'int', but argument 2 has type 'char *' [-Wformat=]
  printf("%d:%d:%d  %c", rmc -> hour, rmc -> minutes, rmc -> seconds, rmc -> valid);
          ~^             ~~~
          %s
../src/nmea.c:60:14: warning: format '%d' expects argument of type 'int', but argument 3 has type 'char *' [-Wformat=]
  printf("%d:%d:%d  %c", rmc -> hour, rmc -> minutes, rmc -> seconds, rmc -> valid);
             ~^                       ~~~
             %s
../src/nmea.c:60:17: warning: format '%d' expects argument of type 'int', but argument 4 has type 'char *' [-Wformat=]
  printf("%d:%d:%d  %c", rmc -> hour, rmc -> minutes, rmc -> seconds, rmc -> valid);
                ~^                                    ~~~
                %s
make: *** [src/nmea.o] Error 1
make: *** Waiting for unfinished jobs....
../src/main.c: In function 'main':
../src/main.c:63:3: warning: implicit declaration of function 'free_nmea_message' [-Wimplicit-function-declaration]
   free_nmea_message(parsed_message);
   ^~~~~~~~~~~~~~~~~
Finished building: ../src/main.c
 
13:40:42 **** Incremental Build of configuration Debug for project gps ****
make -j3 all 
Building file: ../src/nmea.c
Invoking: MCU GCC Compiler
/Users/chibuikemohanele/Google Drive/eceCode/ECE477/gps/Debug
arm-none-eabi-gcc -mcpu=cortex-m3 -mthumb -mfloat-abi=soft -DSTM32 -DSTM32L1 -DSTM32L152RCTx -DSTM32L152C_DISCO -DDEBUG -DSTM32L1XX_MDP -DUSE_STDPERIPH_DRIVER -I"/Users/chibuikemohanele/Google Drive/eceCode/ECE477/gps/Utilities" -I"/Users/chibuikemohanele/Google Drive/eceCode/ECE477/gps/StdPeriph_Driver/inc" -I"/Users/chibuikemohanele/Google Drive/eceCode/ECE477/gps/inc" -I"/Users/chibuikemohanele/Google Drive/eceCode/ECE477/gps/CMSIS/device" -I"/Users/chibuikemohanele/Google Drive/eceCode/ECE477/gps/CMSIS/core" -O0 -g3 -Wall -fmessage-length=0 -ffunction-sections -c -MMD -MP -MF"src/nmea.d" -MT"src/nmea.o" -o "src/nmea.o" "../src/nmea.c"
../src/nmea.c: In function 'parse_rmc':
../src/nmea.c:49:17: warning: assignment makes integer from pointer without a cast [-Wint-conversion]
  rmc -> hour[1] = curr;
                 ^
../src/nmea.c: In function 'print_rmc':
../src/nmea.c:65:11: warning: format '%d' expects argument of type 'int', but argument 2 has type 'char *' [-Wformat=]
  printf("%d:%d:%d  %c", rmc -> hour, rmc -> minutes, rmc -> seconds, rmc -> valid);
          ~^             ~~~
          %s
../src/nmea.c:65:14: warning: format '%d' expects argument of type 'int', but argument 3 has type 'char *' [-Wformat=]
  printf("%d:%d:%d  %c", rmc -> hour, rmc -> minutes, rmc -> seconds, rmc -> valid);
             ~^                       ~~~
             %s
../src/nmea.c:65:17: warning: format '%d' expects argument of type 'int', but argument 4 has type 'char *' [-Wformat=]
  printf("%d:%d:%d  %c", rmc -> hour, rmc -> minutes, rmc -> seconds, rmc -> valid);
                ~^                                    ~~~
                %s
Finished building: ../src/nmea.c
 
Building target: gps.elf
Invoking: MCU GCC Linker
arm-none-eabi-gcc -mcpu=cortex-m3 -mthumb -mfloat-abi=soft -T"/Users/chibuikemohanele/Google Drive/eceCode/ECE477/gps/LinkerScript.ld" -Wl,-Map=output.map -Wl,--gc-sections -o "gps.elf" @"objects.list"   -lm
Finished building target: gps.elf
 
/Applications/Xcode.app/Contents/Developer/usr/bin/make --no-print-directory post-build
Generating binary and Printing size information:
arm-none-eabi-objcopy -O binary "gps.elf" "gps.bin"
arm-none-eabi-size "gps.elf"
   text	   data	    bss	    dec	    hex	filename
  12884	   2516	    384	  15784	   3da8	gps.elf
 
13:40:52 **** Incremental Build of configuration Debug for project gps ****
make -j3 all 
Building file: ../src/nmea.c
Invoking: MCU GCC Compiler
/Users/chibuikemohanele/Google Drive/eceCode/ECE477/gps/Debug
arm-none-eabi-gcc -mcpu=cortex-m3 -mthumb -mfloat-abi=soft -DSTM32 -DSTM32L1 -DSTM32L152RCTx -DSTM32L152C_DISCO -DDEBUG -DSTM32L1XX_MDP -DUSE_STDPERIPH_DRIVER -I"/Users/chibuikemohanele/Google Drive/eceCode/ECE477/gps/Utilities" -I"/Users/chibuikemohanele/Google Drive/eceCode/ECE477/gps/StdPeriph_Driver/inc" -I"/Users/chibuikemohanele/Google Drive/eceCode/ECE477/gps/inc" -I"/Users/chibuikemohanele/Google Drive/eceCode/ECE477/gps/CMSIS/device" -I"/Users/chibuikemohanele/Google Drive/eceCode/ECE477/gps/CMSIS/core" -O0 -g3 -Wall -fmessage-length=0 -ffunction-sections -c -MMD -MP -MF"src/nmea.d" -MT"src/nmea.o" -o "src/nmea.o" "../src/nmea.c"
../src/nmea.c: In function 'print_rmc':
../src/nmea.c:65:11: warning: format '%d' expects argument of type 'int', but argument 2 has type 'char *' [-Wformat=]
  printf("%d:%d:%d  %c", rmc -> hour, rmc -> minutes, rmc -> seconds, rmc -> valid);
          ~^             ~~~
          %s
../src/nmea.c:65:14: warning: format '%d' expects argument of type 'int', but argument 3 has type 'char *' [-Wformat=]
  printf("%d:%d:%d  %c", rmc -> hour, rmc -> minutes, rmc -> seconds, rmc -> valid);
             ~^                       ~~~
             %s
../src/nmea.c:65:17: warning: format '%d' expects argument of type 'int', but argument 4 has type 'char *' [-Wformat=]
  printf("%d:%d:%d  %c", rmc -> hour, rmc -> minutes, rmc -> seconds, rmc -> valid);
                ~^                                    ~~~
                %s
Finished building: ../src/nmea.c
 
Building target: gps.elf
Invoking: MCU GCC Linker
arm-none-eabi-gcc -mcpu=cortex-m3 -mthumb -mfloat-abi=soft -T"/Users/chibuikemohanele/Google Drive/eceCode/ECE477/gps/LinkerScript.ld" -Wl,-Map=output.map -Wl,--gc-sections -o "gps.elf" @"objects.list"   -lm
Finished building target: gps.elf
 
/Applications/Xcode.app/Contents/Developer/usr/bin/make --no-print-directory post-build
Generating binary and Printing size information:
arm-none-eabi-objcopy -O binary "gps.elf" "gps.bin"
arm-none-eabi-size "gps.elf"
   text	   data	    bss	    dec	    hex	filename
  12884	   2516	    384	  15784	   3da8	gps.elf
 
13:42:15 **** Incremental Build of configuration Debug for project gps ****
make -j3 all 
Building file: ../src/nmea.c
Invoking: MCU GCC Compiler
/Users/chibuikemohanele/Google Drive/eceCode/ECE477/gps/Debug
arm-none-eabi-gcc -mcpu=cortex-m3 -mthumb -mfloat-abi=soft -DSTM32 -DSTM32L1 -DSTM32L152RCTx -DSTM32L152C_DISCO -DDEBUG -DSTM32L1XX_MDP -DUSE_STDPERIPH_DRIVER -I"/Users/chibuikemohanele/Google Drive/eceCode/ECE477/gps/Utilities" -I"/Users/chibuikemohanele/Google Drive/eceCode/ECE477/gps/StdPeriph_Driver/inc" -I"/Users/chibuikemohanele/Google Drive/eceCode/ECE477/gps/inc" -I"/Users/chibuikemohanele/Google Drive/eceCode/ECE477/gps/CMSIS/device" -I"/Users/chibuikemohanele/Google Drive/eceCode/ECE477/gps/CMSIS/core" -O0 -g3 -Wall -fmessage-length=0 -ffunction-sections -c -MMD -MP -MF"src/nmea.d" -MT"src/nmea.o" -o "src/nmea.o" "../src/nmea.c"
Finished building: ../src/nmea.c
 
Building target: gps.elf
Invoking: MCU GCC Linker
arm-none-eabi-gcc -mcpu=cortex-m3 -mthumb -mfloat-abi=soft -T"/Users/chibuikemohanele/Google Drive/eceCode/ECE477/gps/LinkerScript.ld" -Wl,-Map=output.map -Wl,--gc-sections -o "gps.elf" @"objects.list"   -lm
Finished building target: gps.elf
 
/Applications/Xcode.app/Contents/Developer/usr/bin/make --no-print-directory post-build
Generating binary and Printing size information:
arm-none-eabi-objcopy -O binary "gps.elf" "gps.bin"
arm-none-eabi-size "gps.elf"
   text	   data	    bss	    dec	    hex	filename
  12884	   2516	    384	  15784	   3da8	gps.elf
 
14:16:40 **** Incremental Build of configuration Debug for project gps ****
make -j3 all 
Building file: ../src/main.c
Building file: ../src/nmea.c
Invoking: MCU GCC Compiler
Invoking: MCU GCC Compiler
/Users/chibuikemohanele/Google Drive/eceCode/ECE477/gps/Debug
arm-none-eabi-gcc -mcpu=cortex-m3 -mthumb -mfloat-abi=soft -DSTM32 -DSTM32L1 -DSTM32L152RCTx -DSTM32L152C_DISCO -DDEBUG -DSTM32L1XX_MDP -DUSE_STDPERIPH_DRIVER -I"/Users/chibuikemohanele/Google Drive/eceCode/ECE477/gps/Utilities" -I"/Users/chibuikemohanele/Google Drive/eceCode/ECE477/gps/StdPeriph_Driver/inc" -I"/Users/chibuikemohanele/Google Drive/eceCode/ECE477/gps/inc" -I"/Users/chibuikemohanele/Google Drive/eceCode/ECE477/gps/CMSIS/device" -I"/Users/chibuikemohanele/Google Drive/eceCode/ECE477/gps/CMSIS/core" -O0 -g3 -Wall -fmessage-length=0 -ffunction-sections -c -MMD -MP -MF"src/nmea.d" -MT"src/nmea.o" -o "src/nmea.o" "../src/nmea.c"
/Users/chibuikemohanele/Google Drive/eceCode/ECE477/gps/Debug
arm-none-eabi-gcc -mcpu=cortex-m3 -mthumb -mfloat-abi=soft -DSTM32 -DSTM32L1 -DSTM32L152RCTx -DSTM32L152C_DISCO -DDEBUG -DSTM32L1XX_MDP -DUSE_STDPERIPH_DRIVER -I"/Users/chibuikemohanele/Google Drive/eceCode/ECE477/gps/Utilities" -I"/Users/chibuikemohanele/Google Drive/eceCode/ECE477/gps/StdPeriph_Driver/inc" -I"/Users/chibuikemohanele/Google Drive/eceCode/ECE477/gps/inc" -I"/Users/chibuikemohanele/Google Drive/eceCode/ECE477/gps/CMSIS/device" -I"/Users/chibuikemohanele/Google Drive/eceCode/ECE477/gps/CMSIS/core" -O0 -g3 -Wall -fmessage-length=0 -ffunction-sections -c -MMD -MP -MF"src/main.d" -MT"src/main.o" -o "src/main.o" "../src/main.c"
../src/nmea.c: In function 'parse_rmc':
../src/nmea.c:55:2: warning: implicit declaration of function 'copyUntil' [-Wimplicit-function-declaration]
  copyUntil(rmc -> latitude, curr, ',');
  ^~~~~~~~~
../src/nmea.c: At top level:
../src/nmea.c:67:6: warning: conflicting types for 'copyUntil'
 void copyUntil(char * dest, char * source, char c){
      ^~~~~~~~~
../src/nmea.c:55:2: note: previous implicit declaration of 'copyUntil' was here
  copyUntil(rmc -> latitude, curr, ',');
  ^~~~~~~~~
../src/main.c: In function 'main':
../src/main.c:63:3: warning: implicit declaration of function 'free_nmea_message' [-Wimplicit-function-declaration]
   free_nmea_message(parsed_message);
   ^~~~~~~~~~~~~~~~~
Finished building: ../src/main.c
Finished building: ../src/nmea.c
 
 
Building target: gps.elf
Invoking: MCU GCC Linker
arm-none-eabi-gcc -mcpu=cortex-m3 -mthumb -mfloat-abi=soft -T"/Users/chibuikemohanele/Google Drive/eceCode/ECE477/gps/LinkerScript.ld" -Wl,-Map=output.map -Wl,--gc-sections -o "gps.elf" @"objects.list"   -lm
Finished building target: gps.elf
 
/Applications/Xcode.app/Contents/Developer/usr/bin/make --no-print-directory post-build
Generating binary and Printing size information:
arm-none-eabi-objcopy -O binary "gps.elf" "gps.bin"
arm-none-eabi-size "gps.elf"
   text	   data	    bss	    dec	    hex	filename
  12980	   2516	    384	  15880	   3e08	gps.elf
 
14:17:06 **** Incremental Build of configuration Debug for project gps ****
make -j3 all 
Building file: ../src/main.c
Invoking: MCU GCC Compiler
Building file: ../src/nmea.c
Invoking: MCU GCC Compiler
/Users/chibuikemohanele/Google Drive/eceCode/ECE477/gps/Debug
arm-none-eabi-gcc -mcpu=cortex-m3 -mthumb -mfloat-abi=soft -DSTM32 -DSTM32L1 -DSTM32L152RCTx -DSTM32L152C_DISCO -DDEBUG -DSTM32L1XX_MDP -DUSE_STDPERIPH_DRIVER -I"/Users/chibuikemohanele/Google Drive/eceCode/ECE477/gps/Utilities" -I"/Users/chibuikemohanele/Google Drive/eceCode/ECE477/gps/StdPeriph_Driver/inc" -I"/Users/chibuikemohanele/Google Drive/eceCode/ECE477/gps/inc" -I"/Users/chibuikemohanele/Google Drive/eceCode/ECE477/gps/CMSIS/device" -I"/Users/chibuikemohanele/Google Drive/eceCode/ECE477/gps/CMSIS/core" -O0 -g3 -Wall -fmessage-length=0 -ffunction-sections -c -MMD -MP -MF"src/main.d" -MT"src/main.o" -o "src/main.o" "../src/main.c"
/Users/chibuikemohanele/Google Drive/eceCode/ECE477/gps/Debug
arm-none-eabi-gcc -mcpu=cortex-m3 -mthumb -mfloat-abi=soft -DSTM32 -DSTM32L1 -DSTM32L152RCTx -DSTM32L152C_DISCO -DDEBUG -DSTM32L1XX_MDP -DUSE_STDPERIPH_DRIVER -I"/Users/chibuikemohanele/Google Drive/eceCode/ECE477/gps/Utilities" -I"/Users/chibuikemohanele/Google Drive/eceCode/ECE477/gps/StdPeriph_Driver/inc" -I"/Users/chibuikemohanele/Google Drive/eceCode/ECE477/gps/inc" -I"/Users/chibuikemohanele/Google Drive/eceCode/ECE477/gps/CMSIS/device" -I"/Users/chibuikemohanele/Google Drive/eceCode/ECE477/gps/CMSIS/core" -O0 -g3 -Wall -fmessage-length=0 -ffunction-sections -c -MMD -MP -MF"src/nmea.d" -MT"src/nmea.o" -o "src/nmea.o" "../src/nmea.c"
../src/main.c: In function 'main':
../src/main.c:63:3: warning: implicit declaration of function 'free_nmea_message' [-Wimplicit-function-declaration]
   free_nmea_message(parsed_message);
   ^~~~~~~~~~~~~~~~~
Finished building: ../src/nmea.c
 
Finished building: ../src/main.c
 
Building target: gps.elf
Invoking: MCU GCC Linker
arm-none-eabi-gcc -mcpu=cortex-m3 -mthumb -mfloat-abi=soft -T"/Users/chibuikemohanele/Google Drive/eceCode/ECE477/gps/LinkerScript.ld" -Wl,-Map=output.map -Wl,--gc-sections -o "gps.elf" @"objects.list"   -lm
Finished building target: gps.elf
 
/Applications/Xcode.app/Contents/Developer/usr/bin/make --no-print-directory post-build
Generating binary and Printing size information:
arm-none-eabi-objcopy -O binary "gps.elf" "gps.bin"
arm-none-eabi-size "gps.elf"
   text	   data	    bss	    dec	    hex	filename
  12980	   2516	    384	  15880	   3e08	gps.elf
 
14:27:25 **** Incremental Build of configuration Debug for project gps ****
make -j3 all 
Building file: ../src/main.c
Building file: ../src/nmea.c
Invoking: MCU GCC Compiler
Invoking: MCU GCC Compiler
/Users/chibuikemohanele/Google Drive/eceCode/ECE477/gps/Debug
arm-none-eabi-gcc -mcpu=cortex-m3 -mthumb -mfloat-abi=soft -DSTM32 -DSTM32L1 -DSTM32L152RCTx -DSTM32L152C_DISCO -DDEBUG -DSTM32L1XX_MDP -DUSE_STDPERIPH_DRIVER -I"/Users/chibuikemohanele/Google Drive/eceCode/ECE477/gps/Utilities" -I"/Users/chibuikemohanele/Google Drive/eceCode/ECE477/gps/StdPeriph_Driver/inc" -I"/Users/chibuikemohanele/Google Drive/eceCode/ECE477/gps/inc" -I"/Users/chibuikemohanele/Google Drive/eceCode/ECE477/gps/CMSIS/device" -I"/Users/chibuikemohanele/Google Drive/eceCode/ECE477/gps/CMSIS/core" -O0 -g3 -Wall -fmessage-length=0 -ffunction-sections -c -MMD -MP -MF"src/nmea.d" -MT"src/nmea.o" -o "src/nmea.o" "../src/nmea.c"
/Users/chibuikemohanele/Google Drive/eceCode/ECE477/gps/Debug
arm-none-eabi-gcc -mcpu=cortex-m3 -mthumb -mfloat-abi=soft -DSTM32 -DSTM32L1 -DSTM32L152RCTx -DSTM32L152C_DISCO -DDEBUG -DSTM32L1XX_MDP -DUSE_STDPERIPH_DRIVER -I"/Users/chibuikemohanele/Google Drive/eceCode/ECE477/gps/Utilities" -I"/Users/chibuikemohanele/Google Drive/eceCode/ECE477/gps/StdPeriph_Driver/inc" -I"/Users/chibuikemohanele/Google Drive/eceCode/ECE477/gps/inc" -I"/Users/chibuikemohanele/Google Drive/eceCode/ECE477/gps/CMSIS/device" -I"/Users/chibuikemohanele/Google Drive/eceCode/ECE477/gps/CMSIS/core" -O0 -g3 -Wall -fmessage-length=0 -ffunction-sections -c -MMD -MP -MF"src/main.d" -MT"src/main.o" -o "src/main.o" "../src/main.c"
In file included from /Applications/Ac6/SystemWorkbench.app/Contents/Eclipse/plugins/fr.ac6.mcu.externaltools.arm-none.macos64_1.17.0.201812190825/tools/compiler/arm-none-eabi/include/string.h:20:0,
                 from ../src/main.c:18:
/Applications/Ac6/SystemWorkbench.app/Contents/Eclipse/plugins/fr.ac6.mcu.externaltools.arm-none.macos64_1.17.0.201812190825/tools/compiler/arm-none-eabi/include/xlocale.h: In function 'parse_sentence':
/Applications/Ac6/SystemWorkbench.app/Contents/Eclipse/plugins/fr.ac6.mcu.externaltools.arm-none.macos64_1.17.0.201812190825/tools/compiler/arm-none-eabi/include/xlocale.h:10:28: error: storage class specified for parameter 'locale_t'
 typedef struct __locale_t *locale_t;
                            ^~~~~~~~
In file included from /Applications/Ac6/SystemWorkbench.app/Contents/Eclipse/plugins/fr.ac6.mcu.externaltools.arm-none.macos64_1.17.0.201812190825/tools/compiler/arm-none-eabi/include/string.h:24:0,
                 from ../src/main.c:18:
/Applications/Ac6/SystemWorkbench.app/Contents/Eclipse/plugins/fr.ac6.mcu.externaltools.arm-none.macos64_1.17.0.201812190825/tools/compiler/arm-none-eabi/include/strings.h:71:48: error: expected declaration specifiers or '...' before 'locale_t'
 int  strcasecmp_l (const char *, const char *, locale_t);
                                                ^~~~~~~~
/Applications/Ac6/SystemWorkbench.app/Contents/Eclipse/plugins/fr.ac6.mcu.externaltools.arm-none.macos64_1.17.0.201812190825/tools/compiler/arm-none-eabi/include/strings.h:72:57: error: expected declaration specifiers or '...' before 'locale_t'
 int  strncasecmp_l (const char *, const char *, size_t, locale_t);
                                                         ^~~~~~~~
In file included from ../src/main.c:18:0:
/Applications/Ac6/SystemWorkbench.app/Contents/Eclipse/plugins/fr.ac6.mcu.externaltools.arm-none.macos64_1.17.0.201812190825/tools/compiler/arm-none-eabi/include/string.h:55:45: error: expected declaration specifiers or '...' before 'locale_t'
 int  strcoll_l (const char *, const char *, locale_t);
                                             ^~~~~~~~
/Applications/Ac6/SystemWorkbench.app/Contents/Eclipse/plugins/fr.ac6.mcu.externaltools.arm-none.macos64_1.17.0.201812190825/tools/compiler/arm-none-eabi/include/string.h:56:24: error: expected declaration specifiers or '...' before 'locale_t'
 char *strerror_l (int, locale_t);
                        ^~~~~~~~
/Applications/Ac6/SystemWorkbench.app/Contents/Eclipse/plugins/fr.ac6.mcu.externaltools.arm-none.macos64_1.17.0.201812190825/tools/compiler/arm-none-eabi/include/string.h:57:70: error: expected declaration specifiers or '...' before 'locale_t'
 size_t  strxfrm_l (char *__restrict, const char *__restrict, size_t, locale_t);
                                                                      ^~~~~~~~
../src/main.c:21:1: error: expected '=', ',', ';', 'asm' or '__attribute__' before '{' token
 {
 ^
In file included from ../src/main.c:17:0:
../src/nmea.h:47:16: error: old-style parameter declarations in prototyped function definition
 nmea_message * parse_sentence(nmea_message * message, char * buffer)
                ^~~~~~~~~~~~~~
../src/main.c:71:1: error: expected '{' at end of input
 }
 ^
../src/nmea.c: In function 'parse_sentence':
../src/nmea.c:9:49: error: expected '=', ',', ';', 'asm' or '__attribute__' before '{' token
 void parse_gll(gll_message * gll, char * buffer){
                                                 ^
../src/nmea.c:24:34: error: expected '=', ',', ';', 'asm' or '__attribute__' before '{' token
 void print_gll(gll_message * gll){
                                  ^
../src/nmea.c:29:49: error: expected '=', ',', ';', 'asm' or '__attribute__' before '{' token
 void parse_gsv(gsv_message * gsv, char * buffer){
                                                 ^
../src/nmea.c:39:34: error: expected '=', ',', ';', 'asm' or '__attribute__' before '{' token
 void print_gsv(gsv_message * gsv){
                                  ^
../src/nmea.c:44:49: error: expected '=', ',', ';', 'asm' or '__attribute__' before '{' token
 void parse_rmc(rmc_message * rmc, char * buffer){
                                                 ^
../src/nmea.c:67:51: error: expected '=', ',', ';', 'asm' or '__attribute__' before '{' token
 void copyUntil(char * dest, char * source, char c){
                                                   ^
../src/nmea.c:77:34: error: expected '=', ',', ';', 'asm' or '__attribute__' before '{' token
 void print_rmc(rmc_message * rmc){
                                  ^
../src/nmea.c:82:42: error: expected '=', ',', ';', 'asm' or '__attribute__' before '{' token
 nmea_type get_message_type(char * buffer){
                                          ^
../src/nmea.c:98:69: error: expected '=', ',', ';', 'asm' or '__attribute__' before '{' token
 nmea_message * parse_sentence(nmea_message * message, char * buffer){
                                                                     ^
../src/nmea.c:119:47: error: expected '=', ',', ';', 'asm' or '__attribute__' before '{' token
 void free_nmea_message(nmea_message * message){
                                               ^
../src/nmea.c:131:48: error: expected '=', ',', ';', 'asm' or '__attribute__' before '{' token
 void print_nmea_message(nmea_message * message){
                                                ^
In file included from ../src/nmea.c:7:0:
../src/nmea.h:47:16: error: old-style parameter declarations in prototyped function definition
 nmea_message * parse_sentence(nmea_message * message, char * buffer)
                ^~~~~~~~~~~~~~
../src/nmea.c:140:1: error: expected '{' at end of input
 }
 ^
../src/main.c:71:1: warning: control reaches end of non-void function [-Wreturn-type]
 }
 ^
../src/nmea.c:140:1: warning: control reaches end of non-void function [-Wreturn-type]
 }
 ^
make: *** [src/main.o] Error 1
make: *** Waiting for unfinished jobs....
make: *** [src/nmea.o] Error 1
14:27:50 **** Incremental Build of configuration Debug for project gps ****
make -j3 all 
Building file: ../src/main.c
Building file: ../src/nmea.c
Invoking: MCU GCC Compiler
Invoking: MCU GCC Compiler
/Users/chibuikemohanele/Google Drive/eceCode/ECE477/gps/Debug
arm-none-eabi-gcc -mcpu=cortex-m3 -mthumb -mfloat-abi=soft -DSTM32 -DSTM32L1 -DSTM32L152RCTx -DSTM32L152C_DISCO -DDEBUG -DSTM32L1XX_MDP -DUSE_STDPERIPH_DRIVER -I"/Users/chibuikemohanele/Google Drive/eceCode/ECE477/gps/Utilities" -I"/Users/chibuikemohanele/Google Drive/eceCode/ECE477/gps/StdPeriph_Driver/inc" -I"/Users/chibuikemohanele/Google Drive/eceCode/ECE477/gps/inc" -I"/Users/chibuikemohanele/Google Drive/eceCode/ECE477/gps/CMSIS/device" -I"/Users/chibuikemohanele/Google Drive/eceCode/ECE477/gps/CMSIS/core" -O0 -g3 -Wall -fmessage-length=0 -ffunction-sections -c -MMD -MP -MF"src/nmea.d" -MT"src/nmea.o" -o "src/nmea.o" "../src/nmea.c"
/Users/chibuikemohanele/Google Drive/eceCode/ECE477/gps/Debug
arm-none-eabi-gcc -mcpu=cortex-m3 -mthumb -mfloat-abi=soft -DSTM32 -DSTM32L1 -DSTM32L152RCTx -DSTM32L152C_DISCO -DDEBUG -DSTM32L1XX_MDP -DUSE_STDPERIPH_DRIVER -I"/Users/chibuikemohanele/Google Drive/eceCode/ECE477/gps/Utilities" -I"/Users/chibuikemohanele/Google Drive/eceCode/ECE477/gps/StdPeriph_Driver/inc" -I"/Users/chibuikemohanele/Google Drive/eceCode/ECE477/gps/inc" -I"/Users/chibuikemohanele/Google Drive/eceCode/ECE477/gps/CMSIS/device" -I"/Users/chibuikemohanele/Google Drive/eceCode/ECE477/gps/CMSIS/core" -O0 -g3 -Wall -fmessage-length=0 -ffunction-sections -c -MMD -MP -MF"src/main.d" -MT"src/main.o" -o "src/main.o" "../src/main.c"
Finished building: ../src/nmea.c
 
Finished building: ../src/main.c
 
Building target: gps.elf
Invoking: MCU GCC Linker
arm-none-eabi-gcc -mcpu=cortex-m3 -mthumb -mfloat-abi=soft -T"/Users/chibuikemohanele/Google Drive/eceCode/ECE477/gps/LinkerScript.ld" -Wl,-Map=output.map -Wl,--gc-sections -o "gps.elf" @"objects.list"   -lm
Finished building target: gps.elf
 
/Applications/Xcode.app/Contents/Developer/usr/bin/make --no-print-directory post-build
Generating binary and Printing size information:
arm-none-eabi-objcopy -O binary "gps.elf" "gps.bin"
arm-none-eabi-size "gps.elf"
   text	   data	    bss	    dec	    hex	filename
  12880	   2516	    384	  15780	   3da4	gps.elf
 
